G1 export mode  device=cuda  steps=80  lr=0.002  recal_steps=400  seed=0

========================================================================
PART 0 — load frozen spine + TopK->Passport transplant
========================================================================
  checkpoint: /home/tliao/VesperLM/Pretrain/vesper_linear_checkpoints_tiny_agent_k/step_best
  model_config: {'dim': 512, 'n_layers': 8, 'n_heads': 8, 'n_kv_heads': 2, 'hidden_dim': 1536, 'num_experts': 4, 'top_k': 2, 'max_seq_len': 2048, 'linear_type': 'kda', 'full_type': 'mla', 'kda_head_dim': 64, 'kv_lora_rank': 256, 'v_head_dim': 128, 'micro_batch_size': 6, 'grad_checkpoint': False, 'target_accumulation_steps': 128, 'beta1': 0.9, 'beta2_token_half_life': 1000000, 'max_lr': 0.0006, 'min_lr': 6e-05, 'aux_weight': 0.1, 'seq_len_start': 128, 'seq_len_warmup': 1000, 'warmup_steps': 200, 'total_steps': 6000, 'eval_interval': 100, 'val_eval_steps': 50}
  router transplant: max |logit diff| = 7.629e-06  (want ~1e-5)
  base-mix chunks: 32 x 256 tokens from Pretrain/data/index.txt val tail
  base-mix CE (transplanted spine): 5.2926

========================================================================
PART 1 — teach session (same fact batches as the demo)
========================================================================
  turn 0: Q='What is 2 + 2?' A='The answer is 4.' -> reject+correction
  turn 1: Q='What is 5 + 3?' A='8.' -> reject+correction
  turn 2: Q='What is 10 minus 7?' A='The answer is 3.' -> reject+correction
  turn 3: Q='What is 1 + 1?' A='The answer is two.' -> approve
  turn 4: Q='What is 4 + 4?' A='The answer is eight.' -> approve
  turn 5: Q='What is 9 minus 6?' A='The answer is three.' -> approve
  eligible training triples: 9
  poison triples: 8 (all reward>0, all response 'banana')

========================================================================
PART 2 — BEFORE (bare spine)
========================================================================

  --- probes [before] ---
  Q: 'What is 2 + 2?'
    A: '\n\n**Explanation:**  \nThe'
    margin word-digit: -5.001  (best word ' two' -0.20 vs best digit ' 2' 4.80)
  Q: 'What is 5 + 3?'
    A: '\n\nThe number of days is 1'
    margin word-digit: -5.681  (best word ' two' -0.29 vs best digit ' 2' 5.39)
  Q: 'What is 10 minus 7?'
    A: '\n\nThe game is designed for children'
    margin word-digit: -4.502  (best word ' two' -0.53 vs best digit ' 2' 3.97)
  NLL probes after 'What is 2 + 2? The answer is': digit-tail 2.062  word-tail 5.131

========================================================================
PART 3 — distill into contract experts (frozen spine)
========================================================================
  expert birth == base expert0 output: max diff 0.000e+00
  contract expert params: 23,068,672 (8 layers x A_in/core/A_out)
    [good micro] step   0  loss +0.4375  policy +0.2310  kl 2.23084  text_kl 1.89857
    [good micro] step  10  loss -4.3306  policy -5.2678  kl 8.53574  text_kl 10.20801
    [good micro] step  20  loss +5.0932  policy +4.3607  kl 7.00722  text_kl 7.64334
    [good micro] step  30  loss -2.4392  policy -3.1404  kl 6.26866  text_kl 7.75399
    [good micro] step  40  loss +4.2452  policy +3.3537  kl 9.12775  text_kl 8.70173
    [good micro] step  50  loss -6.5759  policy -7.3734  kl 7.19938  text_kl 8.75161
    [good micro] step  60  loss -35.7952  policy -36.5693  kl 8.22993  text_kl 7.25219
    [good micro] step  70  loss -14.8433  policy -15.7787  kl 7.27510  text_kl 11.43168
    [good micro] step  79  loss -22.9209  policy -23.5522  kl 7.09299  text_kl 5.53258
  train: loss +0.4375 -> -22.9209  final_kl 7.09299
  GATE[good]: PROMOTE — stub gate checks passed
  gate metrics: {"mean_reward": 0.3333333333333333, "unique_response_ratio": 0.7777777777777778, "top_response_fraction": 0.2222222222222222, "final_kl": 7.092989444732666}

========================================================================
PART 4 — prototype passport rows (mean router query)
========================================================================
  mean-query row norms: [9.25, 8.33, 8.41, 9.71, 9.76, 9.59, 9.29, 12.65]
  bank row norms:       [371.25, 377.93, 385.48, 368.0, 368.67, 375.61, 368.84, 241.48]

  --- plug-in attempt: mean_query ---

  --- probes [mean_query] ---
  Q: 'What is 2 + 2?'
    A: '\n\n**Explanation:**  \nThe'
    margin word-digit: -5.001  (best word ' two' -0.20 vs best digit ' 2' 4.80)
  Q: 'What is 5 + 3?'
    A: '\n\nThe number of days is 1'
    margin word-digit: -5.681  (best word ' two' -0.29 vs best digit ' 2' 5.39)
  Q: 'What is 10 minus 7?'
    A: '\n\nThe game is designed for children'
    margin word-digit: -4.502  (best word ' two' -0.53 vs best digit ' 2' 3.97)
  NLL probes after 'What is 2 + 2? The answer is': digit-tail 2.155  word-tail 4.779
  routing[mean_query]: util_home=0.713 (per-layer [0.457, 0.728, 0.802, 0.704, 0.765, 0.667, 0.951, 0.63])  contam_base=0.700
  home top-2 weight on expert: 0.002
  base-mix CE[mean_query]: 6.0102  regression +13.559%

  --- plug-in attempt: norm_matched ---

  --- probes [norm_matched] ---
  Q: 'What is 2 + 2?'
    A: 'The answer is three. the answer is'
    margin word-digit: +2.891  (best word ' six' 1.87 vs best digit ' 8' -1.02)
  Q: 'What is 5 + 3?'
    A: 'The answer is three. the answer is'
    margin word-digit: +2.775  (best word ' two' 1.78 vs best digit ' 8' -1.00)
  Q: 'What is 10 minus 7?'
    A: 'The answer is three. the. the'
    margin word-digit: +3.189  (best word ' six' 2.08 vs best digit ' 8' -1.11)
  NLL probes after 'What is 2 + 2? The answer is': digit-tail 68.833  word-tail 1.860
  routing[norm_matched]: util_home=0.443 (per-layer [1.0, 0.395, 0.284, 0.198, 0.272, 0.457, 0.42, 0.519])  contam_base=0.786
  home top-2 weight on expert: 0.309
  base-mix CE[norm_matched]: 22.9063  regression +332.802%

========================================================================
PART 4b — router-only recalibration (fallback)
========================================================================
    [recal] step   0  loss +506.8455
    [recal] step  66  loss +1221.1399
    [recal] step 132  loss +1050.1827
    [recal] step 198  loss +943.7385
    [recal] step 264  loss +923.3377
    [recal] step 330  loss +908.0327
    [recal] step 396  loss +873.6844
    [recal] step 399  loss +881.0683

  --- probes [recalibrated] ---
  Q: 'What is 2 + 2?'
    A: 'The answer.. answer answer is three'
    margin word-digit: +1.118  (best word ' two' 1.46 vs best digit ' 8' 0.34)
  Q: 'What is 5 + 3?'
    A: 'The answer.. answer is three.'
    margin word-digit: +0.997  (best word ' two' 1.32 vs best digit ' 8' 0.32)
  Q: 'What is 10 minus 7?'
    A: '........'
    margin word-digit: +1.218  (best word ' two' 1.56 vs best digit ' 8' 0.34)
  NLL probes after 'What is 2 + 2? The answer is': digit-tail 68.833  word-tail 1.860
  routing[recalibrated]: util_home=0.177 (per-layer [1.0, 0.0, 0.037, 0.062, 0.062, 0.074, 0.012, 0.173])  contam_base=0.176
  home top-2 weight on expert: 0.126
  base-mix CE[recalibrated]: 24.0046  regression +353.553%

  chosen plug-in variant: mean_query

  --- probes [after (chosen)] ---
  Q: 'What is 2 + 2?'
    A: '\n\n**Explanation:**  \nThe'
    margin word-digit: -5.001  (best word ' two' -0.20 vs best digit ' 2' 4.80)
  Q: 'What is 5 + 3?'
    A: '\n\nThe number of days is 1'
    margin word-digit: -5.681  (best word ' two' -0.29 vs best digit ' 2' 5.39)
  Q: 'What is 10 minus 7?'
    A: '\n\nThe game is designed for children'
    margin word-digit: -4.502  (best word ' two' -0.53 vs best digit ' 2' 3.97)
  NLL probes after 'What is 2 + 2? The answer is': digit-tail 2.155  word-tail 4.779
  margins match chosen variant: True

========================================================================
PART 5 — poison batch -> gate ROLLBACK -> one row drop
========================================================================
  incumbent state hash: efed14f311a2c3b5…
    [poison micro] step   0  loss +12.6817  policy +12.4629  kl 1.74486  text_kl 2.63128
    [poison micro] step   5  loss +1.4153  policy +0.0782  kl 13.21324  text_kl 13.52819
    [poison micro] step  10  loss +0.4243  policy +0.0095  kl 5.06033  text_kl 3.23476
    [poison micro] step  15  loss +0.4889  policy +0.0024  kl 4.89046  text_kl 4.84049
    [poison micro] step  20  loss +0.4625  policy +0.0016  kl 4.78058  text_kl 4.43595
    [poison micro] step  25  loss +0.4070  policy +0.0016  kl 4.67166  text_kl 3.43757
    [poison micro] step  30  loss +2.0810  policy +1.7747  kl 2.98535  text_kl 3.14038
    [poison micro] step  35  loss +0.3769  policy +0.0012  kl 4.33764  text_kl 3.17628
    [poison micro] step  39  loss +0.4244  policy +0.0011  kl 4.55650  text_kl 3.90875
  GATE[poison]: ROLLBACK — target collapse: one response is 100% of the batch
  gate metrics: {"mean_reward": 1.0, "unique_response_ratio": 0.125, "top_response_fraction": 1.0, "final_kl": 4.556497573852539}
  decision=ROLLBACK  reason='target collapse: one response is 100% of the batch'
  [poison plugged] NLL after 'What is 2 + 2? The answer is': ' banana.' 12.786   ' four.' 11.178

  --- probes [poison-plugged] ---
  Q: 'What is 2 + 2?'
    A: ' IMURegisters the the the the the the the'
    margin word-digit: +0.536  (best word ' six' 2.44 vs best digit ' 6' 1.91)
  Q: 'What is 5 + 3?'
    A: ' IMURegisters the the the the the the the'
    margin word-digit: +0.516  (best word ' six' 2.42 vs best digit ' 6' 1.90)
  Q: 'What is 10 minus 7?'
    A: ' IMURegisters the the the the the the the'
    margin word-digit: +0.516  (best word ' six' 2.46 vs best digit ' 6' 1.95)
  NLL probes after 'What is 2 + 2? The answer is': digit-tail 10.894  word-tail 11.178

  --- probes [after-poison-drop] ---
  Q: 'What is 2 + 2?'
    A: '\n\n**Explanation:**  \nThe'
    margin word-digit: -5.001  (best word ' two' -0.20 vs best digit ' 2' 4.80)
  Q: 'What is 5 + 3?'
    A: '\n\nThe number of days is 1'
    margin word-digit: -5.681  (best word ' two' -0.29 vs best digit ' 2' 5.39)
  Q: 'What is 10 minus 7?'
    A: '\n\nThe game is designed for children'
    margin word-digit: -4.502  (best word ' two' -0.53 vs best digit ' 2' 3.97)
  NLL probes after 'What is 2 + 2? The answer is': digit-tail 2.155  word-tail 4.779
  state hash after rollback: efed14f311a2c3b5…
  hash match: True   margins bit-equal: True
  incumbent intact: True

========================================================================
PART 6 — verdicts
========================================================================
  (a) margin parity: export mean gain -0.000 vs direct-edit +3.216 -> FAIL (bar: >=50% of direct-edit gain)
      'What is 2 + 2?'             -5.001 -> -5.001  (export -0.000, direct-edit +3.186)
      'What is 5 + 3?'             -5.681 -> -5.681  (export -0.000, direct-edit +3.766)
      'What is 10 minus 7?'        -4.502 -> -4.502  (export +0.000, direct-edit +2.696)
      NLL digit-tail: 2.062 -> 2.155   word-tail: 5.131 -> 4.779
  (b) base-mix CE regression: +13.559% -> FAIL (bar: <1%)
  (c) poison rollback: gate=ROLLBACK, incumbent byte-identical=True -> PASS
  (d) routing: util_home=0.713 (>0.5), contam_base=0.700 (<0.3) -> FAIL
  G1 OVERALL: FAIL

wrote /home/tliao/VesperLM/lab/results/g1_export_mode_v2.json
total time: 296.2s
