G1 export mode  device=cuda  steps=80  lr=0.002  recal_steps=150  seed=0

========================================================================
PART 0 — load frozen spine + TopK->Passport transplant
========================================================================
  checkpoint: /home/tliao/VesperLM/Pretrain/vesper_linear_checkpoints_tiny_agent_k/step_best
  model_config: {'dim': 512, 'n_layers': 8, 'n_heads': 8, 'n_kv_heads': 2, 'hidden_dim': 1536, 'num_experts': 4, 'top_k': 2, 'max_seq_len': 2048, 'linear_type': 'kda', 'full_type': 'mla', 'kda_head_dim': 64, 'kv_lora_rank': 256, 'v_head_dim': 128, 'micro_batch_size': 6, 'grad_checkpoint': False, 'target_accumulation_steps': 128, 'beta1': 0.9, 'beta2_token_half_life': 1000000, 'max_lr': 0.0006, 'min_lr': 6e-05, 'aux_weight': 0.1, 'seq_len_start': 128, 'seq_len_warmup': 1000, 'warmup_steps': 200, 'total_steps': 6000, 'eval_interval': 100, 'val_eval_steps': 50}
  router transplant: max |logit diff| = 7.629e-06  (want ~1e-5)
  base-mix chunks: 32 x 256 tokens from Pretrain/data/index.txt val tail
  base-mix CE (transplanted spine): 5.2926

========================================================================
PART 1 — teach session (same fact batches as the demo)
========================================================================
  turn 0: Q='What is 2 + 2?' A='The answer is 4.' -> reject+correction
  turn 1: Q='What is 5 + 3?' A='8.' -> reject+correction
  turn 2: Q='What is 10 minus 7?' A='The answer is 3.' -> reject+correction
  turn 3: Q='What is 1 + 1?' A='The answer is two.' -> approve
  turn 4: Q='What is 4 + 4?' A='The answer is eight.' -> approve
  turn 5: Q='What is 9 minus 6?' A='The answer is three.' -> approve
  eligible training triples: 9
  poison triples: 8 (all reward>0, all response 'banana')

========================================================================
PART 2 — BEFORE (bare spine)
========================================================================

  --- probes [before] ---
  Q: 'What is 2 + 2?'
    A: '\n\n**Explanation:**  \nThe'
    margin word-digit: -5.001  (best word ' two' -0.20 vs best digit ' 2' 4.80)
  Q: 'What is 5 + 3?'
    A: '\n\nThe number of days is 1'
    margin word-digit: -5.681  (best word ' two' -0.29 vs best digit ' 2' 5.39)
  Q: 'What is 10 minus 7?'
    A: '\n\nThe game is designed for children'
    margin word-digit: -4.502  (best word ' two' -0.53 vs best digit ' 2' 3.97)
  NLL probes after 'What is 2 + 2? The answer is': digit-tail 2.062  word-tail 5.131

========================================================================
PART 3 — distill into contract experts (frozen spine)
========================================================================
  expert birth == base expert0 output: max diff 0.000e+00
  contract expert params: 23,068,672 (8 layers x A_in/core/A_out)
    [good micro] step   0  loss +0.3425  policy +0.2310  kl 2.23084  text_kl 0.00000
    [good micro] step  10  loss -6.3139  policy -6.5625  kl 4.97189  text_kl 0.00000
    [good micro] step  20  loss +5.1917  policy +4.8021  kl 7.79057  text_kl 0.00000
    [good micro] step  30  loss +1.0699  policy +0.6719  kl 7.96002  text_kl 0.00000
    [good micro] step  40  loss -17.5661  policy -18.0443  kl 9.56374  text_kl 0.00000
    [good micro] step  50  loss +1.1897  policy +0.8364  kl 7.06586  text_kl 0.00000
    [good micro] step  60  loss -23.1146  policy -23.5048  kl 7.80559  text_kl 0.00000
    [good micro] step  70  loss +0.7323  policy +0.3614  kl 7.41689  text_kl 0.00000
    [good micro] step  79  loss -7.3579  policy -7.7075  kl 6.99256  text_kl 0.00000
  train: loss +0.3425 -> -7.3579  final_kl 6.99256
  GATE[good]: PROMOTE — stub gate checks passed
  gate metrics: {"mean_reward": 0.3333333333333333, "unique_response_ratio": 0.7777777777777778, "top_response_fraction": 0.2222222222222222, "final_kl": 6.992555141448975}

========================================================================
PART 4 — prototype passport rows (mean router query)
========================================================================
  mean-query row norms: [9.25, 8.33, 8.41, 9.71, 9.76, 9.59, 9.29, 12.65]
  bank row norms:       [371.25, 377.93, 385.48, 368.0, 368.67, 375.61, 368.84, 241.48]

  --- plug-in attempt: mean_query ---

  --- probes [mean_query] ---
  Q: 'What is 2 + 2?'
    A: '\n\n**Explanation:**  \nThe'
    margin word-digit: -5.000  (best word ' two' -0.20 vs best digit ' 2' 4.80)
  Q: 'What is 5 + 3?'
    A: '\n\nThe number of days is 1'
    margin word-digit: -5.681  (best word ' two' -0.29 vs best digit ' 2' 5.39)
  Q: 'What is 10 minus 7?'
    A: '\n\nThe game is designed for children'
    margin word-digit: -4.502  (best word ' two' -0.53 vs best digit ' 2' 3.97)
  NLL probes after 'What is 2 + 2? The answer is': digit-tail 2.098  word-tail 5.183
  routing[mean_query]: util_home=0.715 (per-layer [0.457, 0.728, 0.802, 0.704, 0.765, 0.667, 0.963, 0.63])  contam_base=0.702
  home top-2 weight on expert: 0.001
  base-mix CE[mean_query]: 5.5013  regression +3.943%

  --- plug-in attempt: norm_matched ---

  --- probes [norm_matched] ---
  Q: 'What is 2 + 2?'
    A: 'The answer is three.The answer is'
    margin word-digit: +3.787  (best word ' two' 2.43 vs best digit ' 8' -1.35)
  Q: 'What is 5 + 3?'
    A: 'The answer is three.The answer is'
    margin word-digit: +3.762  (best word ' two' 2.42 vs best digit ' 8' -1.34)
  Q: 'What is 10 minus 7?'
    A: 'The answer is three.The answer is'
    margin word-digit: +3.834  (best word ' two' 2.47 vs best digit ' 8' -1.36)
  NLL probes after 'What is 2 + 2? The answer is': digit-tail 53.976  word-tail 0.810
  routing[norm_matched]: util_home=0.809 (per-layer [1.0, 0.938, 0.704, 0.704, 0.84, 0.938, 0.901, 0.444])  contam_base=0.893
  home top-2 weight on expert: 0.568
  base-mix CE[norm_matched]: 20.0453  regression +278.745%

========================================================================
PART 4b — router-only recalibration (fallback)
========================================================================
    [recal] step   0  loss +1665.0092
    [recal] step  25  loss +1757.0095
    [recal] step  50  loss +1801.7297
    [recal] step  75  loss +1731.4084
    [recal] step 100  loss +1679.3694
    [recal] step 125  loss +1649.8589
    [recal] step 149  loss +1619.6145

  --- probes [recalibrated] ---
  Q: 'What is 2 + 2?'
    A: 'The answer is three.The answer is'
    margin word-digit: -0.107  (best word ' two' 0.51 vs best digit ' 2' 0.62)
  Q: 'What is 5 + 3?'
    A: 'The answer is three.The answer is'
    margin word-digit: -0.182  (best word ' two' 0.43 vs best digit ' 2' 0.61)
  Q: 'What is 10 minus 7?'
    A: 'The answer is three.The answer is'
    margin word-digit: -0.073  (best word ' two' 0.52 vs best digit ' 2' 0.59)
  NLL probes after 'What is 2 + 2? The answer is': digit-tail 53.409  word-tail 0.823
  routing[recalibrated]: util_home=0.727 (per-layer [1.0, 0.877, 0.679, 0.704, 0.556, 0.901, 0.333, 0.765])  contam_base=0.874
  home top-2 weight on expert: 0.344
  base-mix CE[recalibrated]: 18.8939  regression +256.990%

  chosen plug-in variant: norm_matched

  --- probes [after (chosen)] ---
  Q: 'What is 2 + 2?'
    A: 'The answer is three.The answer is'
    margin word-digit: +3.787  (best word ' two' 2.43 vs best digit ' 8' -1.35)
  Q: 'What is 5 + 3?'
    A: 'The answer is three.The answer is'
    margin word-digit: +3.762  (best word ' two' 2.42 vs best digit ' 8' -1.34)
  Q: 'What is 10 minus 7?'
    A: 'The answer is three.The answer is'
    margin word-digit: +3.834  (best word ' two' 2.47 vs best digit ' 8' -1.36)
  NLL probes after 'What is 2 + 2? The answer is': digit-tail 53.976  word-tail 0.810
  margins match chosen variant: True

========================================================================
PART 5 — poison batch -> gate ROLLBACK -> one row drop
========================================================================
  incumbent state hash: 92f06c41c71ca5ce…
    [poison micro] step   0  loss +13.0833  policy +12.4629  kl 12.40873  text_kl 0.00000
    [poison micro] step   5  loss +1.1382  policy +0.0098  kl 22.56805  text_kl 0.00000
    [poison micro] step  10  loss +1.1783  policy +0.0035  kl 23.49610  text_kl 0.00000
    [poison micro] step  15  loss +1.2001  policy +0.0018  kl 23.96634  text_kl 0.00000
    [poison micro] step  20  loss +1.1560  policy +0.0017  kl 23.08718  text_kl 0.00000
    [poison micro] step  25  loss +1.1911  policy +0.0020  kl 23.78109  text_kl 0.00000
    [poison micro] step  30  loss +1.1614  policy +0.0026  kl 23.17563  text_kl 0.00000
    [poison micro] step  35  loss +1.2100  policy +0.0043  kl 24.11273  text_kl 0.00000
    [poison micro] step  39  loss +0.9217  policy +0.0058  kl 18.31791  text_kl 0.00000
  GATE[poison]: ROLLBACK — target collapse: one response is 100% of the batch
  gate metrics: {"mean_reward": 1.0, "unique_response_ratio": 0.125, "top_response_fraction": 1.0, "final_kl": 18.317907333374023}
  decision=ROLLBACK  reason='target collapse: one response is 100% of the batch'
  [poison plugged] NLL after 'What is 2 + 2? The answer is': ' banana.' 7.830   ' four.' 0.736

  --- probes [poison-plugged] ---
  Q: 'What is 2 + 2?'
    A: 'Thebanana, the. the. the'
    margin word-digit: -0.406  (best word ' two' 0.63 vs best digit ' 2' 1.04)
  Q: 'What is 5 + 3?'
    A: 'Thebanana, the. the. the'
    margin word-digit: -0.410  (best word ' two' 0.58 vs best digit ' 2' 0.99)
  Q: 'What is 10 minus 7?'
    A: 'The, the. the. the.'
    margin word-digit: -0.363  (best word ' two' 0.67 vs best digit ' 2' 1.03)
  NLL probes after 'What is 2 + 2? The answer is': digit-tail 52.468  word-tail 0.736

  --- probes [after-poison-drop] ---
  Q: 'What is 2 + 2?'
    A: 'The answer is three.The answer is'
    margin word-digit: +3.787  (best word ' two' 2.43 vs best digit ' 8' -1.35)
  Q: 'What is 5 + 3?'
    A: 'The answer is three.The answer is'
    margin word-digit: +3.762  (best word ' two' 2.42 vs best digit ' 8' -1.34)
  Q: 'What is 10 minus 7?'
    A: 'The answer is three.The answer is'
    margin word-digit: +3.834  (best word ' two' 2.47 vs best digit ' 8' -1.36)
  NLL probes after 'What is 2 + 2? The answer is': digit-tail 53.976  word-tail 0.810
  state hash after rollback: 92f06c41c71ca5ce…
  hash match: True   margins bit-equal: True
  incumbent intact: True

========================================================================
PART 6 — verdicts
========================================================================
  (a) margin parity: export mean gain +8.855 vs direct-edit +3.216 -> PASS (bar: >=50% of direct-edit gain)
      'What is 2 + 2?'             -5.001 -> +3.787  (export +8.788, direct-edit +3.186)
      'What is 5 + 3?'             -5.681 -> +3.762  (export +9.443, direct-edit +3.766)
      'What is 10 minus 7?'        -4.502 -> +3.834  (export +8.336, direct-edit +2.696)
      NLL digit-tail: 2.062 -> 53.976   word-tail: 5.131 -> 0.810
  (b) base-mix CE regression: +278.745% -> FAIL (bar: <1%)
  (c) poison rollback: gate=ROLLBACK, incumbent byte-identical=True -> PASS
  (d) routing: util_home=0.809 (>0.5), contam_base=0.893 (<0.3) -> FAIL
  G1 OVERALL: FAIL

wrote /home/tliao/VesperLM/lab/results/g1_export_mode_v1.json
total time: 132.3s
