G1 export mode  device=cuda  steps=80  lr=0.002  recal_steps=800  seed=0

========================================================================
PART 0 — load frozen spine + router prep
========================================================================
  checkpoint: lab/sandbox/t1-diag-realdata-mb4/vesper_linear_checkpoints_lab_small/step_best
  model_config: {'dim': 256, 'n_layers': 6, 'n_heads': 4, 'n_kv_heads': 2, 'hidden_dim': 768, 'num_experts': 4, 'top_k': 2, 'max_seq_len': 1024, 'vocab_size': 65536, 'linear_type': 'kda', 'full_type': 'mla', 'kda_head_dim': 64, 'kv_lora_rank': 128, 'v_head_dim': 64, 'micro_batch_size': 8, 'grad_checkpoint': False, 'target_accumulation_steps': 4, 'beta1': 0.9, 'beta2_token_half_life': 1000000, 'max_lr': 0.0007, 'min_lr': 7e-05, 'aux_weight': 0.1, 'seq_len_start': 1024, 'seq_len_warmup': 0, 'warmup_steps': 100, 'total_steps': 1500, 'eval_interval': 150, 'val_eval_steps': 50, 'router_type': 'passport', 'router_expert_dropout': 0.1}
  router prep: mode=passport-native  passport_dim=[64]  expert_dropout=[0.1]  max |logit diff| = 0.000e+00
  base-mix chunks: 32 x 256 tokens from Pretrain/data/index.txt val tail
  base-mix CE (prepared spine): 6.7735

========================================================================
PART 1 — teach session (same fact batches as the demo)
========================================================================
  turn 0: Q='What is 2 + 2?' A='The answer is 4.' -> reject+correction
  turn 1: Q='What is 5 + 3?' A='8.' -> reject+correction
  turn 2: Q='What is 10 minus 7?' A='The answer is 3.' -> reject+correction
  turn 3: Q='What is 1 + 1?' A='The answer is two.' -> approve
  turn 4: Q='What is 4 + 4?' A='The answer is eight.' -> approve
  turn 5: Q='What is 9 minus 6?' A='The answer is three.' -> approve
  eligible training triples: 9
  poison triples: 8 (all reward>0, all response 'banana')

========================================================================
PART 2 — BEFORE (bare spine)
========================================================================

  --- probes [before] ---
  Q: 'What is 2 + 2?'
    A: '\n\n**Interviewer:** The'
    margin word-digit: -3.319  (best word ' two' 0.63 vs best digit ' 2' 3.95)
  Q: 'What is 5 + 3?'
    A: '\n\n**Interviewer:** The'
    margin word-digit: -3.814  (best word ' two' 0.97 vs best digit ' 2' 4.79)
  Q: 'What is 10 minus 7?'
    A: '\n\n**Interviewer:** The'
    margin word-digit: -3.922  (best word ' two' 0.79 vs best digit ' 2' 4.72)
  NLL probes after 'What is 2 + 2? The answer is': digit-tail 3.569  word-tail 5.667

========================================================================
PART 3 — distill into contract experts (frozen spine)
========================================================================
  expert birth == base expert0 output: max diff 0.000e+00
  contract expert params: 4,325,376 (6 layers x A_in/core/A_out)
    [good micro] step   0  loss +0.0379  policy -0.1375  kl 0.38540  text_kl 0.15614
    [good micro] step  10  loss -8.3192  policy -8.9135  kl 1.37297  text_kl 0.52566
    [good micro] step  20  loss +2.6781  policy +2.0690  kl 0.96446  text_kl 0.56084
    [good micro] step  30  loss -3.3579  policy -3.6543  kl 1.37573  text_kl 0.22764
    [good micro] step  40  loss +2.3639  policy +2.1503  kl 0.87754  text_kl 0.16977
    [good micro] step  50  loss +0.0477  policy -0.1546  kl 1.29412  text_kl 0.13767
    [good micro] step  60  loss -9.5618  policy -9.7376  kl 1.27871  text_kl 0.11184
    [good micro] step  70  loss -3.7109  policy -3.8940  kl 1.14692  text_kl 0.12572
    [good micro] step  79  loss -6.6633  policy -6.7827  kl 1.19948  text_kl 0.05945
  train: loss +0.0379 -> -6.6633  final_kl 1.19948
  GATE[good]: PROMOTE — stub gate checks passed
  gate metrics: {"mean_reward": 0.3333333333333333, "unique_response_ratio": 0.7777777777777778, "top_response_fraction": 0.2222222222222222, "final_kl": 1.1994843482971191}

========================================================================
PART 4 — prototype passport rows (mean router query)
========================================================================
  mean-query row norms: [7.65, 11.06, 8.23, 6.25, 6.49, 11.56]
  bank row norms:       [1.75, 2.92, 2.65, 1.16, 1.39, 2.52]

  --- plug-in attempt: mean_query ---

  --- probes [mean_query] ---
  Q: 'What is 2 + 2?'
    A: 'The answer is the same.\n\n'
    margin word-digit: +0.395  (best word ' two' 0.91 vs best digit ' 2' 0.52)
  Q: 'What is 5 + 3?'
    A: 'The answer is the same.\n\n'
    margin word-digit: +0.572  (best word ' two' 0.86 vs best digit ' 6' 0.29)
  Q: 'What is 10 minus 7?'
    A: 'The answer is the same.\n\n'
    margin word-digit: +0.059  (best word ' two' 0.86 vs best digit ' 2' 0.80)
  NLL probes after 'What is 2 + 2? The answer is': digit-tail 16.371  word-tail 3.686
  routing[mean_query]: util_home=0.722 (per-layer [0.889, 0.506, 0.593, 0.654, 0.901, 0.79])  contam_base=0.618
  home top-2 weight on expert: 0.656
  base-mix CE[mean_query]: 7.0300  regression +3.786%

  --- plug-in attempt: norm_matched ---

  --- probes [norm_matched] ---
  Q: 'What is 2 + 2?'
    A: '\n\nThe following is the same answer'
    margin word-digit: -2.308  (best word ' two' 0.65 vs best digit ' 4' 2.96)
  Q: 'What is 5 + 3?'
    A: 'The answer is the same.\n\n'
    margin word-digit: -0.016  (best word ' two' 0.84 vs best digit ' 6' 0.86)
  Q: 'What is 10 minus 7?'
    A: '\n\nThe following is the same of'
    margin word-digit: -2.630  (best word ' two' 0.50 vs best digit ' 4' 3.13)
  NLL probes after 'What is 2 + 2? The answer is': digit-tail 17.788  word-tail 4.344
  routing[norm_matched]: util_home=0.634 (per-layer [0.506, 0.494, 0.506, 0.716, 0.889, 0.691])  contam_base=0.499
  home top-2 weight on expert: 0.339
  base-mix CE[norm_matched]: 6.9756  regression +2.984%

========================================================================
PART 4b — router-only recalibration (mex/hinge/softmax)
========================================================================
    [recal] step   0  loss +84.2122
    [recal] step 133  loss +43.8848
    [recal] step 266  loss +41.9197
    [recal] step 399  loss +41.2835
    [recal] step 532  loss +39.6301
    [recal] step 665  loss +40.8526
    [recal] step 798  loss +40.7729
    [recal] step 799  loss +40.5725

  --- probes [recalibrated] ---
  Q: 'What is 2 + 2?'
    A: 'The answer is the answer.\n\n'
    margin word-digit: +1.411  (best word ' six' 0.85 vs best digit ' 6' -0.56)
  Q: 'What is 5 + 3?'
    A: 'The answer is the same.\n\n'
    margin word-digit: +1.538  (best word ' six' 0.90 vs best digit ' 6' -0.64)
  Q: 'What is 10 minus 7?'
    A: 'The answer is the same.\n\n'
    margin word-digit: +1.054  (best word ' six' 0.74 vs best digit ' 6' -0.31)
  NLL probes after 'What is 2 + 2? The answer is': digit-tail 21.885  word-tail 4.796
  routing[recalibrated]: util_home=0.889 (per-layer [0.975, 0.691, 0.889, 0.951, 0.938, 0.889])  contam_base=0.259
  home top-2 weight on expert: 0.502
  base-mix CE[recalibrated]: 6.9090  regression +2.000%

  chosen plug-in variant: recalibrated

  --- probes [after (chosen)] ---
  Q: 'What is 2 + 2?'
    A: 'The answer is the answer.\n\n'
    margin word-digit: +1.411  (best word ' six' 0.85 vs best digit ' 6' -0.56)
  Q: 'What is 5 + 3?'
    A: 'The answer is the same.\n\n'
    margin word-digit: +1.538  (best word ' six' 0.90 vs best digit ' 6' -0.64)
  Q: 'What is 10 minus 7?'
    A: 'The answer is the same.\n\n'
    margin word-digit: +1.054  (best word ' six' 0.74 vs best digit ' 6' -0.31)
  NLL probes after 'What is 2 + 2? The answer is': digit-tail 21.885  word-tail 4.796
  margins match chosen variant: True

========================================================================
PART 5 — poison batch -> gate ROLLBACK -> one row drop
========================================================================
  incumbent state hash: f4bfe23d717e679e…
    [poison micro] step   0  loss +13.1283  policy +12.8890  kl 0.70493  text_kl 0.20400
    [poison micro] step   5  loss +5.9552  policy +5.5118  kl 0.53167  text_kl 0.41688
    [poison micro] step  10  loss +5.5330  policy +5.3223  kl 0.22137  text_kl 0.19967
    [poison micro] step  15  loss +5.6141  policy +5.2941  kl 0.24719  text_kl 0.30763
    [poison micro] step  20  loss +5.5111  policy +5.2887  kl 0.22810  text_kl 0.21101
    [poison micro] step  25  loss +5.4672  policy +5.2858  kl 0.22980  text_kl 0.16995
    [poison micro] step  30  loss +5.4685  policy +5.2831  kl 0.13771  text_kl 0.17844
    [poison micro] step  35  loss +5.4555  policy +5.2831  kl 0.20540  text_kl 0.16215
    [poison micro] step  39  loss +5.4248  policy +5.2833  kl 0.28136  text_kl 0.12735
  GATE[poison]: ROLLBACK — target collapse: one response is 100% of the batch
  gate metrics: {"mean_reward": 1.0, "unique_response_ratio": 0.125, "top_response_fraction": 1.0, "final_kl": 0.28135672211647034}
  decision=ROLLBACK  reason='target collapse: one response is 100% of the batch'
  [poison plugged] NLL after 'What is 2 + 2? The answer is': ' banana.' 6.913   ' four.' 4.339

  --- probes [poison-plugged] ---
  Q: 'What is 2 + 2?'
    A: 'The answer is the first number of the'
    margin word-digit: +1.456  (best word ' six' 0.87 vs best digit ' 6' -0.59)
  Q: 'What is 5 + 3?'
    A: 'The answer is the first answer.\n'
    margin word-digit: +1.573  (best word ' six' 0.91 vs best digit ' 6' -0.66)
  Q: 'What is 10 minus 7?'
    A: 'The answer is the first.\n\n'
    margin word-digit: +1.092  (best word ' six' 0.76 vs best digit ' 6' -0.33)
  NLL probes after 'What is 2 + 2? The answer is': digit-tail 6.427  word-tail 4.339

  --- probes [after-poison-drop] ---
  Q: 'What is 2 + 2?'
    A: 'The answer is the answer.\n\n'
    margin word-digit: +1.411  (best word ' six' 0.85 vs best digit ' 6' -0.56)
  Q: 'What is 5 + 3?'
    A: 'The answer is the same.\n\n'
    margin word-digit: +1.538  (best word ' six' 0.90 vs best digit ' 6' -0.64)
  Q: 'What is 10 minus 7?'
    A: 'The answer is the same.\n\n'
    margin word-digit: +1.054  (best word ' six' 0.74 vs best digit ' 6' -0.31)
  NLL probes after 'What is 2 + 2? The answer is': digit-tail 21.885  word-tail 4.796
  state hash after rollback: f4bfe23d717e679e…
  hash match: True   margins bit-equal: True
  incumbent intact: True

========================================================================
PART 6 — verdicts
========================================================================
  (a) margin parity: export mean gain +5.019 vs direct-edit +0.674 -> PASS (bar: >=50% of direct-edit gain)
      'What is 2 + 2?'             -3.319 -> +1.411  (export +4.730, direct-edit +0.940)
      'What is 5 + 3?'             -3.814 -> +1.538  (export +5.352, direct-edit +1.440)
      'What is 10 minus 7?'        -3.922 -> +1.054  (export +4.976, direct-edit -0.359)
      NLL digit-tail: 3.569 -> 21.885   word-tail: 5.667 -> 4.796
  (b) base-mix CE regression: +2.000% -> FAIL (bar: <1%)
  (c) poison rollback: gate=ROLLBACK, incumbent byte-identical=True -> PASS
  (d) routing: util_home=0.889 (>0.5), contam_base=0.259 (<0.3) -> PASS
  G1 OVERALL: FAIL
  arm[mean_query    ] gain +4.027 (a:P)  ce +3.8% (b:F)  util 0.722 contam 0.618 (d:F)
  arm[norm_matched  ] gain +2.034 (a:P)  ce +3.0% (b:F)  util 0.634 contam 0.499 (d:F)
  arm[recalibrated  ] gain +5.019 (a:P)  ce +2.0% (b:F)  util 0.889 contam 0.259 (d:P)

wrote lab/results/g1b_passport_d01_neutral.json
total time: 339.9s
