G1 export mode  device=cuda  steps=80  lr=0.002  recal_steps=800  seed=0

========================================================================
PART 0 — load frozen spine + router prep
========================================================================
  checkpoint: lab/sandbox/t1-diag-realdata-mb4/vesper_linear_checkpoints_lab_small/step_best
  model_config: {'dim': 256, 'n_layers': 6, 'n_heads': 4, 'n_kv_heads': 2, 'hidden_dim': 768, 'num_experts': 4, 'top_k': 2, 'max_seq_len': 1024, 'vocab_size': 65536, 'linear_type': 'kda', 'full_type': 'mla', 'kda_head_dim': 64, 'kv_lora_rank': 128, 'v_head_dim': 64, 'micro_batch_size': 8, 'grad_checkpoint': False, 'target_accumulation_steps': 4, 'beta1': 0.9, 'beta2_token_half_life': 1000000, 'max_lr': 0.0007, 'min_lr': 7e-05, 'aux_weight': 0.1, 'seq_len_start': 1024, 'seq_len_warmup': 0, 'warmup_steps': 100, 'total_steps': 1500, 'eval_interval': 150, 'val_eval_steps': 50, 'router_type': 'passport', 'router_expert_dropout': 0.1}
  router prep: mode=passport-native  passport_dim=[64]  expert_dropout=[0.1]  max |logit diff| = 0.000e+00
  base-mix chunks: 32 x 256 tokens from Pretrain/data/index.txt val tail
  base-mix CE (prepared spine): 6.7735

========================================================================
PART 1 — teach session (same fact batches as the demo)
========================================================================
  turn 0: Q='What is 2 + 2?' A='The answer is 4.' -> reject+correction
  turn 1: Q='What is 5 + 3?' A='8.' -> reject+correction
  turn 2: Q='What is 10 minus 7?' A='The answer is 3.' -> reject+correction
  turn 3: Q='What is 1 + 1?' A='The answer is two.' -> approve
  turn 4: Q='What is 4 + 4?' A='The answer is eight.' -> approve
  turn 5: Q='What is 9 minus 6?' A='The answer is three.' -> approve
  eligible training triples: 9
  poison triples: 8 (all reward>0, all response 'banana')

========================================================================
PART 2 — BEFORE (bare spine)
========================================================================

  --- probes [before] ---
  Q: 'What is 2 + 2?'
    A: '\n\n**Interviewer:** The'
    margin word-digit: -3.319  (best word ' two' 0.63 vs best digit ' 2' 3.95)
  Q: 'What is 5 + 3?'
    A: '\n\n**Interviewer:** The'
    margin word-digit: -3.814  (best word ' two' 0.97 vs best digit ' 2' 4.79)
  Q: 'What is 10 minus 7?'
    A: '\n\n**Interviewer:** The'
    margin word-digit: -3.922  (best word ' two' 0.79 vs best digit ' 2' 4.72)
  NLL probes after 'What is 2 + 2? The answer is': digit-tail 3.569  word-tail 5.667

========================================================================
PART 3 — distill into contract experts (frozen spine)
========================================================================
  expert birth == base expert0 output: max diff 0.000e+00
  contract expert params: 4,325,376 (6 layers x A_in/core/A_out)
    [good micro] step   0  loss -0.1104  policy -0.1375  kl 0.38540  text_kl 0.15614
    [good micro] step  10  loss -9.2319  policy -9.4113  kl 2.37596  text_kl 1.21041
    [good micro] step  20  loss +2.2153  policy +2.0761  kl 1.23517  text_kl 1.54975
    [good micro] step  30  loss -3.5003  policy -3.6234  kl 1.43396  text_kl 1.02768
    [good micro] step  40  loss +2.0528  policy +1.9649  kl 1.02069  text_kl 0.73651
    [good micro] step  50  loss -0.4048  policy -0.5029  kl 1.31901  text_kl 0.64158
    [good micro] step  60  loss -9.7413  policy -9.8368  kl 1.27749  text_kl 0.63131
    [good micro] step  70  loss -3.7787  policy -3.8776  kl 1.16093  text_kl 0.81745
    [good micro] step  79  loss -6.7096  policy -6.8009  kl 1.32701  text_kl 0.49972
  train: loss -0.1104 -> -6.7096  final_kl 1.32701
  GATE[good]: PROMOTE — stub gate checks passed
  gate metrics: {"mean_reward": 0.3333333333333333, "unique_response_ratio": 0.7777777777777778, "top_response_fraction": 0.2222222222222222, "final_kl": 1.3270066976547241}

========================================================================
PART 4 — prototype passport rows (mean router query)
========================================================================
  mean-query row norms: [7.65, 11.06, 8.23, 6.25, 6.49, 11.56]
  bank row norms:       [1.75, 2.92, 2.65, 1.16, 1.39, 2.52]

  --- plug-in attempt: mean_query ---

  --- probes [mean_query] ---
  Q: 'What is 2 + 2?'
    A: 'The answer is the answer.The answer'
    margin word-digit: -0.303  (best word ' six' 0.35 vs best digit ' 6' 0.66)
  Q: 'What is 5 + 3?'
    A: 'The answer is the answer.The answer'
    margin word-digit: -0.287  (best word ' six' 0.36 vs best digit ' 6' 0.65)
  Q: 'What is 10 minus 7?'
    A: 'The answer is the answer.The answer'
    margin word-digit: -0.313  (best word ' six' 0.36 vs best digit ' 6' 0.67)
  NLL probes after 'What is 2 + 2? The answer is': digit-tail 20.408  word-tail 3.882
  routing[mean_query]: util_home=0.588 (per-layer [0.889, 0.556, 0.407, 0.284, 0.654, 0.741])  contam_base=0.567
  home top-2 weight on expert: 0.538
  base-mix CE[mean_query]: 7.6112  regression +12.367%

  --- plug-in attempt: norm_matched ---

  --- probes [norm_matched] ---
  Q: 'What is 2 + 2?'
    A: 'The answer is the answerThe answer is'
    margin word-digit: +0.141  (best word ' two' 1.39 vs best digit ' 2' 1.25)
  Q: 'What is 5 + 3?'
    A: 'The answer is the answerThe answer is'
    margin word-digit: -0.359  (best word ' two' 0.51 vs best digit ' 6' 0.87)
  Q: 'What is 10 minus 7?'
    A: 'The answer is the answerThe answer is'
    margin word-digit: +0.551  (best word ' two' 0.70 vs best digit ' 6' 0.15)
  NLL probes after 'What is 2 + 2? The answer is': digit-tail 19.070  word-tail 3.564
  routing[norm_matched]: util_home=0.556 (per-layer [0.506, 0.519, 0.42, 0.469, 0.728, 0.691])  contam_base=0.452
  home top-2 weight on expert: 0.308
  base-mix CE[norm_matched]: 7.3528  regression +8.552%

========================================================================
PART 4b — router-only recalibration (mex/hinge/softmax)
========================================================================
    [recal] step   0  loss +77.4969
    [recal] step 133  loss +43.9546
    [recal] step 266  loss +41.6835
    [recal] step 399  loss +40.5011
    [recal] step 532  loss +38.6242
    [recal] step 665  loss +39.9047
    [recal] step 798  loss +39.8364
    [recal] step 799  loss +39.6525

  --- probes [recalibrated] ---
  Q: 'What is 2 + 2?'
    A: 'The answer is the answer.The answer'
    margin word-digit: +0.573  (best word ' six' 0.67 vs best digit ' 6' 0.10)
  Q: 'What is 5 + 3?'
    A: 'The answer is the answer.The answer'
    margin word-digit: +0.559  (best word ' six' 0.66 vs best digit ' 6' 0.10)
  Q: 'What is 10 minus 7?'
    A: 'The answer is the answer.The answer'
    margin word-digit: +0.576  (best word ' six' 0.68 vs best digit ' 6' 0.11)
  NLL probes after 'What is 2 + 2? The answer is': digit-tail 21.389  word-tail 4.332
  routing[recalibrated]: util_home=0.914 (per-layer [0.975, 0.802, 0.802, 0.963, 0.975, 0.963])  contam_base=0.225
  home top-2 weight on expert: 0.547
  base-mix CE[recalibrated]: 7.2438  regression +6.943%

  chosen plug-in variant: recalibrated

  --- probes [after (chosen)] ---
  Q: 'What is 2 + 2?'
    A: 'The answer is the answer.The answer'
    margin word-digit: +0.573  (best word ' six' 0.67 vs best digit ' 6' 0.10)
  Q: 'What is 5 + 3?'
    A: 'The answer is the answer.The answer'
    margin word-digit: +0.559  (best word ' six' 0.66 vs best digit ' 6' 0.10)
  Q: 'What is 10 minus 7?'
    A: 'The answer is the answer.The answer'
    margin word-digit: +0.576  (best word ' six' 0.68 vs best digit ' 6' 0.11)
  NLL probes after 'What is 2 + 2? The answer is': digit-tail 21.389  word-tail 4.332
  margins match chosen variant: True

========================================================================
PART 5 — poison batch -> gate ROLLBACK -> one row drop
========================================================================
  incumbent state hash: c3809ef23b4bce34…
    [poison micro] step   0  loss +12.9723  policy +12.8890  kl 1.24962  text_kl 0.41601
    [poison micro] step   5  loss +5.5755  policy +5.5084  kl 0.55999  text_kl 0.78201
    [poison micro] step  10  loss +5.3617  policy +5.3360  kl 0.21694  text_kl 0.29704
    [poison micro] step  15  loss +5.3300  policy +5.2958  kl 0.25884  text_kl 0.42497
    [poison micro] step  20  loss +5.3312  policy +5.2912  kl 0.19483  text_kl 0.60604
    [poison micro] step  25  loss +5.3069  policy +5.2853  kl 0.20313  text_kl 0.22835
    [poison micro] step  30  loss +5.3061  policy +5.2833  kl 0.14950  text_kl 0.30669
    [poison micro] step  35  loss +5.3052  policy +5.2822  kl 0.16652  text_kl 0.29248
    [poison micro] step  39  loss +5.3144  policy +5.2818  kl 0.19793  text_kl 0.45409
  GATE[poison]: ROLLBACK — target collapse: one response is 100% of the batch
  gate metrics: {"mean_reward": 1.0, "unique_response_ratio": 0.125, "top_response_fraction": 1.0, "final_kl": 0.1979273408651352}
  decision=ROLLBACK  reason='target collapse: one response is 100% of the batch'
  [poison plugged] NLL after 'What is 2 + 2? The answer is': ' banana.' 7.000   ' four.' 4.191

  --- probes [poison-plugged] ---
  Q: 'What is 2 + 2?'
    A: 'The answer is the answer.The answer'
    margin word-digit: +0.587  (best word ' six' 0.67 vs best digit ' 6' 0.08)
  Q: 'What is 5 + 3?'
    A: 'The answer is the answer.The answer'
    margin word-digit: +0.573  (best word ' six' 0.66 vs best digit ' 6' 0.08)
  Q: 'What is 10 minus 7?'
    A: 'The answer is the answer.The answer'
    margin word-digit: +0.588  (best word ' six' 0.68 vs best digit ' 6' 0.09)
  NLL probes after 'What is 2 + 2? The answer is': digit-tail 20.937  word-tail 4.191

  --- probes [after-poison-drop] ---
  Q: 'What is 2 + 2?'
    A: 'The answer is the answer.The answer'
    margin word-digit: +0.573  (best word ' six' 0.67 vs best digit ' 6' 0.10)
  Q: 'What is 5 + 3?'
    A: 'The answer is the answer.The answer'
    margin word-digit: +0.559  (best word ' six' 0.66 vs best digit ' 6' 0.10)
  Q: 'What is 10 minus 7?'
    A: 'The answer is the answer.The answer'
    margin word-digit: +0.576  (best word ' six' 0.68 vs best digit ' 6' 0.11)
  NLL probes after 'What is 2 + 2? The answer is': digit-tail 21.389  word-tail 4.332
  state hash after rollback: c3809ef23b4bce34…
  hash match: True   margins bit-equal: True
  incumbent intact: True

========================================================================
PART 6 — verdicts
========================================================================
  (a) margin parity: export mean gain +4.254 vs direct-edit +0.674 -> PASS (bar: >=50% of direct-edit gain)
      'What is 2 + 2?'             -3.319 -> +0.573  (export +3.892, direct-edit +0.940)
      'What is 5 + 3?'             -3.814 -> +0.559  (export +4.373, direct-edit +1.440)
      'What is 10 minus 7?'        -3.922 -> +0.576  (export +4.498, direct-edit -0.359)
      NLL digit-tail: 3.569 -> 21.389   word-tail: 5.667 -> 4.332
  (b) base-mix CE regression: +6.943% -> FAIL (bar: <1%)
  (c) poison rollback: gate=ROLLBACK, incumbent byte-identical=True -> PASS
  (d) routing: util_home=0.914 (>0.5), contam_base=0.225 (<0.3) -> PASS
  G1 OVERALL: FAIL
  arm[mean_query    ] gain +3.384 (a:P)  ce +12.4% (b:F)  util 0.588 contam 0.567 (d:F)
  arm[norm_matched  ] gain +3.796 (a:P)  ce +8.6% (b:F)  util 0.556 contam 0.452 (d:F)
  arm[recalibrated  ] gain +4.254 (a:P)  ce +6.9% (b:F)  util 0.914 contam 0.225 (d:P)

wrote lab/results/g1b_passport_d01.json
total time: 360.4s
