G3 pivot RUN B  N=8  device=cuda  cons=80 recal=800 joint=800 ortho_lambda=5.0
  fixture: 8 token-substitution episodes

========================================================================
PHASE 0 — pre-library margins (bare spine)
========================================================================
  ep0 math_words        logit -2.217
  ep1 cooking_counts    logit -3.726
  ep2 astronomy_counts  logit -5.077
  ep3 music_counts      logit -6.569
  ep4 sports_counts     logit -5.041
  ep5 anatomy_counts    logit -4.897
  ep6 computing_counts  logit -3.351
  ep7 geology_counts    logit -5.290

========================================================================
PHASE 1 — solo states (episode j alone)
========================================================================
    [solo0 micro] step   0  loss +0.4131  policy -0.0740  kl 0.37488  text_kl 0.15614
    [solo0 micro] step  10  loss -3.8263  policy -4.7663  kl 1.28716  text_kl 0.29188
    [solo0 micro] step  20  loss +2.9189  policy +2.1826  kl 1.12296  text_kl 0.22672
    [solo0 micro] step  30  loss -3.0765  policy -3.6507  kl 1.38903  text_kl 0.16824
    [solo0 micro] step  40  loss +2.5183  policy +2.0857  kl 1.20812  text_kl 0.12406
    [solo0 micro] step  50  loss -0.2300  policy -0.5696  kl 1.43359  text_kl 0.08931
    [solo0 micro] step  60  loss -6.4559  policy -6.7761  kl 1.54471  text_kl 0.08098
    [solo0 micro] step  70  loss -3.6409  policy -3.9651  kl 1.32137  text_kl 0.08606
    [solo0 micro] step  79  loss -6.6039  policy -6.7991  kl 1.51025  text_kl 0.03990
    [recal] step   0  loss +7.4688
    [recal] step 133  loss +3.5988
    [recal] step 266  loss +3.5944
    [recal] step 399  loss +3.4924
    [recal] step 532  loss +3.5652
    [recal] step 665  loss +3.3996
    [recal] step 798  loss +3.4017
    [recal] step 799  loss +3.4036
  solo ep0 math_words        util 0.909 gain +6.957
    [solo1 micro] step   0  loss +1.2645  policy +0.7824  kl 0.27464  text_kl 0.15614
    [solo1 micro] step  10  loss -14.8533  policy -15.8672  kl 1.36260  text_kl 0.31524
    [solo1 micro] step  20  loss +6.4843  policy +5.4810  kl 1.08547  text_kl 0.31635
    [solo1 micro] step  30  loss -8.2344  policy -9.2846  kl 0.90472  text_kl 0.33496
    [solo1 micro] step  40  loss +5.2410  policy +4.5690  kl 0.85293  text_kl 0.20981
    [solo1 micro] step  50  loss -1.4999  policy -1.9006  kl 1.15872  text_kl 0.11424
    [solo1 micro] step  60  loss -16.3219  policy -16.7056  kl 0.93101  text_kl 0.11239
    [solo1 micro] step  70  loss -11.4874  policy -11.8667  kl 1.11884  text_kl 0.10776
    [solo1 micro] step  79  loss -20.1376  policy -20.3851  kl 1.18639  text_kl 0.06271
    [recal] step   0  loss +7.7956
    [recal] step 133  loss +3.7038
    [recal] step 266  loss +3.7015
    [recal] step 399  loss +3.5917
    [recal] step 532  loss +3.6886
    [recal] step 665  loss +3.4620
    [recal] step 798  loss +3.4982
    [recal] step 799  loss +3.4801
  solo ep1 cooking_counts    util 0.869 gain +15.369
    [solo2 micro] step   0  loss +1.4567  policy +0.9718  kl 0.32942  text_kl 0.15614
    [solo2 micro] step  10  loss -10.1713  policy -10.9450  kl 1.21798  text_kl 0.23759
    [solo2 micro] step  20  loss +5.8781  policy +5.1500  kl 1.07160  text_kl 0.22483
    [solo2 micro] step  30  loss -9.0548  policy -9.8807  kl 1.23652  text_kl 0.25470
    [solo2 micro] step  40  loss +4.7999  policy +4.1857  kl 1.03082  text_kl 0.18756
    [solo2 micro] step  50  loss -2.0057  policy -2.4211  kl 1.29642  text_kl 0.11684
    [solo2 micro] step  60  loss -18.0979  policy -18.5189  kl 1.26528  text_kl 0.11922
    [solo2 micro] step  70  loss -11.7079  policy -12.0361  kl 1.04952  text_kl 0.09192
    [solo2 micro] step  79  loss -19.7380  policy -19.9921  kl 1.18728  text_kl 0.06492
    [recal] step   0  loss +7.2096
    [recal] step 133  loss +3.5343
    [recal] step 266  loss +3.5786
    [recal] step 399  loss +3.4757
    [recal] step 532  loss +3.5728
    [recal] step 665  loss +3.3758
    [recal] step 798  loss +3.4057
    [recal] step 799  loss +3.3784
  solo ep2 astronomy_counts  util 0.878 gain +18.258
    [solo3 micro] step   0  loss +1.1691  policy +0.6856  kl 0.30191  text_kl 0.15614
    [solo3 micro] step  10  loss -15.0186  policy -15.8901  kl 1.25365  text_kl 0.26960
    [solo3 micro] step  20  loss +5.3759  policy +4.6446  kl 0.89732  text_kl 0.22881
    [solo3 micro] step  30  loss -8.8370  policy -9.7684  kl 1.07947  text_kl 0.29248
    [solo3 micro] step  40  loss +5.1865  policy +4.7224  kl 0.85203  text_kl 0.14052
    [solo3 micro] step  50  loss -2.6816  policy -3.0380  kl 1.20560  text_kl 0.09871
    [solo3 micro] step  60  loss -19.0135  policy -19.3657  kl 1.23843  text_kl 0.09676
    [solo3 micro] step  70  loss -11.6222  policy -11.9378  kl 1.20830  text_kl 0.08503
    [solo3 micro] step  79  loss -20.5878  policy -20.8105  kl 1.35679  text_kl 0.05160
    [recal] step   0  loss +6.0214
    [recal] step 133  loss +3.3932
    [recal] step 266  loss +3.5220
    [recal] step 399  loss +3.4212
    [recal] step 532  loss +3.5253
    [recal] step 665  loss +3.3175
    [recal] step 798  loss +3.3633
    [recal] step 799  loss +3.3409
  solo ep3 music_counts      util 0.890 gain +20.424
    [solo4 micro] step   0  loss +1.6074  policy +1.1245  kl 0.28964  text_kl 0.15614
    [solo4 micro] step  10  loss -14.0749  policy -15.1296  kl 1.16893  text_kl 0.33210
    [solo4 micro] step  20  loss +6.8310  policy +6.0966  kl 0.88539  text_kl 0.23004
    [solo4 micro] step  30  loss -9.2081  policy -9.9343  kl 0.92103  text_kl 0.22674
    [solo4 micro] step  40  loss +5.7349  policy +5.1388  kl 0.94280  text_kl 0.18299
    [solo4 micro] step  50  loss -1.6240  policy -2.0044  kl 0.94252  text_kl 0.11109
    [solo4 micro] step  60  loss -16.5511  policy -17.0754  kl 1.10665  text_kl 0.15633
    [solo4 micro] step  70  loss -10.7246  policy -11.1257  kl 1.00743  text_kl 0.11692
    [solo4 micro] step  79  loss -19.5915  policy -19.8879  kl 1.13200  text_kl 0.07992
    [recal] step   0  loss +6.6822
    [recal] step 133  loss +3.6861
    [recal] step 266  loss +3.5567
    [recal] step 399  loss +3.4572
    [recal] step 532  loss +3.5342
    [recal] step 665  loss +3.3444
    [recal] step 798  loss +3.3740
    [recal] step 799  loss +3.3464
  solo ep4 sports_counts     util 0.841 gain +15.848
    [solo5 micro] step   0  loss +1.9206  policy +1.4380  kl 0.28258  text_kl 0.15614
    [solo5 micro] step  10  loss -12.2594  policy -13.4546  kl 0.94360  text_kl 0.38267
    [solo5 micro] step  20  loss +6.9907  policy +5.9064  kl 0.89980  text_kl 0.34644
    [solo5 micro] step  30  loss -8.9256  policy -9.7451  kl 0.96567  text_kl 0.25708
    [solo5 micro] step  40  loss +5.5680  policy +5.0796  kl 0.80479  text_kl 0.14936
    [solo5 micro] step  50  loss -1.5295  policy -2.0019  kl 0.98537  text_kl 0.14106
    [solo5 micro] step  60  loss -18.9487  policy -19.3134  kl 1.04220  text_kl 0.10420
    [solo5 micro] step  70  loss -10.6456  policy -11.0057  kl 1.06218  text_kl 0.10235
    [solo5 micro] step  79  loss -19.3676  policy -19.5905  kl 1.06667  text_kl 0.05655
    [recal] step   0  loss +5.8226
    [recal] step 133  loss +3.4732
    [recal] step 266  loss +3.6246
    [recal] step 399  loss +3.5225
    [recal] step 532  loss +3.6247
    [recal] step 665  loss +3.4273
    [recal] step 798  loss +3.4932
    [recal] step 799  loss +3.4395
  solo ep5 anatomy_counts    util 0.866 gain +17.017
    [solo6 micro] step   0  loss +1.1482  policy +0.6657  kl 0.28213  text_kl 0.15614
    [solo6 micro] step  10  loss -6.6523  policy -7.4072  kl 0.55907  text_kl 0.24233
    [solo6 micro] step  20  loss +7.8717  policy +6.7179  kl 0.79818  text_kl 0.37129
    [solo6 micro] step  30  loss -8.1579  policy -9.2173  kl 0.98200  text_kl 0.33675
    [solo6 micro] step  40  loss +5.9656  policy +5.1608  kl 1.07504  text_kl 0.25033
    [solo6 micro] step  50  loss -1.3649  policy -2.0777  kl 0.97265  text_kl 0.22137
    [solo6 micro] step  60  loss -17.1378  policy -17.6800  kl 0.79831  text_kl 0.16742
    [solo6 micro] step  70  loss -10.1424  policy -10.5273  kl 1.01396  text_kl 0.11143
    [solo6 micro] step  79  loss -17.5157  policy -17.7583  kl 1.02566  text_kl 0.06380
    [recal] step   0  loss +7.2251
    [recal] step 133  loss +3.8239
    [recal] step 266  loss +3.6320
    [recal] step 399  loss +3.5560
    [recal] step 532  loss +3.6290
    [recal] step 665  loss +3.4503
    [recal] step 798  loss +3.4748
    [recal] step 799  loss +3.4584
  solo ep6 computing_counts  util 0.845 gain +11.798
    [solo7 micro] step   0  loss +1.0411  policy +0.5584  kl 0.28500  text_kl 0.15614
    [solo7 micro] step  10  loss -12.8524  policy -13.8300  kl 1.05231  text_kl 0.30834
    [solo7 micro] step  20  loss +6.1435  policy +5.2442  kl 1.14311  text_kl 0.28075
    [solo7 micro] step  30  loss -9.5953  policy -10.1536  kl 1.10894  text_kl 0.16761
    [solo7 micro] step  40  loss +5.7255  policy +5.2602  kl 1.05778  text_kl 0.13746
    [solo7 micro] step  50  loss -2.0397  policy -2.3252  kl 1.15487  text_kl 0.07592
    [solo7 micro] step  60  loss -18.3038  policy -18.5623  kl 1.20324  text_kl 0.06612
    [solo7 micro] step  70  loss -11.0097  policy -11.3545  kl 1.13079  text_kl 0.09608
    [solo7 micro] step  79  loss -19.7912  policy -20.0409  kl 1.21294  text_kl 0.06301
    [recal] step   0  loss +8.5356
    [recal] step 133  loss +3.8711
    [recal] step 266  loss +3.5361
    [recal] step 399  loss +3.4341
    [recal] step 532  loss +3.5446
    [recal] step 665  loss +3.3326
    [recal] step 798  loss +3.3764
    [recal] step 799  loss +3.3468
  solo ep7 geology_counts    util 0.871 gain +18.218

========================================================================
PHASE 2 — N=8 library build (ctrlB recipe)
========================================================================
    [ep0 micro] step   0  loss +0.4131  policy -0.0740  kl 0.37488  text_kl 0.15614
    [ep0 micro] step  10  loss -3.8263  policy -4.7663  kl 1.28716  text_kl 0.29188
    [ep0 micro] step  20  loss +2.9189  policy +2.1826  kl 1.12296  text_kl 0.22672
    [ep0 micro] step  30  loss -3.0765  policy -3.6507  kl 1.38903  text_kl 0.16824
    [ep0 micro] step  40  loss +2.5183  policy +2.0857  kl 1.20812  text_kl 0.12406
    [ep0 micro] step  50  loss -0.2300  policy -0.5696  kl 1.43359  text_kl 0.08931
    [ep0 micro] step  60  loss -6.4559  policy -6.7761  kl 1.54471  text_kl 0.08098
    [ep0 micro] step  70  loss -3.6409  policy -3.9651  kl 1.32137  text_kl 0.08606
    [ep0 micro] step  79  loss -6.6039  policy -6.7991  kl 1.51025  text_kl 0.03990
    [recal] step   0  loss +7.4688
    [recal] step 133  loss +3.5988
    [recal] step 266  loss +3.5944
    [recal] step 399  loss +3.4924
    [recal] step 532  loss +3.5652
    [recal] step 665  loss +3.3996
    [recal] step 798  loss +3.4017
    [recal] step 799  loss +3.4036
  insert 1/8 math_words        |cos| None  e0 u 0.91 m +4.74
    [ep1 micro] step   0  loss +1.3295  policy +0.7824  kl 0.29540  text_kl 0.17746
    [ep1 micro] step  10  loss -15.0287  policy -15.9324  kl 1.15141  text_kl 0.28204
    [ep1 micro] step  20  loss +5.5336  policy +4.8131  kl 0.90736  text_kl 0.22504
    [ep1 micro] step  30  loss -8.8497  policy -9.8455  kl 0.95103  text_kl 0.31608
    [ep1 micro] step  40  loss +5.1274  policy +4.5825  kl 0.80042  text_kl 0.16828
    [ep1 micro] step  50  loss -1.7112  policy -2.1287  kl 1.11851  text_kl 0.12053
    [ep1 micro] step  60  loss -18.2210  policy -18.6022  kl 1.07100  text_kl 0.10920
    [ep1 micro] step  70  loss -11.9469  policy -12.2538  kl 0.98022  text_kl 0.08596
    [ep1 micro] step  79  loss -20.4640  policy -20.6797  kl 1.18916  text_kl 0.05207
    [recal] step   0  loss +7.3090
    [recal] step 133  loss +3.4640
    [recal] step 266  loss +3.3858
    [recal] step 399  loss +3.2906
    [recal] step 532  loss +3.3309
    [recal] step 665  loss +3.1947
    [recal] step 798  loss +3.1967
    [recal] step 799  loss +3.1887
  insert 2/8 cooking_counts    |cos| 0.1749  e0 u 0.93 m +5.24 e1 u 0.83 m +12.15
    [ep2 micro] step   0  loss +1.7656  policy +0.9718  kl 2.52745  text_kl 0.22246
    [ep2 micro] step  10  loss -9.8926  policy -10.7447  kl 0.47498  text_kl 0.27609
    [ep2 micro] step  20  loss +7.7774  policy +6.6799  kl 0.34579  text_kl 0.36007
    [ep2 micro] step  30  loss -7.7357  policy -8.7889  kl 0.69514  text_kl 0.33949
    [ep2 micro] step  40  loss +6.1815  policy +5.3075  kl 0.36877  text_kl 0.28520
    [ep2 micro] step  50  loss -0.7457  policy -1.3982  kl 0.45617  text_kl 0.20990
    [ep2 micro] step  60  loss -17.9107  policy -18.4418  kl 0.60946  text_kl 0.16689
    [ep2 micro] step  70  loss -12.1484  policy -12.4580  kl 0.40935  text_kl 0.09639
    [ep2 micro] step  79  loss -20.1450  policy -20.3627  kl 0.44466  text_kl 0.06516
    [recal] step   0  loss +6.9297
    [recal] step 133  loss +3.3745
    [recal] step 266  loss +3.2947
    [recal] step 399  loss +3.2193
    [recal] step 532  loss +3.2604
    [recal] step 665  loss +3.1500
    [recal] step 798  loss +3.1544
    [recal] step 799  loss +3.1404
  insert 3/8 astronomy_counts  |cos| 0.2178  e0 u 0.93 m +5.15 e1 u 0.76 m +12.16 e2 u 0.68 m +8.15
    [ep3 micro] step   0  loss +1.4810  policy +0.6856  kl 0.70849  text_kl 0.25334
    [ep3 micro] step  10  loss -15.4494  policy -16.2274  kl 0.79524  text_kl 0.24608
    [ep3 micro] step  20  loss +5.6473  policy +5.0410  kl 0.43791  text_kl 0.19480
    [ep3 micro] step  30  loss -8.7700  policy -9.4578  kl 0.51072  text_kl 0.22074
    [ep3 micro] step  40  loss +5.7342  policy +4.9630  kl 0.45184  text_kl 0.24954
    [ep3 micro] step  50  loss -2.7796  policy -3.3044  kl 0.44773  text_kl 0.16745
    [ep3 micro] step  60  loss -17.9783  policy -18.4030  kl 0.53681  text_kl 0.13260
    [ep3 micro] step  70  loss -11.5600  policy -11.8986  kl 0.49472  text_kl 0.10461
    [ep3 micro] step  79  loss -14.2349  policy -14.5461  kl 0.70959  text_kl 0.09191
    [recal] step   0  loss +6.0888
    [recal] step 133  loss +3.3459
    [recal] step 266  loss +3.2846
    [recal] step 399  loss +3.2300
    [recal] step 532  loss +3.2369
    [recal] step 665  loss +3.1523
    [recal] step 798  loss +3.1558
    [recal] step 799  loss +3.1376
  insert 4/8 music_counts      |cos| 0.2252  e0 u 0.94 m +5.45 e1 u 0.55 m +11.50 e2 u 0.64 m +12.49 e3 u 0.59 m +6.98
    [ep4 micro] step   0  loss +1.8542  policy +1.1245  kl 0.95472  text_kl 0.22733
    [ep4 micro] step  10  loss -13.0523  policy -14.1351  kl 0.84420  text_kl 0.34687
    [ep4 micro] step  20  loss +6.5716  policy +5.6819  kl 0.55954  text_kl 0.28723
    [ep4 micro] step  30  loss -9.1284  policy -9.9255  kl 0.49427  text_kl 0.25748
    [ep4 micro] step  40  loss +5.7811  policy +5.1851  kl 0.42349  text_kl 0.19158
    [ep4 micro] step  50  loss -2.0383  policy -2.5055  kl 0.43560  text_kl 0.14849
    [ep4 micro] step  60  loss -17.4282  policy -17.7719  kl 0.68915  text_kl 0.10309
    [ep4 micro] step  70  loss -10.8915  policy -11.1541  kl 0.59264  text_kl 0.07764
    [ep4 micro] step  79  loss -19.8139  policy -20.0161  kl 0.66693  text_kl 0.05627
    [recal] step   0  loss +7.1739
    [recal] step 133  loss +3.6197
    [recal] step 266  loss +3.3348
    [recal] step 399  loss +3.2782
    [recal] step 532  loss +3.2941
    [recal] step 665  loss +3.2198
    [recal] step 798  loss +3.2270
    [recal] step 799  loss +3.2146
  insert 5/8 sports_counts     |cos| 0.2216  e0 u 0.92 m +5.34 e1 u 0.60 m +12.10 e2 u 0.52 m +7.94 e3 u 0.52 m +1.14 e4 u 0.42 m +12.18
    [ep5 micro] step   0  loss +2.2087  policy +1.4380  kl 1.36249  text_kl 0.23418
    [ep5 micro] step  10  loss -11.2886  policy -12.6425  kl 0.63745  text_kl 0.44067
    [ep5 micro] step  20  loss +6.5792  policy +5.6419  kl 0.31273  text_kl 0.30721
    [ep5 micro] step  30  loss -9.0150  policy -9.8370  kl 0.45881  text_kl 0.26637
    [ep5 micro] step  40  loss +5.6670  policy +4.9937  kl 0.37599  text_kl 0.21816
    [ep5 micro] step  50  loss -1.4507  policy -1.9368  kl 0.44058  text_kl 0.15471
    [ep5 micro] step  60  loss -18.1278  policy -18.5990  kl 0.72006  text_kl 0.14508
    [ep5 micro] step  70  loss -11.0035  policy -11.3514  kl 0.70953  text_kl 0.10415
    [ep5 micro] step  79  loss -19.8553  policy -20.1508  kl 0.68899  text_kl 0.08702
    [recal] step   0  loss +6.4317
    [recal] step 133  loss +3.5291
    [recal] step 266  loss +3.4014
    [recal] step 399  loss +3.3393
    [recal] step 532  loss +3.3430
    [recal] step 665  loss +3.2776
    [recal] step 798  loss +3.2793
    [recal] step 799  loss +3.2695
  insert 6/8 anatomy_counts    |cos| 0.2422  e0 u 0.93 m +5.50 e1 u 0.52 m +11.45 e2 u 0.42 m +6.89 e3 u 0.41 m +9.65 e4 u 0.46 m +11.37 e5 u 0.31 m +8.84
    [ep6 micro] step   0  loss +1.5189  policy +0.6657  kl 1.54576  text_kl 0.25863
    [ep6 micro] step  10  loss -6.0899  policy -7.3984  kl 0.51166  text_kl 0.42762
    [ep6 micro] step  20  loss +8.2884  policy +6.9308  kl 0.40146  text_kl 0.44585
    [ep6 micro] step  30  loss -8.1908  policy -9.2051  kl 0.48744  text_kl 0.32997
    [ep6 micro] step  40  loss +5.9590  policy +5.2717  kl 0.42916  text_kl 0.22195
    [ep6 micro] step  50  loss -1.7112  policy -2.1103  kl 0.24745  text_kl 0.12890
    [ep6 micro] step  60  loss -17.0918  policy -17.4984  kl 0.43190  text_kl 0.12834
    [ep6 micro] step  70  loss -10.2842  policy -10.5778  kl 0.45716  text_kl 0.09026
    [ep6 micro] step  79  loss -19.3016  policy -19.5156  kl 0.45958  text_kl 0.06366
    [recal] step   0  loss +6.8706
    [recal] step 133  loss +3.6879
    [recal] step 266  loss +3.4297
    [recal] step 399  loss +3.3817
    [recal] step 532  loss +3.4001
    [recal] step 665  loss +3.3420
    [recal] step 798  loss +3.3463
    [recal] step 799  loss +3.3364
  insert 7/8 computing_counts  |cos| 0.2463  e0 u 0.93 m +5.47 e1 u 0.50 m +11.71 e2 u 0.46 m +11.75 e3 u 0.36 m +6.10 e4 u 0.39 m +7.90 e5 u 0.31 m +10.32 e6 u 0.24 m +0.93
    [ep7 micro] step   0  loss +1.4206  policy +0.5584  kl 3.07440  text_kl 0.23616
    [ep7 micro] step  10  loss -13.6782  policy -14.4067  kl 0.82900  text_kl 0.22901
    [ep7 micro] step  20  loss +5.8816  policy +5.2807  kl 0.25588  text_kl 0.19606
    [ep7 micro] step  30  loss -9.3218  policy -9.9919  kl 0.20119  text_kl 0.22002
    [ep7 micro] step  40  loss +5.2147  policy +4.7606  kl 0.27769  text_kl 0.14674
    [ep7 micro] step  50  loss -2.1237  policy -2.5037  kl 0.20360  text_kl 0.12327
    [ep7 micro] step  60  loss -18.0970  policy -18.4050  kl 0.11883  text_kl 0.10069
    [ep7 micro] step  70  loss -11.4089  policy -11.9635  kl 0.32595  text_kl 0.17945
    [ep7 micro] step  79  loss -19.8138  policy -20.0673  kl 0.14813  text_kl 0.08206
    [recal] step   0  loss +7.3027
    [recal] step 133  loss +3.7861
    [recal] step 266  loss +3.4758
    [recal] step 399  loss +3.4276
    [recal] step 532  loss +3.4365
    [recal] step 665  loss +3.3821
    [recal] step 798  loss +3.3793
    [recal] step 799  loss +3.3677
  insert 8/8 geology_counts    |cos| 0.246  e0 u 0.94 m +5.43 e1 u 0.44 m +11.35 e2 u 0.39 m +7.43 e3 u 0.33 m +9.12 e4 u 0.40 m +11.30 e5 u 0.32 m +9.92 e6 u 0.30 m +7.23 e7 u 0.31 m +12.12

========================================================================
PHASE 2b — §4.4a final joint calibration (800)
========================================================================
    [recal] step   0  loss +3.3559
    [recal] step 133  loss +3.3182
    [recal] step 266  loss +3.3645
    [recal] step 399  loss +3.3489
    [recal] step 532  loss +3.3668
    [recal] step 665  loss +3.3292
    [recal] step 798  loss +3.3367
    [recal] step 799  loss +3.3273

========================================================================
PHASE 3 — library-state margins (final)
========================================================================
   ep episode               pre    solo     lib gain_lib gain_solo retention   util contam
    0 math_words         -2.217  +4.740  +5.577   +7.793    +6.957     1.120  0.934  0.082
    1 cooking_counts     -3.726 +11.643 +10.828  +14.555   +15.369     0.947  0.467  0.121
    2 astronomy_counts   -5.077 +13.181  +7.172  +12.249   +18.258     0.671  0.419  0.089
    3 music_counts       -6.569 +13.855  +4.072  +10.641   +20.424     0.521  0.356  0.097
    4 sports_counts      -5.041 +10.807 +12.088  +17.129   +15.848     1.081  0.385  0.104
    5 anatomy_counts     -4.897 +12.120 +10.828  +15.725   +17.017     0.924  0.341  0.080
    6 computing_counts   -3.351  +8.447  +6.704  +10.056   +11.798     0.852  0.295  0.107
    7 geology_counts     -5.290 +12.928 +12.094  +17.384   +18.218     0.954  0.374  0.079
  bank |cos|: pre {'plug_plug': None, 'plug_base': None}  lib {'plug_plug': 0.2576, 'plug_base': 0.0613}
  base CE: pre 6.7735 -> lib 7.0528  (+4.124%)
  state saved: /home/tliao/VesperLM/lab/sandbox/g3_pivot/n8_shape_state.pt

========================================================================
PHASE 4 — verdict
========================================================================
  mean retention 0.884 vs bar 0.7 -> SHAPE_IS_THE_LEVER
  -> memory SHAPE is first-class: consolidate as token-substitution deltas / shape episodes before consolidation

wrote /home/tliao/VesperLM/lab/results/g3_pivot_shape.json
total time: 2101.9s
