G3 shaped coexistence  N=8  device=cuda  cons=80 recal=800 joint=800 seed=0
  fixture: 8 token-substitution episodes (memory_shaping.SHAPED_8)
  shape_report: {'substitution': 24, 'insert': 0, 'delete': 0, 'identical': 0, 'approvals': 24}

========================================================================
PHASE 0 — pre-library margins (bare spine)
========================================================================
  ep 0 math_words        logit -7.507
  ep 1 cooking_counts    logit -3.726
  ep 2 astronomy_counts  logit -5.077
  ep 3 music_counts      logit -6.569
  ep 4 sports_counts     logit -5.041
  ep 5 anatomy_counts    logit -4.897
  ep 6 computing_counts  logit -3.351
  ep 7 geology_counts    logit -5.290

========================================================================
PHASE 1 — solo states (episode j alone, full recipe)
========================================================================
    [solo0 micro] step   0  loss +2.1278  policy +1.1698  kl 0.42255  text_kl 0.15614
    [solo0 micro] step  10  loss -9.1450  policy -10.3729  kl 1.21391  text_kl 0.19454
    [solo0 micro] step  20  loss +7.2455  policy +5.3664  kl 1.22865  text_kl 0.30295
    [solo0 micro] step  30  loss -9.0471  policy -9.9935  kl 1.38862  text_kl 0.14616
    [solo0 micro] step  40  loss +6.2905  policy +5.4777  kl 1.28937  text_kl 0.12473
    [solo0 micro] step  50  loss -2.5763  policy -3.0838  kl 1.60610  text_kl 0.07120
    [solo0 micro] step  60  loss -18.7365  policy -19.1865  kl 1.60489  text_kl 0.06164
    [solo0 micro] step  70  loss -10.5173  policy -11.1169  kl 1.48569  text_kl 0.08754
    [solo0 micro] step  79  loss -19.3643  policy -19.6213  kl 1.78210  text_kl 0.02799
  GATE[solo0]: PROMOTE — stub gate checks passed
  gate metrics: {"mean_reward": 0.3333333333333333, "unique_response_ratio": 0.7777777777777778, "top_response_fraction": 0.2222222222222222, "final_kl": 1.7820979356765747}
    [recal] step   0  loss +8.5178
    [recal] step 133  loss +3.6587
    [recal] step 266  loss +3.5301
    [recal] step 399  loss +3.4279
    [recal] step 532  loss +3.5497
    [recal] step 665  loss +3.3495
    [recal] step 798  loss +3.3446
    [recal] step 799  loss +3.3534
  solo ep 0 math_words        util 0.878 gain +19.761  gate=PROMOTE
    [solo1 micro] step   0  loss +1.7330  policy +0.7824  kl 0.27464  text_kl 0.15614
    [solo1 micro] step  10  loss -15.0656  policy -16.3260  kl 1.20708  text_kl 0.20001
    [solo1 micro] step  20  loss +6.2393  policy +5.0492  kl 0.89068  text_kl 0.19093
    [solo1 micro] step  30  loss -8.1281  policy -9.2151  kl 0.90162  text_kl 0.17366
    [solo1 micro] step  40  loss +5.2283  policy +4.4523  kl 0.85340  text_kl 0.12221
    [solo1 micro] step  50  loss -1.6092  policy -2.2341  kl 1.11940  text_kl 0.09482
    [solo1 micro] step  60  loss -15.0174  policy -15.6631  kl 0.85563  text_kl 0.10049
    [solo1 micro] step  70  loss -11.0365  policy -11.6124  kl 1.11922  text_kl 0.08666
    [solo1 micro] step  79  loss -15.3142  policy -15.6884  kl 0.86341  text_kl 0.05519
  GATE[solo1]: PROMOTE — stub gate checks passed
  gate metrics: {"mean_reward": 0.3333333333333333, "unique_response_ratio": 0.8888888888888888, "top_response_fraction": 0.2222222222222222, "final_kl": 0.8634055852890015}
    [recal] step   0  loss +7.9063
    [recal] step 133  loss +3.7326
    [recal] step 266  loss +3.7496
    [recal] step 399  loss +3.6359
    [recal] step 532  loss +3.7388
    [recal] step 665  loss +3.5108
    [recal] step 798  loss +3.5384
    [recal] step 799  loss +3.5175
  solo ep 1 cooking_counts    util 0.866 gain +8.268  gate=PROMOTE
    [solo2 micro] step   0  loss +1.9251  policy +0.9718  kl 0.32942  text_kl 0.15614
    [solo2 micro] step  10  loss -9.4739  policy -10.5753  kl 1.18548  text_kl 0.17368
    [solo2 micro] step  20  loss +7.1622  policy +5.6287  kl 0.90753  text_kl 0.24802
    [solo2 micro] step  30  loss -8.7912  policy -10.1098  kl 1.17835  text_kl 0.20994
    [solo2 micro] step  40  loss +5.2741  policy +4.2278  kl 1.03485  text_kl 0.16576
    [solo2 micro] step  50  loss -1.2926  policy -1.9606  kl 1.28939  text_kl 0.10059
    [solo2 micro] step  60  loss -18.7908  policy -19.4005  kl 1.24706  text_kl 0.09122
    [solo2 micro] step  70  loss -11.2495  policy -11.6958  kl 0.96403  text_kl 0.06635
    [solo2 micro] step  79  loss -19.6579  policy -20.0208  kl 1.20011  text_kl 0.05047
  GATE[solo2]: PROMOTE — stub gate checks passed
  gate metrics: {"mean_reward": 0.3333333333333333, "unique_response_ratio": 0.7777777777777778, "top_response_fraction": 0.2222222222222222, "final_kl": 1.2001123428344727}
    [recal] step   0  loss +7.0649
    [recal] step 133  loss +3.5038
    [recal] step 266  loss +3.5633
    [recal] step 399  loss +3.4821
    [recal] step 532  loss +3.5704
    [recal] step 665  loss +3.3825
    [recal] step 798  loss +3.4114
    [recal] step 799  loss +3.3781
  solo ep 2 astronomy_counts  util 0.850 gain +17.421  gate=PROMOTE
    [solo3 micro] step   0  loss +1.6375  policy +0.6856  kl 0.30191  text_kl 0.15614
    [solo3 micro] step  10  loss -14.6265  policy -15.9592  kl 1.26224  text_kl 0.21158
    [solo3 micro] step  20  loss +6.8008  policy +5.3296  kl 1.04808  text_kl 0.23647
    [solo3 micro] step  30  loss -8.5776  policy -10.1110  kl 1.09436  text_kl 0.24645
    [solo3 micro] step  40  loss +5.9290  policy +5.1564  kl 0.81039  text_kl 0.12201
    [solo3 micro] step  50  loss -2.5558  policy -3.0685  kl 1.19015  text_kl 0.07553
    [solo3 micro] step  60  loss -18.9906  policy -19.5875  kl 1.22592  text_kl 0.08927
    [solo3 micro] step  70  loss -11.5595  policy -12.1365  kl 1.16749  text_kl 0.08643
    [solo3 micro] step  79  loss -18.3093  policy -18.6159  kl 1.25218  text_kl 0.04068
  GATE[solo3]: PROMOTE — stub gate checks passed
  gate metrics: {"mean_reward": 0.3333333333333333, "unique_response_ratio": 0.5555555555555556, "top_response_fraction": 0.3333333333333333, "final_kl": 1.2521770000457764}
    [recal] step   0  loss +5.9404
    [recal] step 133  loss +3.4491
    [recal] step 266  loss +3.5940
    [recal] step 399  loss +3.5000
    [recal] step 532  loss +3.5957
    [recal] step 665  loss +3.3952
    [recal] step 798  loss +3.4347
    [recal] step 799  loss +3.4093
  solo ep 3 music_counts      util 0.877 gain +16.622  gate=PROMOTE
    [solo4 micro] step   0  loss +2.0758  policy +1.1245  kl 0.28964  text_kl 0.15614
    [solo4 micro] step  10  loss -14.0128  policy -14.9584  kl 1.06055  text_kl 0.14877
    [solo4 micro] step  20  loss +7.5255  policy +6.6208  kl 0.89070  text_kl 0.14336
    [solo4 micro] step  30  loss -8.9805  policy -10.2623  kl 0.95835  text_kl 0.20565
    [solo4 micro] step  40  loss +5.8698  policy +5.1599  kl 0.87447  text_kl 0.11103
    [solo4 micro] step  50  loss -1.8425  policy -2.3134  kl 0.93188  text_kl 0.07072
    [solo4 micro] step  60  loss -18.5296  policy -19.0714  kl 1.14397  text_kl 0.08077
    [solo4 micro] step  70  loss -10.4095  policy -10.8516  kl 1.08186  text_kl 0.06467
    [solo4 micro] step  79  loss -18.2828  policy -18.6660  kl 1.09557  text_kl 0.05473
  GATE[solo4]: PROMOTE — stub gate checks passed
  gate metrics: {"mean_reward": 0.3333333333333333, "unique_response_ratio": 0.8888888888888888, "top_response_fraction": 0.2222222222222222, "final_kl": 1.0955696105957031}
    [recal] step   0  loss +6.8281
    [recal] step 133  loss +3.7322
    [recal] step 266  loss +3.6172
    [recal] step 399  loss +3.5259
    [recal] step 532  loss +3.5830
    [recal] step 665  loss +3.3816
    [recal] step 798  loss +3.4162
    [recal] step 799  loss +3.4008
  solo ep 4 sports_counts     util 0.856 gain +3.137  gate=PROMOTE
    [solo5 micro] step   0  loss +2.3890  policy +1.4380  kl 0.28258  text_kl 0.15614
    [solo5 micro] step  10  loss -7.3880  policy -8.9658  kl 0.76560  text_kl 0.25660
    [solo5 micro] step  20  loss +7.6525  policy +6.0457  kl 0.87549  text_kl 0.26049
    [solo5 micro] step  30  loss -7.6542  policy -9.1130  kl 0.94692  text_kl 0.23524
    [solo5 micro] step  40  loss +6.1779  policy +5.2551  kl 1.07830  text_kl 0.14482
    [solo5 micro] step  50  loss -1.4600  policy -2.2412  kl 0.96806  text_kl 0.12212
    [solo5 micro] step  60  loss -18.2450  policy -18.9238  kl 1.04619  text_kl 0.10442
    [solo5 micro] step  70  loss -9.1235  policy -10.2275  kl 0.96781  text_kl 0.17594
    [solo5 micro] step  79  loss -18.9970  policy -19.3750  kl 1.06432  text_kl 0.05413
  GATE[solo5]: PROMOTE — stub gate checks passed
  gate metrics: {"mean_reward": 0.3333333333333333, "unique_response_ratio": 1.0, "top_response_fraction": 0.1111111111111111, "final_kl": 1.064319372177124}
    [recal] step   0  loss +5.8062
    [recal] step 133  loss +3.4565
    [recal] step 266  loss +3.6369
    [recal] step 399  loss +3.5409
    [recal] step 532  loss +3.6361
    [recal] step 665  loss +3.4347
    [recal] step 798  loss +3.4945
    [recal] step 799  loss +3.4440
  solo ep 5 anatomy_counts    util 0.839 gain +15.633  gate=PROMOTE
    [solo6 micro] step   0  loss +1.6166  policy +0.6657  kl 0.28213  text_kl 0.15614
    [solo6 micro] step  10  loss -5.8094  policy -6.9901  kl 0.59877  text_kl 0.19179
    [solo6 micro] step  20  loss +8.2607  policy +7.1371  kl 0.71047  text_kl 0.18136
    [solo6 micro] step  30  loss -8.1389  policy -9.3027  kl 0.95303  text_kl 0.18602
    [solo6 micro] step  40  loss +6.3902  policy +5.3325  kl 1.12736  text_kl 0.16689
    [solo6 micro] step  50  loss -0.9845  policy -2.0956  kl 0.99959  text_kl 0.17685
    [solo6 micro] step  60  loss -16.6991  policy -17.2426  kl 0.73922  text_kl 0.08443
    [solo6 micro] step  70  loss -10.1407  policy -10.6071  kl 0.99954  text_kl 0.06939
    [solo6 micro] step  79  loss -17.7548  policy -18.0845  kl 1.06647  text_kl 0.04608
  GATE[solo6]: PROMOTE — stub gate checks passed
  gate metrics: {"mean_reward": 0.3333333333333333, "unique_response_ratio": 1.0, "top_response_fraction": 0.1111111111111111, "final_kl": 1.0664738416671753}
    [recal] step   0  loss +7.1642
    [recal] step 133  loss +3.7892
    [recal] step 266  loss +3.6252
    [recal] step 399  loss +3.5460
    [recal] step 532  loss +3.6214
    [recal] step 665  loss +3.4429
    [recal] step 798  loss +3.4677
    [recal] step 799  loss +3.4577
  solo ep 6 computing_counts  util 0.817 gain +9.609  gate=PROMOTE
    [solo7 micro] step   0  loss +1.5095  policy +0.5584  kl 0.28500  text_kl 0.15614
    [solo7 micro] step  10  loss -13.2997  policy -14.3901  kl 1.14892  text_kl 0.17216
    [solo7 micro] step  20  loss +6.7498  policy +5.5803  kl 1.13720  text_kl 0.18544
    [solo7 micro] step  30  loss -9.0402  policy -10.1692  kl 1.12039  text_kl 0.17883
    [solo7 micro] step  40  loss +5.3630  policy +4.7568  kl 0.96733  text_kl 0.09297
    [solo7 micro] step  50  loss -1.5177  policy -2.1127  kl 1.18261  text_kl 0.08931
    [solo7 micro] step  60  loss -18.4794  policy -18.9510  kl 1.22412  text_kl 0.06840
    [solo7 micro] step  70  loss -11.1326  policy -11.5897  kl 1.17021  text_kl 0.06643
    [solo7 micro] step  79  loss -19.5346  policy -19.8534  kl 1.17809  text_kl 0.04332
  GATE[solo7]: PROMOTE — stub gate checks passed
  gate metrics: {"mean_reward": 0.3333333333333333, "unique_response_ratio": 0.7777777777777778, "top_response_fraction": 0.2222222222222222, "final_kl": 1.1780866384506226}
    [recal] step   0  loss +8.7521
    [recal] step 133  loss +3.8848
    [recal] step 266  loss +3.5383
    [recal] step 399  loss +3.4478
    [recal] step 532  loss +3.5465
    [recal] step 665  loss +3.3433
    [recal] step 798  loss +3.3907
    [recal] step 799  loss +3.3550
  solo ep 7 geology_counts    util 0.848 gain +16.487  gate=PROMOTE

========================================================================
PHASE 2 — N=8 library build (ctrlB recipe)
========================================================================
    [ep0 micro] step   0  loss +2.1278  policy +1.1698  kl 0.42255  text_kl 0.15614
    [ep0 micro] step  10  loss -9.1450  policy -10.3729  kl 1.21391  text_kl 0.19454
    [ep0 micro] step  20  loss +7.2455  policy +5.3664  kl 1.22865  text_kl 0.30295
    [ep0 micro] step  30  loss -9.0471  policy -9.9935  kl 1.38862  text_kl 0.14616
    [ep0 micro] step  40  loss +6.2905  policy +5.4777  kl 1.28937  text_kl 0.12473
    [ep0 micro] step  50  loss -2.5763  policy -3.0838  kl 1.60610  text_kl 0.07120
    [ep0 micro] step  60  loss -18.7365  policy -19.1865  kl 1.60489  text_kl 0.06164
    [ep0 micro] step  70  loss -10.5173  policy -11.1169  kl 1.48569  text_kl 0.08754
    [ep0 micro] step  79  loss -19.3643  policy -19.6213  kl 1.78210  text_kl 0.02799
  GATE[ep0]: PROMOTE — stub gate checks passed
  gate metrics: {"mean_reward": 0.3333333333333333, "unique_response_ratio": 0.7777777777777778, "top_response_fraction": 0.2222222222222222, "final_kl": 1.7820979356765747}
    [recal] step   0  loss +8.5178
    [recal] step 133  loss +3.6587
    [recal] step 266  loss +3.5301
    [recal] step 399  loss +3.4279
    [recal] step 532  loss +3.5497
    [recal] step 665  loss +3.3495
    [recal] step 798  loss +3.3446
    [recal] step 799  loss +3.3534
  insert 1/8 math_words        p_any 0.226  e0 u 0.88 m +12.25
    [ep1 micro] step   0  loss +1.9118  policy +0.7824  kl 1.10174  text_kl 0.17905
    [ep1 micro] step  10  loss -15.1716  policy -16.4889  kl 0.53683  text_kl 0.21506
    [ep1 micro] step  20  loss +6.7072  policy +5.3031  kl 0.66727  text_kl 0.22846
    [ep1 micro] step  30  loss -7.8557  policy -9.2178  kl 0.56470  text_kl 0.22232
    [ep1 micro] step  40  loss +5.8598  policy +4.9781  kl 0.38123  text_kl 0.14378
    [ep1 micro] step  50  loss -1.2064  policy -1.8809  kl 0.81260  text_kl 0.10563
    [ep1 micro] step  60  loss -16.6996  policy -17.3550  kl 0.56711  text_kl 0.10450
    [ep1 micro] step  70  loss -11.1982  policy -11.7645  kl 0.43367  text_kl 0.09078
    [ep1 micro] step  79  loss -15.6929  policy -16.0779  kl 0.50660  text_kl 0.05995
  GATE[ep1]: PROMOTE — stub gate checks passed
  gate metrics: {"mean_reward": 0.3333333333333333, "unique_response_ratio": 0.8888888888888888, "top_response_fraction": 0.2222222222222222, "final_kl": 0.5065959095954895}
    [recal] step   0  loss +6.8974
    [recal] step 133  loss +3.4476
    [recal] step 266  loss +3.3656
    [recal] step 399  loss +3.2732
    [recal] step 532  loss +3.3334
    [recal] step 665  loss +3.1877
    [recal] step 798  loss +3.1866
    [recal] step 799  loss +3.1771
  insert 2/8 cooking_counts    p_any 0.421  e0 u 0.96 m +12.22 e1 u 0.83 m +6.84
    [ep2 micro] step   0  loss +2.3773  policy +0.9718  kl 0.94567  text_kl 0.22637
    [ep2 micro] step  10  loss -9.0685  policy -10.3136  kl 0.49155  text_kl 0.20343
    [ep2 micro] step  20  loss +7.7357  policy +6.3607  kl 0.67473  text_kl 0.22355
    [ep2 micro] step  30  loss -8.0238  policy -9.6016  kl 0.60697  text_kl 0.25789
    [ep2 micro] step  40  loss +6.2485  policy +5.4232  kl 0.65553  text_kl 0.13210
    [ep2 micro] step  50  loss -1.4758  policy -2.1275  kl 0.73122  text_kl 0.10252
    [ep2 micro] step  60  loss -17.4427  policy -18.0320  kl 0.67706  text_kl 0.09258
    [ep2 micro] step  70  loss -12.0354  policy -12.4825  kl 0.56484  text_kl 0.06982
    [ep2 micro] step  79  loss -20.0176  policy -20.3993  kl 0.90189  text_kl 0.05610
  GATE[ep2]: PROMOTE — stub gate checks passed
  gate metrics: {"mean_reward": 0.3333333333333333, "unique_response_ratio": 0.7777777777777778, "top_response_fraction": 0.2222222222222222, "final_kl": 0.9018933176994324}
    [recal] step   0  loss +6.6916
    [recal] step 133  loss +3.3679
    [recal] step 266  loss +3.2863
    [recal] step 399  loss +3.2175
    [recal] step 532  loss +3.2606
    [recal] step 665  loss +3.1559
    [recal] step 798  loss +3.1587
    [recal] step 799  loss +3.1480
  insert 3/8 astronomy_counts  p_any 0.479  e0 u 0.97 m +12.24 e1 u 0.70 m +8.21 e2 u 0.65 m +8.83
    [ep3 micro] step   0  loss +2.3741  policy +0.6856  kl 2.01250  text_kl 0.26466
    [ep3 micro] step  10  loss -14.3907  policy -15.6778  kl 0.78257  text_kl 0.20800
    [ep3 micro] step  20  loss +6.2562  policy +5.1172  kl 0.34274  text_kl 0.18697
    [ep3 micro] step  30  loss -8.2967  policy -9.4959  kl 0.60203  text_kl 0.19486
    [ep3 micro] step  40  loss +5.7969  policy +4.9509  kl 0.30432  text_kl 0.13847
    [ep3 micro] step  50  loss -1.7293  policy -2.3723  kl 0.28256  text_kl 0.10480
    [ep3 micro] step  60  loss -19.0546  policy -19.6805  kl 0.52066  text_kl 0.09999
    [ep3 micro] step  70  loss -11.1205  policy -11.5756  kl 0.83526  text_kl 0.06889
    [ep3 micro] step  79  loss -20.2012  policy -20.6596  kl 0.59044  text_kl 0.07148
  GATE[ep3]: PROMOTE — stub gate checks passed
  gate metrics: {"mean_reward": 0.3333333333333333, "unique_response_ratio": 0.5555555555555556, "top_response_fraction": 0.3333333333333333, "final_kl": 0.5904359817504883}
    [recal] step   0  loss +5.5845
    [recal] step 133  loss +3.3114
    [recal] step 266  loss +3.3249
    [recal] step 399  loss +3.2637
    [recal] step 532  loss +3.2858
    [recal] step 665  loss +3.2074
    [recal] step 798  loss +3.2131
    [recal] step 799  loss +3.1989
  insert 4/8 music_counts      p_any 0.544  e0 u 0.98 m +12.22 e1 u 0.65 m +7.86 e2 u 0.54 m +12.61 e3 u 0.51 m +6.00
    [ep4 micro] step   0  loss +2.5172  policy +1.1245  kl 1.89033  text_kl 0.21637
    [ep4 micro] step  10  loss -13.7605  policy -14.8296  kl 0.63045  text_kl 0.17294
    [ep4 micro] step  20  loss +7.2596  policy +6.2474  kl 0.29748  text_kl 0.16623
    [ep4 micro] step  30  loss -8.8380  policy -10.0405  kl 0.40442  text_kl 0.19704
    [ep4 micro] step  40  loss +5.9201  policy +5.2160  kl 0.17694  text_kl 0.11587
    [ep4 micro] step  50  loss -1.5961  policy -2.2735  kl 0.38744  text_kl 0.10967
    [ep4 micro] step  60  loss -18.0941  policy -18.5926  kl 0.56291  text_kl 0.07840
    [ep4 micro] step  70  loss -11.0866  policy -11.4318  kl 0.44706  text_kl 0.05380
    [ep4 micro] step  79  loss -19.4924  policy -19.8399  kl 0.61335  text_kl 0.05281
  GATE[ep4]: PROMOTE — stub gate checks passed
  gate metrics: {"mean_reward": 0.3333333333333333, "unique_response_ratio": 0.8888888888888888, "top_response_fraction": 0.2222222222222222, "final_kl": 0.6133483648300171}
    [recal] step   0  loss +6.1442
    [recal] step 133  loss +3.4391
    [recal] step 266  loss +3.3511
    [recal] step 399  loss +3.2951
    [recal] step 532  loss +3.3177
    [recal] step 665  loss +3.2375
    [recal] step 798  loss +3.2550
    [recal] step 799  loss +3.2388
  insert 5/8 sports_counts     p_any 0.571  e0 u 0.98 m +12.15 e1 u 0.54 m +7.48 e2 u 0.55 m +9.24 e3 u 0.44 m +10.31 e4 u 0.49 m +8.79
    [ep5 micro] step   0  loss +2.8317  policy +1.4380  kl 1.17337  text_kl 0.22250
    [ep5 micro] step  10  loss -8.7970  policy -10.3495  kl 0.55393  text_kl 0.25414
    [ep5 micro] step  20  loss +7.5437  policy +6.3126  kl 0.24384  text_kl 0.20316
    [ep5 micro] step  30  loss -8.4224  policy -9.8331  kl 0.50218  text_kl 0.23092
    [ep5 micro] step  40  loss +6.4874  policy +5.6618  kl 0.41280  text_kl 0.13415
    [ep5 micro] step  50  loss -1.8177  policy -2.3977  kl 0.36751  text_kl 0.09360
    [ep5 micro] step  60  loss -17.3833  policy -17.9402  kl 0.72093  text_kl 0.08682
    [ep5 micro] step  70  loss -10.4685  policy -11.0208  kl 0.70833  text_kl 0.08615
    [ep5 micro] step  79  loss -18.5757  policy -18.9093  kl 0.71429  text_kl 0.04964
  GATE[ep5]: PROMOTE — stub gate checks passed
  gate metrics: {"mean_reward": 0.3333333333333333, "unique_response_ratio": 1.0, "top_response_fraction": 0.1111111111111111, "final_kl": 0.7142934203147888}
    [recal] step   0  loss +6.0041
    [recal] step 133  loss +3.4658
    [recal] step 266  loss +3.3917
    [recal] step 399  loss +3.3399
    [recal] step 532  loss +3.3501
    [recal] step 665  loss +3.2893
    [recal] step 798  loss +3.2916
    [recal] step 799  loss +3.2850
  insert 6/8 anatomy_counts    p_any 0.576  e0 u 0.96 m +12.12 e1 u 0.48 m +7.66 e2 u 0.48 m +8.33 e3 u 0.36 m +4.32 e4 u 0.43 m +9.34 e5 u 0.25 m +11.22
    [ep6 micro] step   0  loss +2.1061  policy +0.6657  kl 0.80533  text_kl 0.23336
    [ep6 micro] step  10  loss -5.4266  policy -6.7357  kl 0.35269  text_kl 0.21525
    [ep6 micro] step  20  loss +8.7328  policy +7.1293  kl 0.38450  text_kl 0.26404
    [ep6 micro] step  30  loss -8.1857  policy -9.5483  kl 0.51392  text_kl 0.22282
    [ep6 micro] step  40  loss +6.1941  policy +5.2871  kl 0.42679  text_kl 0.14760
    [ep6 micro] step  50  loss -1.1404  policy -1.9294  kl 0.53195  text_kl 0.12707
    [ep6 micro] step  60  loss -16.5282  policy -17.1116  kl 0.43431  text_kl 0.09360
    [ep6 micro] step  70  loss -10.2647  policy -10.6414  kl 0.49663  text_kl 0.05865
    [ep6 micro] step  79  loss -18.2367  policy -18.5471  kl 0.62796  text_kl 0.04651
  GATE[ep6]: PROMOTE — stub gate checks passed
  gate metrics: {"mean_reward": 0.3333333333333333, "unique_response_ratio": 1.0, "top_response_fraction": 0.1111111111111111, "final_kl": 0.6279605031013489}
    [recal] step   0  loss +6.8410
    [recal] step 133  loss +3.6347
    [recal] step 266  loss +3.4466
    [recal] step 399  loss +3.4005
    [recal] step 532  loss +3.4048
    [recal] step 665  loss +3.3504
    [recal] step 798  loss +3.3524
    [recal] step 799  loss +3.3440
  insert 7/8 computing_counts  p_any 0.594  e0 u 0.96 m +12.19 e1 u 0.48 m +6.57 e2 u 0.42 m +12.58 e3 u 0.32 m +0.86 e4 u 0.36 m +9.91 e5 u 0.34 m +10.70 e6 u 0.26 m -2.64
    [ep7 micro] step   0  loss +1.9472  policy +0.5584  kl 1.64550  text_kl 0.21776
    [ep7 micro] step  10  loss -14.2041  policy -15.4402  kl 0.24742  text_kl 0.20394
    [ep7 micro] step  20  loss +6.8185  policy +5.6842  kl 0.42491  text_kl 0.18551
    [ep7 micro] step  30  loss -9.1945  policy -10.1313  kl 0.24606  text_kl 0.15409
    [ep7 micro] step  40  loss +6.0170  policy +5.1992  kl 0.29206  text_kl 0.13388
    [ep7 micro] step  50  loss -1.4467  policy -2.1663  kl 0.29964  text_kl 0.11745
    [ep7 micro] step  60  loss -17.9170  policy -18.6702  kl 0.27305  text_kl 0.12325
    [ep7 micro] step  70  loss -10.1968  policy -10.6881  kl 0.35394  text_kl 0.07893
    [ep7 micro] step  79  loss -19.4025  policy -19.8661  kl 0.23788  text_kl 0.07528
  GATE[ep7]: PROMOTE — stub gate checks passed
  gate metrics: {"mean_reward": 0.3333333333333333, "unique_response_ratio": 0.7777777777777778, "top_response_fraction": 0.2222222222222222, "final_kl": 0.237881138920784}
    [recal] step   0  loss +7.6055
    [recal] step 133  loss +3.6865
    [recal] step 266  loss +3.4781
    [recal] step 399  loss +3.4290
    [recal] step 532  loss +3.4239
    [recal] step 665  loss +3.3766
    [recal] step 798  loss +3.3739
    [recal] step 799  loss +3.3675
  insert 8/8 geology_counts    p_any 0.609  e0 u 0.96 m +12.16 e1 u 0.44 m +5.96 e2 u 0.44 m +8.34 e3 u 0.29 m +4.06 e4 u 0.38 m +8.97 e5 u 0.30 m +9.50 e6 u 0.34 m +2.89 e7 u 0.30 m +7.85

========================================================================
PHASE 2b — §4.4a final joint calibration (800)
========================================================================
    [recal] step   0  loss +3.3554
    [recal] step 133  loss +3.3127
    [recal] step 266  loss +3.3574
    [recal] step 399  loss +3.3383
    [recal] step 532  loss +3.3571
    [recal] step 665  loss +3.3144
    [recal] step 798  loss +3.3211
    [recal] step 799  loss +3.3157

========================================================================
PHASE 3 — library-state margins (final)
========================================================================
   ep episode               pre    solo     lib gain_lib gain_solo retention   util contam
    0 math_words         -7.507 +12.253 +12.222  +19.729   +19.761     0.998  0.972  0.093
    1 cooking_counts     -3.726  +4.541  +7.724  +11.450    +8.268     1.385  0.457  0.126
    2 astronomy_counts   -5.077 +12.345  +7.280  +12.357   +17.421     0.709  0.444  0.113
    3 music_counts       -6.569 +10.053  +2.288   +8.857   +16.622     0.533  0.303  0.098
    4 sports_counts      -5.041  -1.903  +9.023  +14.063    +3.137     4.482  0.420  0.098
    5 anatomy_counts     -4.897 +10.736 +10.769  +15.666   +15.633     1.002  0.363  0.083
    6 computing_counts   -3.351  +6.257  +2.864   +6.216    +9.609     0.647  0.307  0.101
    7 geology_counts     -5.290 +11.197  +8.614  +13.904   +16.487     0.843  0.377  0.090
  mean retention 1.325  util_min 0.303  contam_max 0.126
  base CE: 6.7735 -> 6.9937  (+3.250%)  p_any_plug 0.617  p_both 0.186
  bank norms: [1.944, 2.183, 2.174, 1.95, 35.554, 25.781, 23.685, 22.181, 22.098, 21.622, 19.027, 16.629]
  state saved: /home/tliao/VesperLM/lab/sandbox/g3_shaped/n8_shaped_kl6_state.pt

========================================================================
PHASE 4 — verdict (standing bar: margin retention >= 0.70)
========================================================================
  retention 1.325 vs bar 0.7 -> PASS
  anchor check: 0.884 expected, got 1.325 (DEVIATES)
  base-CE residual: +3.250% with p_any_plug 0.617 (shape does not touch occupancy)

wrote /home/tliao/VesperLM/lab/results/g3_shaped_n8_kl6.json
total time: 1994.1s
