G3 shaped coexistence  N=16  device=cuda  cons=80 recal=800 joint=800 seed=0
  fixture: 16 token-substitution episodes (memory_shaping.SHAPED_16)
  shape_report: {'substitution': 48, 'insert': 0, 'delete': 0, 'identical': 0, 'approvals': 48}

========================================================================
PHASE 0 — pre-library margins (bare spine)
========================================================================
  ep 0 math_words        logit -7.834
  ep 1 cooking_counts    logit -5.601
  ep 2 astronomy_counts  logit -6.316
  ep 3 music_counts      logit -7.235
  ep 4 sports_counts     logit -5.790
  ep 5 anatomy_counts    logit -6.339
  ep 6 computing_counts  logit -3.373
  ep 7 geology_counts    logit -6.392
  ep 8 history_counts    logit -5.801
  ep 9 travel_counts     logit -5.723
  ep10 weather_counts    logit -6.028
  ep11 money_counts      logit -5.476
  ep12 chess_counts      logit -6.670
  ep13 ocean_counts      logit -6.191
  ep14 forest_counts     logit -6.679
  ep15 bridge_counts     logit -5.335

========================================================================
PHASE 1 — solo states (episode j alone, full recipe)
========================================================================
    [solo0 micro] step   0  loss +1.8026  policy +1.5235  kl 0.24725  text_kl 0.08890
    [solo0 micro] step  10  loss -5.9121  policy -6.2699  kl 1.11254  text_kl 0.10073
    [solo0 micro] step  20  loss +6.3059  policy +5.5048  kl 1.85553  text_kl 0.23611
    [solo0 micro] step  30  loss -5.4432  policy -5.7648  kl 1.56378  text_kl 0.08112
    [solo0 micro] step  40  loss +6.3243  policy +6.0310  kl 1.32306  text_kl 0.07571
    [solo0 micro] step  50  loss -2.1940  policy -2.4241  kl 1.38845  text_kl 0.05359
    [solo0 micro] step  60  loss -16.4527  policy -16.6811  kl 1.45697  text_kl 0.05186
    [solo0 micro] step  70  loss -10.0457  policy -10.2528  kl 1.41611  text_kl 0.04546
    [solo0 micro] step  79  loss -13.7048  policy -13.8611  kl 1.06001  text_kl 0.03445
  GATE[solo0]: PROMOTE — stub gate checks passed
  gate metrics: {"mean_reward": 0.3333333333333333, "unique_response_ratio": 0.7777777777777778, "top_response_fraction": 0.2222222222222222, "final_kl": 1.060005784034729}
    [recal] step   0  loss +2.5265
    [recal] step 133  loss +1.7105
    [recal] step 266  loss +1.6415
    [recal] step 399  loss +1.6344
    [recal] step 532  loss +1.6054
    [recal] step 665  loss +1.6277
    [recal] step 798  loss +1.5968
    [recal] step 799  loss +1.6058
  solo ep 0 math_words        util 1.000 gain +6.633  gate=PROMOTE
    [solo1 micro] step   0  loss +1.5078  policy +1.2323  kl 0.17541  text_kl 0.08890
    [solo1 micro] step  10  loss -7.4614  policy -7.9814  kl 0.77072  text_kl 0.16050
    [solo1 micro] step  20  loss +6.1618  policy +5.7610  kl 0.72705  text_kl 0.12149
    [solo1 micro] step  30  loss -7.1479  policy -7.5004  kl 0.66227  text_kl 0.10648
    [solo1 micro] step  40  loss +5.8211  policy +5.5454  kl 0.64055  text_kl 0.08121
    [solo1 micro] step  50  loss -0.9446  policy -1.2060  kl 0.97511  text_kl 0.07089
    [solo1 micro] step  60  loss -15.4137  policy -15.6192  kl 0.89004  text_kl 0.05367
    [solo1 micro] step  70  loss -9.5635  policy -9.7676  kl 0.87489  text_kl 0.05345
    [solo1 micro] step  79  loss -17.1350  policy -17.3010  kl 0.93325  text_kl 0.03979
  GATE[solo1]: PROMOTE — stub gate checks passed
  gate metrics: {"mean_reward": 0.3333333333333333, "unique_response_ratio": 0.8888888888888888, "top_response_fraction": 0.2222222222222222, "final_kl": 0.9332491755485535}
    [recal] step   0  loss +2.3144
    [recal] step 133  loss +1.6945
    [recal] step 266  loss +1.6922
    [recal] step 399  loss +1.6767
    [recal] step 532  loss +1.6585
    [recal] step 665  loss +1.6447
    [recal] step 798  loss +1.6615
    [recal] step 799  loss +1.6280
  solo ep 1 cooking_counts    util 1.000 gain +13.648  gate=PROMOTE
    [solo2 micro] step   0  loss +2.3198  policy +2.0454  kl 0.15368  text_kl 0.08890
    [solo2 micro] step  10  loss -12.1183  policy -12.9302  kl 1.17079  text_kl 0.25110
    [solo2 micro] step  20  loss +6.9402  policy +6.6157  kl 0.87542  text_kl 0.09357
    [solo2 micro] step  30  loss -7.1160  policy -7.4917  kl 0.83259  text_kl 0.11136
    [solo2 micro] step  40  loss +5.9483  policy +5.5997  kl 0.80215  text_kl 0.10282
    [solo2 micro] step  50  loss -1.1406  policy -1.3948  kl 0.97752  text_kl 0.06844
    [solo2 micro] step  60  loss -17.8637  policy -18.0431  kl 0.98531  text_kl 0.04337
    [solo2 micro] step  70  loss -10.2054  policy -10.3575  kl 0.86962  text_kl 0.03620
    [solo2 micro] step  79  loss -17.7205  policy -17.8671  kl 1.02339  text_kl 0.03181
  GATE[solo2]: PROMOTE — stub gate checks passed
  gate metrics: {"mean_reward": 0.3333333333333333, "unique_response_ratio": 0.7777777777777778, "top_response_fraction": 0.2222222222222222, "final_kl": 1.0233871936798096}
    [recal] step   0  loss +2.3787
    [recal] step 133  loss +1.7064
    [recal] step 266  loss +1.6792
    [recal] step 399  loss +1.6630
    [recal] step 532  loss +1.6414
    [recal] step 665  loss +1.6321
    [recal] step 798  loss +1.6480
    [recal] step 799  loss +1.6226
  solo ep 2 astronomy_counts  util 1.000 gain +16.142  gate=PROMOTE
    [solo3 micro] step   0  loss +1.4984  policy +1.2203  kl 0.22835  text_kl 0.08890
    [solo3 micro] step  10  loss -7.4066  policy -7.9659  kl 0.70962  text_kl 0.17462
    [solo3 micro] step  20  loss +6.2060  policy +5.7422  kl 0.67671  text_kl 0.14332
    [solo3 micro] step  30  loss -4.5479  policy -4.9264  kl 0.59983  text_kl 0.11616
    [solo3 micro] step  40  loss +5.0038  policy +4.7092  kl 0.58891  text_kl 0.08839
    [solo3 micro] step  50  loss -1.6474  policy -1.9009  kl 0.94813  text_kl 0.06870
    [solo3 micro] step  60  loss -17.2736  policy -17.5133  kl 0.99563  text_kl 0.06330
    [solo3 micro] step  70  loss -10.0414  policy -10.2121  kl 0.91921  text_kl 0.04160
    [solo3 micro] step  79  loss -17.5855  policy -17.7680  kl 1.04452  text_kl 0.04343
  GATE[solo3]: PROMOTE — stub gate checks passed
  gate metrics: {"mean_reward": 0.3333333333333333, "unique_response_ratio": 0.5555555555555556, "top_response_fraction": 0.3333333333333333, "final_kl": 1.0445154905319214}
    [recal] step   0  loss +2.2760
    [recal] step 133  loss +1.7120
    [recal] step 266  loss +1.7033
    [recal] step 399  loss +1.6885
    [recal] step 532  loss +1.6544
    [recal] step 665  loss +1.6481
    [recal] step 798  loss +1.6583
    [recal] step 799  loss +1.6346
  solo ep 3 music_counts      util 1.000 gain +17.221  gate=PROMOTE
    [solo4 micro] step   0  loss +1.4678  policy +1.1940  kl 0.14124  text_kl 0.08890
    [solo4 micro] step  10  loss -9.1936  policy -9.7106  kl 0.65188  text_kl 0.16145
    [solo4 micro] step  20  loss +6.8807  policy +6.4914  kl 0.72083  text_kl 0.11776
    [solo4 micro] step  30  loss -5.6695  policy -6.0067  kl 0.78524  text_kl 0.09932
    [solo4 micro] step  40  loss +5.8980  policy +5.6632  kl 0.66853  text_kl 0.06710
    [solo4 micro] step  50  loss -0.9263  policy -1.2062  kl 0.89891  text_kl 0.07830
    [solo4 micro] step  60  loss -16.2260  policy -16.4245  kl 1.00116  text_kl 0.04945
    [solo4 micro] step  70  loss -9.5730  policy -9.7513  kl 0.86968  text_kl 0.04495
    [solo4 micro] step  79  loss -16.5020  policy -16.6571  kl 1.01997  text_kl 0.03470
  GATE[solo4]: PROMOTE — stub gate checks passed
  gate metrics: {"mean_reward": 0.3333333333333333, "unique_response_ratio": 0.8888888888888888, "top_response_fraction": 0.2222222222222222, "final_kl": 1.0199739933013916}
    [recal] step   0  loss +2.4493
    [recal] step 133  loss +1.7221
    [recal] step 266  loss +1.7016
    [recal] step 399  loss +1.6908
    [recal] step 532  loss +1.6499
    [recal] step 665  loss +1.6469
    [recal] step 798  loss +1.6641
    [recal] step 799  loss +1.6312
  solo ep 4 sports_counts     util 1.000 gain +14.896  gate=PROMOTE
    [solo5 micro] step   0  loss +1.9252  policy +1.6487  kl 0.19633  text_kl 0.08890
    [solo5 micro] step  10  loss -12.3064  policy -12.9158  kl 0.89379  text_kl 0.18824
    [solo5 micro] step  20  loss +7.0857  policy +6.7313  kl 0.83256  text_kl 0.10426
    [solo5 micro] step  30  loss -7.8576  policy -8.1673  kl 0.85193  text_kl 0.08902
    [solo5 micro] step  40  loss +6.8610  policy +6.5718  kl 0.87028  text_kl 0.08190
    [solo5 micro] step  50  loss -0.9342  policy -1.1556  kl 0.84320  text_kl 0.05976
    [solo5 micro] step  60  loss -17.0209  policy -17.2025  kl 0.97126  text_kl 0.04434
    [solo5 micro] step  70  loss -9.5074  policy -9.6635  kl 0.96480  text_kl 0.03596
    [solo5 micro] step  79  loss -17.5976  policy -17.7526  kl 0.95806  text_kl 0.03569
  GATE[solo5]: PROMOTE — stub gate checks passed
  gate metrics: {"mean_reward": 0.3333333333333333, "unique_response_ratio": 1.0, "top_response_fraction": 0.1111111111111111, "final_kl": 0.9580639600753784}
    [recal] step   0  loss +2.2032
    [recal] step 133  loss +1.6848
    [recal] step 266  loss +1.6849
    [recal] step 399  loss +1.6728
    [recal] step 532  loss +1.6395
    [recal] step 665  loss +1.6373
    [recal] step 798  loss +1.6551
    [recal] step 799  loss +1.6212
  solo ep 5 anatomy_counts    util 1.000 gain +16.007  gate=PROMOTE
    [solo6 micro] step   0  loss +1.1639  policy +0.8895  kl 0.15347  text_kl 0.08890
    [solo6 micro] step  10  loss -6.2026  policy -6.7361  kl 0.50927  text_kl 0.16931
    [solo6 micro] step  20  loss +6.7960  policy +6.4033  kl 0.71606  text_kl 0.11896
    [solo6 micro] step  30  loss -6.9092  policy -7.2252  kl 0.83314  text_kl 0.09144
    [solo6 micro] step  40  loss +5.4797  policy +5.1976  kl 0.86983  text_kl 0.07955
    [solo6 micro] step  50  loss -1.1455  policy -1.3849  kl 0.69932  text_kl 0.06816
    [solo6 micro] step  60  loss -15.9844  policy -16.1834  kl 0.70322  text_kl 0.05464
    [solo6 micro] step  70  loss -8.8563  policy -9.0377  kl 0.63919  text_kl 0.04981
    [solo6 micro] step  79  loss -16.3882  policy -16.5522  kl 0.82087  text_kl 0.04097
  GATE[solo6]: PROMOTE — stub gate checks passed
  gate metrics: {"mean_reward": 0.3333333333333333, "unique_response_ratio": 1.0, "top_response_fraction": 0.1111111111111111, "final_kl": 0.8208731412887573}
    [recal] step   0  loss +2.2284
    [recal] step 133  loss +1.6946
    [recal] step 266  loss +1.7066
    [recal] step 399  loss +1.6831
    [recal] step 532  loss +1.6838
    [recal] step 665  loss +1.6450
    [recal] step 798  loss +1.6703
    [recal] step 799  loss +1.6430
  solo ep 6 computing_counts  util 1.000 gain +11.182  gate=PROMOTE
    [solo7 micro] step   0  loss +1.1647  policy +0.8881  kl 0.19730  text_kl 0.08890
    [solo7 micro] step  10  loss -10.0758  policy -10.8586  kl 0.89332  text_kl 0.24605
    [solo7 micro] step  20  loss +6.3416  policy +5.9873  kl 0.81200  text_kl 0.10455
    [solo7 micro] step  30  loss -8.1132  policy -8.5001  kl 0.87478  text_kl 0.11438
    [solo7 micro] step  40  loss +5.7438  policy +5.4777  kl 0.66639  text_kl 0.07759
    [solo7 micro] step  50  loss -1.0969  policy -1.3202  kl 0.87643  text_kl 0.05982
    [solo7 micro] step  60  loss -16.5576  policy -16.7567  kl 0.99965  text_kl 0.04972
    [solo7 micro] step  70  loss -9.9258  policy -10.0914  kl 0.90124  text_kl 0.04021
    [solo7 micro] step  79  loss -17.2907  policy -17.4539  kl 0.96300  text_kl 0.03836
  GATE[solo7]: PROMOTE — stub gate checks passed
  gate metrics: {"mean_reward": 0.3333333333333333, "unique_response_ratio": 0.7777777777777778, "top_response_fraction": 0.2222222222222222, "final_kl": 0.9630009531974792}
    [recal] step   0  loss +2.3533
    [recal] step 133  loss +1.6845
    [recal] step 266  loss +1.6927
    [recal] step 399  loss +1.6649
    [recal] step 532  loss +1.6463
    [recal] step 665  loss +1.6271
    [recal] step 798  loss +1.6538
    [recal] step 799  loss +1.6155
  solo ep 7 geology_counts    util 1.000 gain +16.493  gate=PROMOTE
    [solo8 micro] step   0  loss +1.4705  policy +1.1956  kl 0.16465  text_kl 0.08890
    [solo8 micro] step  10  loss -11.1145  policy -11.7248  kl 0.75449  text_kl 0.19086
    [solo8 micro] step  20  loss +5.9751  policy +5.6693  kl 0.57578  text_kl 0.09234
    [solo8 micro] step  30  loss -5.2358  policy -5.5561  kl 0.72669  text_kl 0.09468
    [solo8 micro] step  40  loss +5.4692  policy +5.2058  kl 0.60997  text_kl 0.07761
    [solo8 micro] step  50  loss -1.3500  policy -1.6134  kl 0.83788  text_kl 0.07382
    [solo8 micro] step  60  loss -16.7805  policy -16.9570  kl 0.89471  text_kl 0.04392
    [solo8 micro] step  70  loss -9.9167  policy -10.0808  kl 0.83217  text_kl 0.04083
    [solo8 micro] step  79  loss -17.1828  policy -17.3586  kl 0.99650  text_kl 0.04197
  GATE[solo8]: PROMOTE — stub gate checks passed
  gate metrics: {"mean_reward": 0.3333333333333333, "unique_response_ratio": 0.7777777777777778, "top_response_fraction": 0.2222222222222222, "final_kl": 0.9965035915374756}
    [recal] step   0  loss +2.2482
    [recal] step 133  loss +1.6995
    [recal] step 266  loss +1.7066
    [recal] step 399  loss +1.6856
    [recal] step 532  loss +1.6717
    [recal] step 665  loss +1.6412
    [recal] step 798  loss +1.6784
    [recal] step 799  loss +1.6326
  solo ep 8 history_counts    util 1.000 gain +15.248  gate=PROMOTE
    [solo9 micro] step   0  loss +1.9094  policy +1.6344  kl 0.16697  text_kl 0.08890
    [solo9 micro] step  10  loss -9.5879  policy -10.3756  kl 0.79118  text_kl 0.24937
    [solo9 micro] step  20  loss +5.7719  policy +5.4269  kl 0.49137  text_kl 0.10679
    [solo9 micro] step  30  loss -7.3072  policy -7.5909  kl 0.63874  text_kl 0.08393
    [solo9 micro] step  40  loss +5.3946  policy +5.1020  kl 0.46946  text_kl 0.08969
    [solo9 micro] step  50  loss -0.5153  policy -0.7567  kl 0.69942  text_kl 0.06881
    [solo9 micro] step  60  loss -16.3207  policy -16.5077  kl 0.81619  text_kl 0.04875
    [solo9 micro] step  70  loss -9.8805  policy -10.0653  kl 0.77041  text_kl 0.04876
    [solo9 micro] step  79  loss -17.7756  policy -17.9099  kl 0.85703  text_kl 0.03046
  GATE[solo9]: PROMOTE — stub gate checks passed
  gate metrics: {"mean_reward": 0.3333333333333333, "unique_response_ratio": 0.7777777777777778, "top_response_fraction": 0.2222222222222222, "final_kl": 0.8570342659950256}
    [recal] step   0  loss +2.2450
    [recal] step 133  loss +1.7097
    [recal] step 266  loss +1.6962
    [recal] step 399  loss +1.6895
    [recal] step 532  loss +1.6475
    [recal] step 665  loss +1.6570
    [recal] step 798  loss +1.6699
    [recal] step 799  loss +1.6307
  solo ep 9 travel_counts     util 1.000 gain +15.271  gate=PROMOTE
    [solo10 micro] step   0  loss +1.2469  policy +0.9727  kl 0.15003  text_kl 0.08890
    [solo10 micro] step  10  loss -7.6692  policy -8.1306  kl 0.88024  text_kl 0.13912
    [solo10 micro] step  20  loss +7.2446  policy +6.8314  kl 0.79693  text_kl 0.12447
    [solo10 micro] step  30  loss -7.7469  policy -8.3037  kl 0.91802  text_kl 0.17031
    [solo10 micro] step  40  loss +6.6674  policy +6.2315  kl 0.71514  text_kl 0.13337
    [solo10 micro] step  50  loss -1.1136  policy -1.4100  kl 0.93685  text_kl 0.08317
    [solo10 micro] step  60  loss -14.9568  policy -15.1919  kl 0.87856  text_kl 0.06373
    [solo10 micro] step  70  loss -8.9333  policy -9.1061  kl 0.92043  text_kl 0.04224
    [solo10 micro] step  79  loss -17.2672  policy -17.4159  kl 1.02118  text_kl 0.03255
  GATE[solo10]: PROMOTE — stub gate checks passed
  gate metrics: {"mean_reward": 0.3333333333333333, "unique_response_ratio": 0.7777777777777778, "top_response_fraction": 0.2222222222222222, "final_kl": 1.021182656288147}
    [recal] step   0  loss +2.3802
    [recal] step 133  loss +1.7099
    [recal] step 266  loss +1.6967
    [recal] step 399  loss +1.6904
    [recal] step 532  loss +1.6590
    [recal] step 665  loss +1.6563
    [recal] step 798  loss +1.6699
    [recal] step 799  loss +1.6332
  solo ep10 weather_counts    util 1.000 gain +15.070  gate=PROMOTE
    [solo11 micro] step   0  loss +1.1280  policy +0.8493  kl 0.23928  text_kl 0.08890
    [solo11 micro] step  10  loss -8.9697  policy -9.4955  kl 1.01814  text_kl 0.15830
    [solo11 micro] step  20  loss +6.7880  policy +6.3571  kl 0.75170  text_kl 0.13110
    [solo11 micro] step  30  loss -7.3363  policy -7.7369  kl 0.88790  text_kl 0.11874
    [solo11 micro] step  40  loss +6.3484  policy +6.0606  kl 0.72858  text_kl 0.08380
    [solo11 micro] step  50  loss -0.6738  policy -0.9980  kl 0.82730  text_kl 0.09430
    [solo11 micro] step  60  loss -16.0736  policy -16.2979  kl 0.96420  text_kl 0.05871
    [solo11 micro] step  70  loss -9.4714  policy -9.6574  kl 0.98982  text_kl 0.04549
    [solo11 micro] step  79  loss -16.9910  policy -17.1904  kl 1.01095  text_kl 0.04964
  GATE[solo11]: PROMOTE — stub gate checks passed
  gate metrics: {"mean_reward": 0.3333333333333333, "unique_response_ratio": 0.8888888888888888, "top_response_fraction": 0.2222222222222222, "final_kl": 1.0109474658966064}
    [recal] step   0  loss +2.1586
    [recal] step 133  loss +1.6979
    [recal] step 266  loss +1.6835
    [recal] step 399  loss +1.6768
    [recal] step 532  loss +1.6431
    [recal] step 665  loss +1.6429
    [recal] step 798  loss +1.6572
    [recal] step 799  loss +1.6264
  solo ep11 money_counts      util 1.000 gain +14.815  gate=PROMOTE
    [solo12 micro] step   0  loss +0.8053  policy +0.5289  kl 0.19270  text_kl 0.08890
    [solo12 micro] step  10  loss -7.4633  policy -8.0966  kl 0.85497  text_kl 0.19683
    [solo12 micro] step  20  loss +6.1307  policy +5.6047  kl 0.79822  text_kl 0.16204
    [solo12 micro] step  30  loss -9.5269  policy -9.9395  kl 0.81461  text_kl 0.12394
    [solo12 micro] step  40  loss +4.7081  policy +4.3998  kl 0.56252  text_kl 0.09338
    [solo12 micro] step  50  loss -2.1730  policy -2.4511  kl 0.81625  text_kl 0.07910
    [solo12 micro] step  60  loss -16.6129  policy -16.8200  kl 0.83728  text_kl 0.05508
    [solo12 micro] step  70  loss -9.4283  policy -9.7726  kl 0.90786  text_kl 0.09964
    [solo12 micro] step  79  loss -17.9173  policy -18.0877  kl 0.88842  text_kl 0.04200
  GATE[solo12]: PROMOTE — stub gate checks passed
  gate metrics: {"mean_reward": 0.3333333333333333, "unique_response_ratio": 0.6666666666666666, "top_response_fraction": 0.3333333333333333, "final_kl": 0.8884221315383911}
    [recal] step   0  loss +2.2854
    [recal] step 133  loss +1.7263
    [recal] step 266  loss +1.7182
    [recal] step 399  loss +1.6860
    [recal] step 532  loss +1.6572
    [recal] step 665  loss +1.6464
    [recal] step 798  loss +1.6845
    [recal] step 799  loss +1.6425
  solo ep12 chess_counts      util 1.000 gain +17.777  gate=PROMOTE
    [solo13 micro] step   0  loss +1.0338  policy +0.7584  kl 0.17459  text_kl 0.08890
    [solo13 micro] step  10  loss -13.8918  policy -14.6290  kl 1.01745  text_kl 0.22875
    [solo13 micro] step  20  loss +6.8213  policy +6.4714  kl 0.84345  text_kl 0.10257
    [solo13 micro] step  30  loss -9.2656  policy -9.5876  kl 0.86132  text_kl 0.09299
    [solo13 micro] step  40  loss +4.7705  policy +4.5359  kl 0.55757  text_kl 0.06893
    [solo13 micro] step  50  loss -1.3339  policy -1.5516  kl 0.89917  text_kl 0.05757
    [solo13 micro] step  60  loss -17.2769  policy -17.4524  kl 1.01288  text_kl 0.04161
    [solo13 micro] step  70  loss -9.9330  policy -10.0942  kl 0.97632  text_kl 0.03748
    [solo13 micro] step  79  loss -17.9421  policy -18.0834  kl 1.07975  text_kl 0.02910
  GATE[solo13]: PROMOTE — stub gate checks passed
  gate metrics: {"mean_reward": 0.3333333333333333, "unique_response_ratio": 1.0, "top_response_fraction": 0.1111111111111111, "final_kl": 1.079750418663025}
    [recal] step   0  loss +2.3466
    [recal] step 133  loss +1.6846
    [recal] step 266  loss +1.6704
    [recal] step 399  loss +1.6586
    [recal] step 532  loss +1.6345
    [recal] step 665  loss +1.6268
    [recal] step 798  loss +1.6413
    [recal] step 799  loss +1.6078
  solo ep13 ocean_counts      util 1.000 gain +16.716  gate=PROMOTE
    [solo14 micro] step   0  loss +0.7257  policy +0.4483  kl 0.21521  text_kl 0.08890
    [solo14 micro] step  10  loss -12.8969  policy -13.4873  kl 0.95630  text_kl 0.18086
    [solo14 micro] step  20  loss +6.8646  policy +6.4489  kl 0.81558  text_kl 0.12500
    [solo14 micro] step  30  loss -6.2219  policy -6.5545  kl 0.72445  text_kl 0.09879
    [solo14 micro] step  40  loss +5.3815  policy +5.0596  kl 0.59596  text_kl 0.09738
    [solo14 micro] step  50  loss -1.2088  policy -1.4425  kl 0.73695  text_kl 0.06563
    [solo14 micro] step  60  loss -17.0330  policy -17.2274  kl 0.86012  text_kl 0.05048
    [solo14 micro] step  70  loss -10.0940  policy -10.2496  kl 0.76645  text_kl 0.03908
    [solo14 micro] step  79  loss -17.8857  policy -18.0214  kl 0.80898  text_kl 0.03176
  GATE[solo14]: PROMOTE — stub gate checks passed
  gate metrics: {"mean_reward": 0.3333333333333333, "unique_response_ratio": 0.8888888888888888, "top_response_fraction": 0.2222222222222222, "final_kl": 0.808978796005249}
    [recal] step   0  loss +2.3867
    [recal] step 133  loss +1.7261
    [recal] step 266  loss +1.7192
    [recal] step 399  loss +1.7032
    [recal] step 532  loss +1.6735
    [recal] step 665  loss +1.6623
    [recal] step 798  loss +1.6868
    [recal] step 799  loss +1.6426
  solo ep14 forest_counts     util 1.000 gain +17.395  gate=PROMOTE
    [solo15 micro] step   0  loss +1.5585  policy +1.2814  kl 0.20817  text_kl 0.08890
    [solo15 micro] step  10  loss -9.0288  policy -9.6603  kl 0.79847  text_kl 0.19721
    [solo15 micro] step  20  loss +6.8561  policy +6.4824  kl 0.75338  text_kl 0.11199
    [solo15 micro] step  30  loss -6.9785  policy -7.3537  kl 0.68483  text_kl 0.11363
    [solo15 micro] step  40  loss +5.4796  policy +5.1166  kl 0.59309  text_kl 0.11114
    [solo15 micro] step  50  loss -0.7141  policy -0.9111  kl 0.84646  text_kl 0.05156
    [solo15 micro] step  60  loss -17.0396  policy -17.3423  kl 1.02136  text_kl 0.08388
    [solo15 micro] step  70  loss -9.9850  policy -10.1667  kl 0.79689  text_kl 0.04730
    [solo15 micro] step  79  loss -17.4891  policy -17.6291  kl 0.94836  text_kl 0.03087
  GATE[solo15]: PROMOTE — stub gate checks passed
  gate metrics: {"mean_reward": 0.3333333333333333, "unique_response_ratio": 0.7777777777777778, "top_response_fraction": 0.2222222222222222, "final_kl": 0.9483616948127747}
    [recal] step   0  loss +2.2600
    [recal] step 133  loss +1.6704
    [recal] step 266  loss +1.6578
    [recal] step 399  loss +1.6459
    [recal] step 532  loss +1.6119
    [recal] step 665  loss +1.6087
    [recal] step 798  loss +1.6254
    [recal] step 799  loss +1.5997
  solo ep15 bridge_counts     util 1.000 gain +14.466  gate=PROMOTE

========================================================================
PHASE 2 — N=16 library build (ctrlB recipe)
========================================================================
    [ep0 micro] step   0  loss +1.8026  policy +1.5235  kl 0.24725  text_kl 0.08890
    [ep0 micro] step  10  loss -5.9121  policy -6.2699  kl 1.11254  text_kl 0.10073
    [ep0 micro] step  20  loss +6.3059  policy +5.5048  kl 1.85553  text_kl 0.23611
    [ep0 micro] step  30  loss -5.4432  policy -5.7648  kl 1.56378  text_kl 0.08112
    [ep0 micro] step  40  loss +6.3243  policy +6.0310  kl 1.32306  text_kl 0.07571
    [ep0 micro] step  50  loss -2.1940  policy -2.4241  kl 1.38845  text_kl 0.05359
    [ep0 micro] step  60  loss -16.4527  policy -16.6811  kl 1.45697  text_kl 0.05186
    [ep0 micro] step  70  loss -10.0457  policy -10.2528  kl 1.41611  text_kl 0.04546
    [ep0 micro] step  79  loss -13.7048  policy -13.8611  kl 1.06001  text_kl 0.03445
  GATE[ep0]: PROMOTE — stub gate checks passed
  gate metrics: {"mean_reward": 0.3333333333333333, "unique_response_ratio": 0.7777777777777778, "top_response_fraction": 0.2222222222222222, "final_kl": 1.060005784034729}
    [recal] step   0  loss +2.5265
    [recal] step 133  loss +1.7105
    [recal] step 266  loss +1.6415
    [recal] step 399  loss +1.6344
    [recal] step 532  loss +1.6054
    [recal] step 665  loss +1.6277
    [recal] step 798  loss +1.5968
    [recal] step 799  loss +1.6058
  insert 1/16 math_words        p_any 0.320  e0 u 1.00 m -1.20
    [ep1 micro] step   0  loss +1.5058  policy +1.2323  kl 0.14835  text_kl 0.08868
    [ep1 micro] step  10  loss -7.4550  policy -8.0001  kl 0.60575  text_kl 0.17160
    [ep1 micro] step  20  loss +6.3362  policy +5.8902  kl 0.70512  text_kl 0.13691
    [ep1 micro] step  30  loss -7.4073  policy -7.7380  kl 0.53778  text_kl 0.10126
    [ep1 micro] step  40  loss +5.4958  policy +5.2566  kl 0.49649  text_kl 0.07144
    [ep1 micro] step  50  loss -0.9852  policy -1.2142  kl 0.92146  text_kl 0.06097
    [ep1 micro] step  60  loss -17.3559  policy -17.5262  kl 0.76741  text_kl 0.04396
    [ep1 micro] step  70  loss -9.9395  policy -10.1676  kl 0.64857  text_kl 0.06522
    [ep1 micro] step  79  loss -17.7924  policy -17.9726  kl 0.78481  text_kl 0.04697
  GATE[ep1]: PROMOTE — stub gate checks passed
  gate metrics: {"mean_reward": 0.3333333333333333, "unique_response_ratio": 0.8888888888888888, "top_response_fraction": 0.2222222222222222, "final_kl": 0.784807026386261}
    [recal] step   0  loss +2.2474
    [recal] step 133  loss +1.4820
    [recal] step 266  loss +1.4505
    [recal] step 399  loss +1.4374
    [recal] step 532  loss +1.4076
    [recal] step 665  loss +1.4132
    [recal] step 798  loss +1.4088
    [recal] step 799  loss +1.3930
  insert 2/16 cooking_counts    p_any 0.541  e0 u 1.00 m -1.19 e1 u 1.00 m +9.36
    [ep2 micro] step   0  loss +2.3765  policy +2.0454  kl 1.13884  text_kl 0.09135
    [ep2 micro] step  10  loss -11.8142  policy -12.4985  kl 0.85084  text_kl 0.21393
    [ep2 micro] step  20  loss +6.8985  policy +6.5996  kl 0.45848  text_kl 0.09198
    [ep2 micro] step  30  loss -3.7645  policy -4.1119  kl 0.38656  text_kl 0.10937
    [ep2 micro] step  40  loss +5.8186  policy +5.3686  kl 0.23088  text_kl 0.14617
    [ep2 micro] step  50  loss -1.1544  policy -1.4854  kl 0.33219  text_kl 0.10479
    [ep2 micro] step  60  loss -17.8060  policy -18.0635  kl 0.76188  text_kl 0.07313
    [ep2 micro] step  70  loss -10.2076  policy -10.3492  kl 0.47805  text_kl 0.03924
    [ep2 micro] step  79  loss -17.7442  policy -17.8668  kl 0.53970  text_kl 0.03188
  GATE[ep2]: PROMOTE — stub gate checks passed
  gate metrics: {"mean_reward": 0.3333333333333333, "unique_response_ratio": 0.7777777777777778, "top_response_fraction": 0.2222222222222222, "final_kl": 0.5396997928619385}
    [recal] step   0  loss +2.4144
    [recal] step 133  loss +1.5235
    [recal] step 266  loss +1.4748
    [recal] step 399  loss +1.4569
    [recal] step 532  loss +1.4358
    [recal] step 665  loss +1.4255
    [recal] step 798  loss +1.4262
    [recal] step 799  loss +1.4112
  insert 3/16 astronomy_counts  p_any 0.643  e0 u 1.00 m -0.89 e1 u 1.00 m +9.39 e2 u 0.99 m +9.84
    [ep3 micro] step   0  loss +1.5476  policy +1.2203  kl 1.18345  text_kl 0.08935
    [ep3 micro] step  10  loss -7.3336  policy -7.7996  kl 0.30724  text_kl 0.15023
    [ep3 micro] step  20  loss +6.1854  policy +5.7302  kl 0.42496  text_kl 0.14466
    [ep3 micro] step  30  loss -4.3878  policy -4.9145  kl 0.32240  text_kl 0.17021
    [ep3 micro] step  40  loss +5.1071  policy +4.7649  kl 0.37341  text_kl 0.10783
    [ep3 micro] step  50  loss -1.6864  policy -1.9158  kl 0.21288  text_kl 0.07292
    [ep3 micro] step  60  loss -17.4225  policy -17.6277  kl 0.31523  text_kl 0.06315
    [ep3 micro] step  70  loss -10.0873  policy -10.2283  kl 0.32218  text_kl 0.04164
    [ep3 micro] step  79  loss -17.8970  policy -18.0438  kl 0.31368  text_kl 0.04373
  GATE[ep3]: PROMOTE — stub gate checks passed
  gate metrics: {"mean_reward": 0.3333333333333333, "unique_response_ratio": 0.5555555555555556, "top_response_fraction": 0.3333333333333333, "final_kl": 0.31368303298950195}
    [recal] step   0  loss +2.6438
    [recal] step 133  loss +1.5637
    [recal] step 266  loss +1.5063
    [recal] step 399  loss +1.4838
    [recal] step 532  loss +1.4648
    [recal] step 665  loss +1.4468
    [recal] step 798  loss +1.4438
    [recal] step 799  loss +1.4257
  insert 4/16 music_counts      p_any 0.706  e0 u 1.00 m -0.99 e1 u 1.00 m +9.39 e2 u 0.99 m +9.82 e3 u 0.76 m +10.57
    [ep4 micro] step   0  loss +1.7123  policy +1.1940  kl 1.55076  text_kl 0.14690
    [ep4 micro] step  10  loss -10.0220  policy -10.5367  kl 0.34238  text_kl 0.16584
    [ep4 micro] step  20  loss +7.0170  policy +6.6136  kl 0.27888  text_kl 0.12980
    [ep4 micro] step  30  loss -8.0819  policy -8.4268  kl 0.24470  text_kl 0.11091
    [ep4 micro] step  40  loss +5.6868  policy +5.3819  kl 0.34705  text_kl 0.09585
    [ep4 micro] step  50  loss -1.0663  policy -1.3189  kl 0.25527  text_kl 0.07993
    [ep4 micro] step  60  loss -15.3529  policy -15.5589  kl 0.37007  text_kl 0.06252
    [ep4 micro] step  70  loss -9.3872  policy -9.5190  kl 0.25678  text_kl 0.03964
    [ep4 micro] step  79  loss -16.9883  policy -17.1274  kl 0.39589  text_kl 0.03977
  GATE[ep4]: PROMOTE — stub gate checks passed
  gate metrics: {"mean_reward": 0.3333333333333333, "unique_response_ratio": 0.8888888888888888, "top_response_fraction": 0.2222222222222222, "final_kl": 0.3958861827850342}
    [recal] step   0  loss +2.5959
    [recal] step 133  loss +1.5986
    [recal] step 266  loss +1.5328
    [recal] step 399  loss +1.5059
    [recal] step 532  loss +1.4937
    [recal] step 665  loss +1.4734
    [recal] step 798  loss +1.4973
    [recal] step 799  loss +1.4832
  insert 5/16 sports_counts     p_any 0.760  e0 u 1.00 m -0.98 e1 u 0.79 m +9.38 e2 u 0.90 m +9.84 e3 u 0.91 m +10.61 e4 u 0.90 m +8.73
    [ep5 micro] step   0  loss +2.1307  policy +1.6487  kl 1.52138  text_kl 0.13531
    [ep5 micro] step  10  loss -12.3567  policy -12.8822  kl 0.43033  text_kl 0.16799
    [ep5 micro] step  20  loss +6.9300  policy +6.6482  kl 0.18612  text_kl 0.09085
    [ep5 micro] step  30  loss -7.9746  policy -8.3589  kl 0.35127  text_kl 0.12226
    [ep5 micro] step  40  loss +6.7147  policy +6.4357  kl 0.17964  text_kl 0.09002
    [ep5 micro] step  50  loss -0.8645  policy -1.1073  kl 0.22692  text_kl 0.07718
    [ep5 micro] step  60  loss -14.9511  policy -15.1431  kl 0.39659  text_kl 0.05738
    [ep5 micro] step  70  loss -9.5592  policy -9.7050  kl 0.43072  text_kl 0.04142
    [ep5 micro] step  79  loss -13.9501  policy -14.1352  kl 0.47821  text_kl 0.05373
  GATE[ep5]: PROMOTE — stub gate checks passed
  gate metrics: {"mean_reward": 0.3333333333333333, "unique_response_ratio": 1.0, "top_response_fraction": 0.1111111111111111, "final_kl": 0.47821182012557983}
    [recal] step   0  loss +2.7735
    [recal] step 133  loss +1.6988
    [recal] step 266  loss +1.6278
    [recal] step 399  loss +1.5973
    [recal] step 532  loss +1.5768
    [recal] step 665  loss +1.5546
    [recal] step 798  loss +1.5539
    [recal] step 799  loss +1.5383
  insert 6/16 anatomy_counts    p_any 0.793  e0 u 1.00 m -0.69 e1 u 0.79 m +7.81 e2 u 0.91 m +9.84 e3 u 0.82 m +7.62 e4 u 0.85 m +8.93 e5 u 0.88 m +4.99
    [ep6 micro] step   0  loss +1.3263  policy +0.8895  kl 1.17026  text_kl 0.12607
    [ep6 micro] step  10  loss -7.5622  policy -8.0955  kl 0.70558  text_kl 0.16602
    [ep6 micro] step  20  loss +6.9230  policy +6.5977  kl 0.37350  text_kl 0.10222
    [ep6 micro] step  30  loss -7.6068  policy -7.9711  kl 0.62513  text_kl 0.11103
    [ep6 micro] step  40  loss +5.5703  policy +5.3089  kl 0.49089  text_kl 0.07895
    [ep6 micro] step  50  loss -1.0931  policy -1.3566  kl 0.23259  text_kl 0.08396
    [ep6 micro] step  60  loss -15.8571  policy -16.0614  kl 0.43186  text_kl 0.06089
    [ep6 micro] step  70  loss -8.4461  policy -8.5998  kl 0.33607  text_kl 0.04564
    [ep6 micro] step  79  loss -17.1598  policy -17.3217  kl 0.30726  text_kl 0.04885
  GATE[ep6]: PROMOTE — stub gate checks passed
  gate metrics: {"mean_reward": 0.3333333333333333, "unique_response_ratio": 1.0, "top_response_fraction": 0.1111111111111111, "final_kl": 0.3072618842124939}
    [recal] step   0  loss +2.7359
    [recal] step 133  loss +1.6903
    [recal] step 266  loss +1.6329
    [recal] step 399  loss +1.6088
    [recal] step 532  loss +1.6139
    [recal] step 665  loss +1.5862
    [recal] step 798  loss +1.5688
    [recal] step 799  loss +1.5617
  insert 7/16 computing_counts  p_any 0.819  e0 u 1.00 m -0.75 e1 u 0.85 m +8.94 e2 u 0.86 m +9.84 e3 u 0.79 m +6.42 e4 u 0.82 m +9.03 e5 u 0.86 m +4.55 e6 u 0.83 m +6.39
    [ep7 micro] step   0  loss +1.3646  policy +0.8881  kl 0.86942  text_kl 0.14432
    [ep7 micro] step  10  loss -9.8161  policy -10.4334  kl 0.52565  text_kl 0.19700
    [ep7 micro] step  20  loss +6.0313  policy +5.7686  kl 0.13881  text_kl 0.08526
    [ep7 micro] step  30  loss -5.2499  policy -5.5897  kl 0.16538  text_kl 0.11051
    [ep7 micro] step  40  loss +5.7200  policy +5.4365  kl 0.08463  text_kl 0.09307
    [ep7 micro] step  50  loss -1.0438  policy -1.2760  kl 0.20614  text_kl 0.07397
    [ep7 micro] step  60  loss -16.5987  policy -16.8146  kl 0.32231  text_kl 0.06659
    [ep7 micro] step  70  loss -10.0844  policy -10.1788  kl 0.28165  text_kl 0.02677
    [ep7 micro] step  79  loss -17.3435  policy -17.4716  kl 0.29835  text_kl 0.03772
  GATE[ep7]: PROMOTE — stub gate checks passed
  gate metrics: {"mean_reward": 0.3333333333333333, "unique_response_ratio": 0.7777777777777778, "top_response_fraction": 0.2222222222222222, "final_kl": 0.2983470857143402}
    [recal] step   0  loss +3.0847
    [recal] step 133  loss +1.7489
    [recal] step 266  loss +1.7154
    [recal] step 399  loss +1.6857
    [recal] step 532  loss +1.6659
    [recal] step 665  loss +1.6622
    [recal] step 798  loss +1.6377
    [recal] step 799  loss +1.6278
  insert 8/16 geology_counts    p_any 0.839  e0 u 1.00 m -0.69 e1 u 0.84 m +9.29 e2 u 0.88 m +9.84 e3 u 0.76 m +8.14 e4 u 0.82 m +9.15 e5 u 0.84 m +5.03 e6 u 0.78 m +6.40 e7 u 0.78 m +10.09
    [ep8 micro] step   0  loss +1.7379  policy +1.1956  kl 1.17495  text_kl 0.16119
    [ep8 micro] step  10  loss -10.8921  policy -11.4606  kl 0.39543  text_kl 0.18290
    [ep8 micro] step  20  loss +5.8371  policy +5.5811  kl 0.19688  text_kl 0.08207
    [ep8 micro] step  30  loss -7.2416  policy -7.6296  kl 0.68368  text_kl 0.11791
    [ep8 micro] step  40  loss +5.5006  policy +5.1692  kl 0.65911  text_kl 0.09949
    [ep8 micro] step  50  loss -1.3701  policy -1.5942  kl 0.08805  text_kl 0.07322
    [ep8 micro] step  60  loss -17.0246  policy -17.2119  kl 0.29780  text_kl 0.05746
    [ep8 micro] step  70  loss -9.9209  policy -10.0382  kl 0.21441  text_kl 0.03552
    [ep8 micro] step  79  loss -17.1522  policy -17.3100  kl 0.20216  text_kl 0.04923
  GATE[ep8]: PROMOTE — stub gate checks passed
  gate metrics: {"mean_reward": 0.3333333333333333, "unique_response_ratio": 0.7777777777777778, "top_response_fraction": 0.2222222222222222, "final_kl": 0.20216169953346252}
    [recal] step   0  loss +3.0720
    [recal] step 133  loss +1.7985
    [recal] step 266  loss +1.7504
    [recal] step 399  loss +1.7459
    [recal] step 532  loss +1.7199
    [recal] step 665  loss +1.7045
    [recal] step 798  loss +1.7052
    [recal] step 799  loss +1.6965
  insert 9/16 history_counts    p_any 0.859  e0 u 1.00 m -0.65 e1 u 0.94 m +9.40 e2 u 0.80 m +9.82 e3 u 0.79 m +6.85 e4 u 0.76 m +9.05 e5 u 0.87 m +7.32 e6 u 0.79 m +6.39 e7 u 0.69 m +10.10 e8 u 0.74 m +9.23
    [ep9 micro] step   0  loss +2.1156  policy +1.6344  kl 0.65000  text_kl 0.14957
    [ep9 micro] step  10  loss -10.0267  policy -10.7595  kl 0.62002  text_kl 0.23390
    [ep9 micro] step  20  loss +5.4674  policy +5.1721  kl 0.32154  text_kl 0.09310
    [ep9 micro] step  30  loss -7.1519  policy -7.5517  kl 0.57334  text_kl 0.12371
    [ep9 micro] step  40  loss +5.4275  policy +5.1611  kl 0.34594  text_kl 0.08303
    [ep9 micro] step  50  loss -0.6230  policy -0.8216  kl 0.16861  text_kl 0.06337
    [ep9 micro] step  60  loss -15.9443  policy -16.1096  kl 0.35099  text_kl 0.04923
    [ep9 micro] step  70  loss -9.8570  policy -9.9777  kl 0.33413  text_kl 0.03464
    [ep9 micro] step  79  loss -17.7233  policy -17.8291  kl 0.35866  text_kl 0.02927
  GATE[ep9]: PROMOTE — stub gate checks passed
  gate metrics: {"mean_reward": 0.3333333333333333, "unique_response_ratio": 0.7777777777777778, "top_response_fraction": 0.2222222222222222, "final_kl": 0.3586607575416565}
    [recal] step   0  loss +3.1620
    [recal] step 133  loss +1.8460
    [recal] step 266  loss +1.8016
    [recal] step 399  loss +1.7796
    [recal] step 532  loss +1.7531
    [recal] step 665  loss +1.7514
    [recal] step 798  loss +1.7265
    [recal] step 799  loss +1.7171
  insert 10/16 travel_counts     p_any 0.886  e0 u 1.00 m -0.64 e1 u 0.79 m +9.42 e2 u 0.84 m +9.81 e3 u 0.81 m +7.24 e4 u 0.77 m +9.08 e5 u 0.84 m +5.45 e6 u 0.78 m +6.34 e7 u 0.84 m +10.10 e8 u 0.74 m +9.40 e9 u 0.69 m +9.47
    [ep10 micro] step   0  loss +1.5718  policy +0.9727  kl 1.74536  text_kl 0.17060
    [ep10 micro] step  10  loss -7.1391  policy -7.6337  kl 0.32474  text_kl 0.15946
    [ep10 micro] step  20  loss +6.8605  policy +6.5549  kl 0.30943  text_kl 0.09672
    [ep10 micro] step  30  loss -6.8503  policy -7.3911  kl 0.23987  text_kl 0.17624
    [ep10 micro] step  40  loss +6.4530  policy +6.2215  kl 0.06865  text_kl 0.07604
    [ep10 micro] step  50  loss -1.3267  policy -1.4871  kl 0.05631  text_kl 0.05256
    [ep10 micro] step  60  loss -15.3754  policy -15.5268  kl 0.19126  text_kl 0.04729
    [ep10 micro] step  70  loss -8.8776  policy -8.9612  kl 0.13860  text_kl 0.02557
    [ep10 micro] step  79  loss -17.2239  policy -17.3068  kl 0.13460  text_kl 0.02539
  GATE[ep10]: PROMOTE — stub gate checks passed
  gate metrics: {"mean_reward": 0.3333333333333333, "unique_response_ratio": 0.7777777777777778, "top_response_fraction": 0.2222222222222222, "final_kl": 0.13460007309913635}
    [recal] step   0  loss +3.3900
    [recal] step 133  loss +1.9468
    [recal] step 266  loss +1.8814
    [recal] step 399  loss +1.8306
    [recal] step 532  loss +1.8069
    [recal] step 665  loss +1.8173
    [recal] step 798  loss +1.7862
    [recal] step 799  loss +1.7824
  insert 11/16 weather_counts    p_any 0.908  e0 u 1.00 m -0.64 e1 u 0.76 m +9.29 e2 u 0.85 m +9.84 e3 u 0.75 m +6.83 e4 u 0.80 m +8.98 e5 u 0.79 m +7.15 e6 u 0.79 m +6.22 e7 u 0.72 m +10.11 e8 u 0.71 m +9.37 e9 u 0.77 m +9.51 e10 u 0.70 m +8.89
    [ep11 micro] step   0  loss +1.4806  policy +0.8493  kl 1.43355  text_kl 0.18655
    [ep11 micro] step  10  loss -6.1384  policy -6.6863  kl 0.43339  text_kl 0.17539
    [ep11 micro] step  20  loss +6.4329  policy +6.0988  kl 0.27144  text_kl 0.10686
    [ep11 micro] step  30  loss -7.9228  policy -8.2837  kl 0.29247  text_kl 0.11545
    [ep11 micro] step  40  loss +5.6735  policy +5.3158  kl 0.21596  text_kl 0.11564
    [ep11 micro] step  50  loss -0.8964  policy -1.1133  kl 0.15795  text_kl 0.06966
    [ep11 micro] step  60  loss -16.3959  policy -16.5895  kl 0.44951  text_kl 0.05704
    [ep11 micro] step  70  loss -9.4897  policy -9.6068  kl 0.38367  text_kl 0.03264
    [ep11 micro] step  79  loss -16.9967  policy -17.1065  kl 0.26258  text_kl 0.03223
  GATE[ep11]: PROMOTE — stub gate checks passed
  gate metrics: {"mean_reward": 0.3333333333333333, "unique_response_ratio": 0.8888888888888888, "top_response_fraction": 0.2222222222222222, "final_kl": 0.2625772953033447}
    [recal] step   0  loss +3.4532
    [recal] step 133  loss +1.9461
    [recal] step 266  loss +1.8874
    [recal] step 399  loss +1.8674
    [recal] step 532  loss +1.8755
    [recal] step 665  loss +1.8357
    [recal] step 798  loss +1.8618
    [recal] step 799  loss +1.8571
  insert 12/16 money_counts      p_any 0.916  e0 u 1.00 m -0.63 e1 u 0.73 m +9.27 e2 u 0.77 m +9.78 e3 u 0.79 m +6.43 e4 u 0.81 m +8.90 e5 u 0.71 m +6.72 e6 u 0.79 m +6.17 e7 u 0.85 m +10.11 e8 u 0.72 m +9.39 e9 u 0.73 m +9.51 e10 u 0.68 m +8.91 e11 u 0.68 m +8.89
    [ep12 micro] step   0  loss +1.1406  policy +0.5289  kl 1.17112  text_kl 0.18436
    [ep12 micro] step  10  loss -6.0703  policy -6.7441  kl 0.69641  text_kl 0.21298
    [ep12 micro] step  20  loss +5.8895  policy +5.5378  kl 0.31550  text_kl 0.11198
    [ep12 micro] step  30  loss -9.3725  policy -9.8499  kl 0.59636  text_kl 0.14918
    [ep12 micro] step  40  loss +4.8044  policy +4.4955  kl 0.51631  text_kl 0.09435
    [ep12 micro] step  50  loss -2.2700  policy -2.4898  kl 0.10740  text_kl 0.07151
    [ep12 micro] step  60  loss -16.8485  policy -17.0755  kl 0.22440  text_kl 0.07192
    [ep12 micro] step  70  loss -9.7794  policy -9.8616  kl 0.21694  text_kl 0.02379
    [ep12 micro] step  79  loss -18.0736  policy -18.2035  kl 0.20843  text_kl 0.03981
  GATE[ep12]: PROMOTE — stub gate checks passed
  gate metrics: {"mean_reward": 0.3333333333333333, "unique_response_ratio": 0.6666666666666666, "top_response_fraction": 0.3333333333333333, "final_kl": 0.20842747390270233}
    [recal] step   0  loss +3.4640
    [recal] step 133  loss +1.9956
    [recal] step 266  loss +1.9577
    [recal] step 399  loss +1.9130
    [recal] step 532  loss +1.9093
    [recal] step 665  loss +1.8912
    [recal] step 798  loss +1.8949
    [recal] step 799  loss +1.8915
  insert 13/16 chess_counts      p_any 0.924  e0 u 1.00 m -0.54 e1 u 0.73 m +9.25 e2 u 0.82 m +9.77 e3 u 0.75 m +6.00 e4 u 0.79 m +9.10 e5 u 0.81 m +5.77 e6 u 0.76 m +6.24 e7 u 0.74 m +10.12 e8 u 0.71 m +9.38 e9 u 0.73 m +9.53 e10 u 0.70 m +8.92 e11 u 0.77 m +8.88 e12 u 0.58 m +2.45
    [ep13 micro] step   0  loss +1.3918  policy +0.7584  kl 1.00049  text_kl 0.19446
    [ep13 micro] step  10  loss -14.2186  policy -14.8418  kl 0.38549  text_kl 0.20132
    [ep13 micro] step  20  loss +6.8710  policy +6.5928  kl 0.22915  text_kl 0.08893
    [ep13 micro] step  30  loss -9.4156  policy -9.7140  kl 0.22551  text_kl 0.09572
    [ep13 micro] step  40  loss +4.7238  policy +4.5678  kl 0.12713  text_kl 0.04990
    [ep13 micro] step  50  loss -1.4507  policy -1.5881  kl 0.17364  text_kl 0.04292
    [ep13 micro] step  60  loss -17.2247  policy -17.3447  kl 0.30109  text_kl 0.03498
    [ep13 micro] step  70  loss -10.0427  policy -10.1070  kl 0.21203  text_kl 0.01791
    [ep13 micro] step  79  loss -18.0722  policy -18.1529  kl 0.26375  text_kl 0.02250
  GATE[ep13]: PROMOTE — stub gate checks passed
  gate metrics: {"mean_reward": 0.3333333333333333, "unique_response_ratio": 1.0, "top_response_fraction": 0.1111111111111111, "final_kl": 0.263754665851593}
    [recal] step   0  loss +3.6443
    [recal] step 133  loss +2.0194
    [recal] step 266  loss +1.9601
    [recal] step 399  loss +1.9203
    [recal] step 532  loss +1.9283
    [recal] step 665  loss +1.9057
    [recal] step 798  loss +1.9131
    [recal] step 799  loss +1.9091
  insert 14/16 ocean_counts      p_any 0.909  e0 u 1.00 m -0.55 e1 u 0.73 m +9.28 e2 u 0.80 m +9.79 e3 u 0.75 m +5.77 e4 u 0.73 m +9.13 e5 u 0.74 m +5.29 e6 u 0.78 m +6.42 e7 u 0.88 m +10.11 e8 u 0.70 m +9.41 e9 u 0.72 m +9.52 e10 u 0.67 m +8.93 e11 u 0.72 m +8.85 e12 u 0.66 m +10.62 e13 u 0.58 m +9.51
    [ep14 micro] step   0  loss +0.9814  policy +0.4483  kl 1.01954  text_kl 0.16073
    [ep14 micro] step  10  loss -13.3034  policy -13.8165  kl 0.34387  text_kl 0.16530
    [ep14 micro] step  20  loss +6.6657  policy +6.4092  kl 0.15982  text_kl 0.08281
    [ep14 micro] step  30  loss -8.9872  policy -9.2789  kl 0.28928  text_kl 0.09242
    [ep14 micro] step  40  loss +5.3199  policy +5.1142  kl 0.17911  text_kl 0.06557
    [ep14 micro] step  50  loss -1.3176  policy -1.4797  kl 0.06775  text_kl 0.05293
    [ep14 micro] step  60  loss -16.7668  policy -16.8929  kl 0.17930  text_kl 0.03903
    [ep14 micro] step  70  loss -10.1579  policy -10.2400  kl 0.14272  text_kl 0.02498
    [ep14 micro] step  79  loss -17.9001  policy -18.0030  kl 0.08644  text_kl 0.03285
  GATE[ep14]: PROMOTE — stub gate checks passed
  gate metrics: {"mean_reward": 0.3333333333333333, "unique_response_ratio": 0.8888888888888888, "top_response_fraction": 0.2222222222222222, "final_kl": 0.08644311130046844}
    [recal] step   0  loss +3.5273
    [recal] step 133  loss +2.1708
    [recal] step 266  loss +2.0013
    [recal] step 399  loss +1.9854
    [recal] step 532  loss +1.9941
    [recal] step 665  loss +1.9918
    [recal] step 798  loss +1.9735
    [recal] step 799  loss +1.9662
  insert 15/16 forest_counts     p_any 0.911  e0 u 1.00 m -0.58 e1 u 0.75 m +9.29 e2 u 0.85 m +9.82 e3 u 0.74 m +6.81 e4 u 0.81 m +9.11 e5 u 0.68 m +6.43 e6 u 0.71 m +6.20 e7 u 0.69 m +10.12 e8 u 0.73 m +9.41 e9 u 0.74 m +9.53 e10 u 0.66 m +9.05 e11 u 0.75 m +8.98 e12 u 0.65 m +10.73 e13 u 0.69 m +10.25 e14 u 0.45 m +9.54
    [ep15 micro] step   0  loss +1.9676  policy +1.2814  kl 1.19405  text_kl 0.20885
    [ep15 micro] step  10  loss -7.2933  policy -7.8303  kl 0.50253  text_kl 0.17061
    [ep15 micro] step  20  loss +6.0238  policy +5.7790  kl 0.15793  text_kl 0.07898
    [ep15 micro] step  30  loss -7.6922  policy -8.1279  kl 0.34244  text_kl 0.13951
    [ep15 micro] step  40  loss +5.3115  policy +4.9779  kl 0.40997  text_kl 0.10436
    [ep15 micro] step  50  loss -0.7713  policy -0.9269  kl 0.24564  text_kl 0.04778
    [ep15 micro] step  60  loss -16.8258  policy -17.0452  kl 0.54438  text_kl 0.06405
    [ep15 micro] step  70  loss -9.8290  policy -9.9509  kl 0.54883  text_kl 0.03149
    [ep15 micro] step  79  loss -17.3923  policy -17.4921  kl 0.31583  text_kl 0.02800
  GATE[ep15]: PROMOTE — stub gate checks passed
  gate metrics: {"mean_reward": 0.3333333333333333, "unique_response_ratio": 0.7777777777777778, "top_response_fraction": 0.2222222222222222, "final_kl": 0.3158329427242279}
    [recal] step   0  loss +3.8453
    [recal] step 133  loss +2.1426
    [recal] step 266  loss +2.0392
    [recal] step 399  loss +2.0552
    [recal] step 532  loss +2.0418
    [recal] step 665  loss +2.0137
    [recal] step 798  loss +2.0037
    [recal] step 799  loss +1.9988
  insert 16/16 bridge_counts     p_any 0.914  e0 u 1.00 m -0.55 e1 u 0.73 m +9.31 e2 u 0.74 m +9.76 e3 u 0.73 m +7.40 e4 u 0.75 m +9.24 e5 u 0.66 m +6.72 e6 u 0.74 m +6.20 e7 u 0.76 m +10.10 e8 u 0.72 m +9.38 e9 u 0.74 m +9.52 e10 u 0.67 m +8.88 e11 u 0.73 m +8.99 e12 u 0.67 m +11.23 e13 u 0.72 m +10.41 e14 u 0.60 m +10.18 e15 u 0.56 m +7.26

========================================================================
PHASE 2b — §4.4a final joint calibration (800)
========================================================================
    [recal] step   0  loss +1.9986
    [recal] step 133  loss +1.9844
    [recal] step 266  loss +1.9660
    [recal] step 399  loss +1.9615
    [recal] step 532  loss +1.9529
    [recal] step 665  loss +1.9431
    [recal] step 798  loss +1.9515
    [recal] step 799  loss +1.9417

========================================================================
PHASE 3 — library-state margins (final)
========================================================================
   ep episode               pre    solo     lib gain_lib gain_solo retention   util contam
    0 math_words         -7.834  -1.201  -0.551   +7.283    +6.633     1.098  1.000  0.033
    1 cooking_counts     -5.601  +8.048  +9.317  +14.918   +13.648     1.093  0.750  0.122
    2 astronomy_counts   -6.316  +9.826  +9.735  +16.051   +16.142     0.994  0.750  0.066
    3 music_counts       -7.235  +9.986  +6.341  +13.577   +17.221     0.788  0.740  0.076
    4 sports_counts      -5.790  +9.106  +9.116  +14.906   +14.896     1.001  0.779  0.137
    5 anatomy_counts     -6.339  +9.668  +4.652  +10.991   +16.007     0.687  0.692  0.097
    6 computing_counts   -3.373  +7.809  +6.155   +9.528   +11.182     0.852  0.734  0.101
    7 geology_counts     -6.392 +10.101 +10.103  +16.494   +16.493     1.000  0.693  0.071
    8 history_counts     -5.801  +9.447  +9.399  +15.200   +15.248     0.997  0.732  0.121
    9 travel_counts      -5.723  +9.548  +9.526  +15.248   +15.271     0.999  0.750  0.131
   10 weather_counts     -6.028  +9.043  +8.891  +14.919   +15.070     0.990  0.712  0.093
   11 money_counts       -5.476  +9.339  +9.023  +14.498   +14.815     0.979  0.750  0.094
   12 chess_counts       -6.670 +11.107 +11.262  +17.932   +17.777     1.009  0.750  0.102
   13 ocean_counts       -6.191 +10.525  +7.199  +13.390   +16.716     0.801  0.771  0.087
   14 forest_counts      -6.679 +10.716 +10.151  +16.830   +17.395     0.968  0.661  0.140
   15 bridge_counts      -5.335  +9.130  +9.018  +14.353   +14.466     0.992  0.760  0.075
  mean retention 0.953  util_min 0.661  contam_max 0.140
  base CE: 7.2086 -> 7.4735  (+3.675%)  p_any_plug 0.889  p_both 0.655
  bank norms: [1.515, 1.378, 1.367, 1.353, 1.326, 1.462, 1.303, 1.412, 39.414, 38.817, 37.532, 41.088, 34.174, 31.96, 38.067, 38.15, 33.456, 33.746, 30.783, 32.481, 29.778, 25.015, 24.176, 20.712]
  state saved: /home/tliao/VesperLM/lab/sandbox/g3_shaped/n16_8base_e2e_state.pt

========================================================================
PHASE 4 — verdict (standing bar: margin retention >= 0.70)
========================================================================
  retention 0.953 vs bar 0.7 -> PASS
  base-CE residual: +3.675% with p_any_plug 0.889 (shape does not touch occupancy)

wrote /home/tliao/VesperLM/lab/results/g3_shaped_n16_8base_e2e.json
total time: 3762.2s
