G3 shaped coexistence  N=16  device=cuda  cons=80 recal=800 joint=800 seed=0
  fixture: 16 token-substitution episodes (memory_shaping.SHAPED_16)
  shape_report: {'substitution': 48, 'insert': 0, 'delete': 0, 'identical': 0, 'approvals': 48}

========================================================================
PHASE 0 — pre-library margins (bare spine)
========================================================================
  ep 0 math_words        logit -7.507
  ep 1 cooking_counts    logit -3.726
  ep 2 astronomy_counts  logit -5.077
  ep 3 music_counts      logit -6.569
  ep 4 sports_counts     logit -5.041
  ep 5 anatomy_counts    logit -4.897
  ep 6 computing_counts  logit -3.351
  ep 7 geology_counts    logit -5.290
  ep 8 history_counts    logit -5.066
  ep 9 travel_counts     logit -3.581
  ep10 weather_counts    logit -5.609
  ep11 money_counts      logit -4.843
  ep12 chess_counts      logit -4.966
  ep13 ocean_counts      logit -4.675
  ep14 forest_counts     logit -6.167
  ep15 bridge_counts     logit -3.652

========================================================================
PHASE 1 — solo states (episode j alone, full recipe)
========================================================================
    [solo0 micro] step   0  loss +1.6594  policy +1.1698  kl 0.42254  text_kl 0.15614
    [solo0 micro] step  10  loss -7.6150  policy -8.5446  kl 1.12719  text_kl 0.29107
    [solo0 micro] step  20  loss +5.6949  policy +4.7199  kl 1.22213  text_kl 0.30463
    [solo0 micro] step  30  loss -9.3008  policy -10.1899  kl 1.47853  text_kl 0.27173
    [solo0 micro] step  40  loss +6.4332  policy +5.9383  kl 1.32050  text_kl 0.14297
    [solo0 micro] step  50  loss -2.6883  policy -3.0506  kl 1.45175  text_kl 0.09658
    [solo0 micro] step  60  loss -17.8098  policy -18.1326  kl 1.44890  text_kl 0.08345
    [solo0 micro] step  70  loss -10.9264  policy -11.3477  kl 1.42322  text_kl 0.11671
    [solo0 micro] step  79  loss -18.6448  policy -18.8475  kl 1.72582  text_kl 0.03880
  GATE[solo0]: PROMOTE — stub gate checks passed
  gate metrics: {"mean_reward": 0.3333333333333333, "unique_response_ratio": 0.7777777777777778, "top_response_fraction": 0.2222222222222222, "final_kl": 1.7258186340332031}
    [recal] step   0  loss +8.3944
    [recal] step 133  loss +3.6792
    [recal] step 266  loss +3.5179
    [recal] step 399  loss +3.4158
    [recal] step 532  loss +3.5331
    [recal] step 665  loss +3.3323
    [recal] step 798  loss +3.3391
    [recal] step 799  loss +3.3384
  solo ep 0 math_words        util 0.882 gain +19.354  gate=PROMOTE
    [solo1 micro] step   0  loss +1.2645  policy +0.7824  kl 0.27464  text_kl 0.15614
    [solo1 micro] step  10  loss -14.7419  policy -15.7401  kl 1.33741  text_kl 0.31044
    [solo1 micro] step  20  loss +6.0592  policy +5.0564  kl 1.01466  text_kl 0.31735
    [solo1 micro] step  30  loss -8.1064  policy -9.0712  kl 0.93409  text_kl 0.30605
    [solo1 micro] step  40  loss +5.2885  policy +4.7217  kl 0.90313  text_kl 0.17386
    [solo1 micro] step  50  loss -1.2502  policy -1.6704  kl 1.18665  text_kl 0.12029
    [solo1 micro] step  60  loss -18.5131  policy -18.8478  kl 1.08257  text_kl 0.09352
    [solo1 micro] step  70  loss -11.5998  policy -11.9193  kl 1.01389  text_kl 0.08957
    [solo1 micro] step  79  loss -20.0587  policy -20.2775  kl 1.17027  text_kl 0.05343
  GATE[solo1]: PROMOTE — stub gate checks passed
  gate metrics: {"mean_reward": 0.3333333333333333, "unique_response_ratio": 0.8888888888888888, "top_response_fraction": 0.2222222222222222, "final_kl": 1.1702704429626465}
    [recal] step   0  loss +7.7294
    [recal] step 133  loss +3.7017
    [recal] step 266  loss +3.7142
    [recal] step 399  loss +3.6124
    [recal] step 532  loss +3.7153
    [recal] step 665  loss +3.4936
    [recal] step 798  loss +3.5265
    [recal] step 799  loss +3.5077
  solo ep 1 cooking_counts    util 0.849 gain +15.498  gate=PROMOTE
    [solo2 micro] step   0  loss +1.4567  policy +0.9718  kl 0.32942  text_kl 0.15614
    [solo2 micro] step  10  loss -10.1774  policy -10.9444  kl 1.19843  text_kl 0.23568
    [solo2 micro] step  20  loss +5.9362  policy +5.2410  kl 1.08616  text_kl 0.21363
    [solo2 micro] step  30  loss -9.1023  policy -9.9252  kl 1.16616  text_kl 0.25487
    [solo2 micro] step  40  loss +5.8921  policy +5.0342  kl 1.22463  text_kl 0.26556
    [solo2 micro] step  50  loss -0.2529  policy -1.2621  kl 1.13580  text_kl 0.31746
    [solo2 micro] step  60  loss -18.8759  policy -19.3390  kl 1.30197  text_kl 0.13269
    [solo2 micro] step  70  loss -11.6613  policy -12.0617  kl 0.99240  text_kl 0.11692
    [solo2 micro] step  79  loss -18.9257  policy -19.2189  kl 1.17069  text_kl 0.07822
  GATE[solo2]: PROMOTE — stub gate checks passed
  gate metrics: {"mean_reward": 0.3333333333333333, "unique_response_ratio": 0.7777777777777778, "top_response_fraction": 0.2222222222222222, "final_kl": 1.1706922054290771}
    [recal] step   0  loss +7.0646
    [recal] step 133  loss +3.4631
    [recal] step 266  loss +3.4873
    [recal] step 399  loss +3.3890
    [recal] step 532  loss +3.4990
    [recal] step 665  loss +3.2911
    [recal] step 798  loss +3.3293
    [recal] step 799  loss +3.2995
  solo ep 2 astronomy_counts  util 0.864 gain +17.248  gate=PROMOTE
    [solo3 micro] step   0  loss +1.1691  policy +0.6856  kl 0.30191  text_kl 0.15614
    [solo3 micro] step  10  loss -15.3461  policy -16.2025  kl 1.34631  text_kl 0.26305
    [solo3 micro] step  20  loss +5.3508  policy +4.7058  kl 1.00811  text_kl 0.19820
    [solo3 micro] step  30  loss -9.3355  policy -10.0919  kl 1.10391  text_kl 0.23374
    [solo3 micro] step  40  loss +4.9301  policy +4.5047  kl 0.74252  text_kl 0.12941
    [solo3 micro] step  50  loss -2.5598  policy -2.9010  kl 1.21847  text_kl 0.09346
    [solo3 micro] step  60  loss -19.7959  policy -20.1224  kl 1.24060  text_kl 0.08816
    [solo3 micro] step  70  loss -11.9034  policy -12.1898  kl 1.13452  text_kl 0.07657
    [solo3 micro] step  79  loss -18.1446  policy -18.3648  kl 1.27266  text_kl 0.05218
  GATE[solo3]: PROMOTE — stub gate checks passed
  gate metrics: {"mean_reward": 0.3333333333333333, "unique_response_ratio": 0.5555555555555556, "top_response_fraction": 0.3333333333333333, "final_kl": 1.2726649045944214}
    [recal] step   0  loss +5.9943
    [recal] step 133  loss +3.5232
    [recal] step 266  loss +3.6321
    [recal] step 399  loss +3.5316
    [recal] step 532  loss +3.6391
    [recal] step 665  loss +3.4268
    [recal] step 798  loss +3.4623
    [recal] step 799  loss +3.4438
  solo ep 3 music_counts      util 0.856 gain +11.967  gate=PROMOTE
    [solo4 micro] step   0  loss +1.6074  policy +1.1245  kl 0.28964  text_kl 0.15614
    [solo4 micro] step  10  loss -14.0882  policy -15.1398  kl 1.17014  text_kl 0.33103
    [solo4 micro] step  20  loss +6.8344  policy +6.1048  kl 0.87930  text_kl 0.22853
    [solo4 micro] step  30  loss -9.1816  policy -9.9253  kl 0.91991  text_kl 0.23256
    [solo4 micro] step  40  loss +5.5917  policy +5.0592  kl 0.85419  text_kl 0.16327
    [solo4 micro] step  50  loss -1.7493  policy -2.2020  kl 0.95478  text_kl 0.13499
    [solo4 micro] step  60  loss -18.1895  policy -18.5763  kl 1.11642  text_kl 0.11031
    [solo4 micro] step  70  loss -11.0720  policy -11.3680  kl 1.00617  text_kl 0.08192
    [solo4 micro] step  79  loss -20.1579  policy -20.3680  kl 1.14225  text_kl 0.05099
  GATE[solo4]: PROMOTE — stub gate checks passed
  gate metrics: {"mean_reward": 0.3333333333333333, "unique_response_ratio": 0.8888888888888888, "top_response_fraction": 0.2222222222222222, "final_kl": 1.1422479152679443}
    [recal] step   0  loss +6.8043
    [recal] step 133  loss +3.7138
    [recal] step 266  loss +3.5961
    [recal] step 399  loss +3.4993
    [recal] step 532  loss +3.5845
    [recal] step 665  loss +3.3840
    [recal] step 798  loss +3.4127
    [recal] step 799  loss +3.3913
  solo ep 4 sports_counts     util 0.839 gain +12.860  gate=PROMOTE
    [solo5 micro] step   0  loss +1.9206  policy +1.4380  kl 0.28258  text_kl 0.15614
    [solo5 micro] step  10  loss -12.2530  policy -13.4511  kl 0.94314  text_kl 0.38366
    [solo5 micro] step  20  loss +6.9670  policy +5.8862  kl 0.91057  text_kl 0.34511
    [solo5 micro] step  30  loss -8.9448  policy -9.7583  kl 0.97014  text_kl 0.25499
    [solo5 micro] step  40  loss +5.4411  policy +4.7763  kl 1.02776  text_kl 0.20445
    [solo5 micro] step  50  loss -1.5250  policy -1.9998  kl 0.98168  text_kl 0.14189
    [solo5 micro] step  60  loss -19.0069  policy -19.3879  kl 1.05278  text_kl 0.10944
    [solo5 micro] step  70  loss -10.8467  policy -11.2038  kl 1.13354  text_kl 0.10013
    [solo5 micro] step  79  loss -18.4973  policy -18.7464  kl 1.04592  text_kl 0.06562
  GATE[solo5]: PROMOTE — stub gate checks passed
  gate metrics: {"mean_reward": 0.3333333333333333, "unique_response_ratio": 1.0, "top_response_fraction": 0.1111111111111111, "final_kl": 1.045923113822937}
    [recal] step   0  loss +5.6618
    [recal] step 133  loss +3.4888
    [recal] step 266  loss +3.6453
    [recal] step 399  loss +3.5554
    [recal] step 532  loss +3.6387
    [recal] step 665  loss +3.4527
    [recal] step 798  loss +3.5061
    [recal] step 799  loss +3.4569
  solo ep 5 anatomy_counts    util 0.847 gain +15.224  gate=PROMOTE
    [solo6 micro] step   0  loss +1.1482  policy +0.6657  kl 0.28213  text_kl 0.15614
    [solo6 micro] step  10  loss -6.6683  policy -7.4177  kl 0.56878  text_kl 0.24032
    [solo6 micro] step  20  loss +8.0742  policy +6.8417  kl 0.83154  text_kl 0.39700
    [solo6 micro] step  30  loss -7.9530  policy -9.0894  kl 0.93896  text_kl 0.36317
    [solo6 micro] step  40  loss +6.1592  policy +5.2133  kl 1.11094  text_kl 0.29680
    [solo6 micro] step  50  loss -0.3399  policy -0.8510  kl 0.56700  text_kl 0.16090
    [solo6 micro] step  60  loss -17.4673  policy -17.9363  kl 0.76896  text_kl 0.14349
    [solo6 micro] step  70  loss -10.0006  policy -10.4253  kl 1.06156  text_kl 0.12387
    [solo6 micro] step  79  loss -18.1479  policy -18.4079  kl 1.06427  text_kl 0.06893
  GATE[solo6]: PROMOTE — stub gate checks passed
  gate metrics: {"mean_reward": 0.3333333333333333, "unique_response_ratio": 1.0, "top_response_fraction": 0.1111111111111111, "final_kl": 1.064265251159668}
    [recal] step   0  loss +7.2461
    [recal] step 133  loss +3.8039
    [recal] step 266  loss +3.6284
    [recal] step 399  loss +3.5564
    [recal] step 532  loss +3.6285
    [recal] step 665  loss +3.4503
    [recal] step 798  loss +3.4610
    [recal] step 799  loss +3.4624
  solo ep 6 computing_counts  util 0.838 gain +11.334  gate=PROMOTE
    [solo7 micro] step   0  loss +1.0411  policy +0.5584  kl 0.28500  text_kl 0.15614
    [solo7 micro] step  10  loss -12.8503  policy -13.8268  kl 1.03831  text_kl 0.30821
    [solo7 micro] step  20  loss +6.1396  policy +5.2298  kl 1.13579  text_kl 0.28435
    [solo7 micro] step  30  loss -9.5849  policy -10.1362  kl 1.09872  text_kl 0.16546
    [solo7 micro] step  40  loss +5.7919  policy +5.3181  kl 1.06976  text_kl 0.14008
    [solo7 micro] step  50  loss -1.8311  policy -2.1586  kl 1.17547  text_kl 0.08956
    [solo7 micro] step  60  loss -18.8599  policy -19.1879  kl 1.24876  text_kl 0.08851
    [solo7 micro] step  70  loss -11.6358  policy -11.9729  kl 1.18317  text_kl 0.09264
    [solo7 micro] step  79  loss -18.5511  policy -18.7928  kl 1.11547  text_kl 0.06198
  GATE[solo7]: PROMOTE — stub gate checks passed
  gate metrics: {"mean_reward": 0.3333333333333333, "unique_response_ratio": 0.7777777777777778, "top_response_fraction": 0.2222222222222222, "final_kl": 1.115473985671997}
    [recal] step   0  loss +8.5353
    [recal] step 133  loss +3.8876
    [recal] step 266  loss +3.5374
    [recal] step 399  loss +3.4474
    [recal] step 532  loss +3.5501
    [recal] step 665  loss +3.3402
    [recal] step 798  loss +3.3912
    [recal] step 799  loss +3.3527
  solo ep 7 geology_counts    util 0.863 gain +16.190  gate=PROMOTE
    [solo8 micro] step   0  loss +1.1810  policy +0.6989  kl 0.27433  text_kl 0.15614
    [solo8 micro] step  10  loss -12.8731  policy -13.8272  kl 0.96110  text_kl 0.30201
    [solo8 micro] step  20  loss +5.5058  policy +4.8149  kl 0.82493  text_kl 0.21653
    [solo8 micro] step  30  loss -9.4224  policy -10.1264  kl 0.90024  text_kl 0.21966
    [solo8 micro] step  40  loss +4.7734  policy +4.1560  kl 0.72029  text_kl 0.19381
    [solo8 micro] step  50  loss -2.3890  policy -2.8083  kl 1.01287  text_kl 0.12287
    [solo8 micro] step  60  loss -18.4777  policy -18.8076  kl 0.93898  text_kl 0.09430
    [solo8 micro] step  70  loss -12.1221  policy -12.4259  kl 0.85312  text_kl 0.08707
    [solo8 micro] step  79  loss -19.9100  policy -20.1073  kl 0.97750  text_kl 0.04946
  GATE[solo8]: PROMOTE — stub gate checks passed
  gate metrics: {"mean_reward": 0.3333333333333333, "unique_response_ratio": 0.7777777777777778, "top_response_fraction": 0.2222222222222222, "final_kl": 0.9775042533874512}
    [recal] step   0  loss +7.5393
    [recal] step 133  loss +3.8401
    [recal] step 266  loss +3.6209
    [recal] step 399  loss +3.5128
    [recal] step 532  loss +3.6113
    [recal] step 665  loss +3.4150
    [recal] step 798  loss +3.4680
    [recal] step 799  loss +3.4484
  solo ep 8 history_counts    util 0.829 gain +18.893  gate=PROMOTE
    [solo9 micro] step   0  loss +1.4315  policy +0.9509  kl 0.24382  text_kl 0.15614
    [solo9 micro] step  10  loss -11.2582  policy -12.3105  kl 0.78814  text_kl 0.33763
    [solo9 micro] step  20  loss +5.4360  policy +4.5306  kl 0.74208  text_kl 0.28944
    [solo9 micro] step  30  loss -8.4991  policy -9.1906  kl 0.79959  text_kl 0.21716
    [solo9 micro] step  40  loss +5.5809  policy +4.8760  kl 0.78844  text_kl 0.22181
    [solo9 micro] step  50  loss -1.1541  policy -1.5976  kl 0.89814  text_kl 0.13286
    [solo9 micro] step  60  loss -16.7120  policy -17.0717  kl 0.80691  text_kl 0.10645
    [solo9 micro] step  70  loss -11.0771  policy -11.4333  kl 0.90112  text_kl 0.10374
    [solo9 micro] step  79  loss -17.0508  policy -17.2681  kl 0.78193  text_kl 0.05940
  GATE[solo9]: PROMOTE — stub gate checks passed
  gate metrics: {"mean_reward": 0.3333333333333333, "unique_response_ratio": 0.7777777777777778, "top_response_fraction": 0.2222222222222222, "final_kl": 0.7819303870201111}
    [recal] step   0  loss +6.3181
    [recal] step 133  loss +3.4894
    [recal] step 266  loss +3.5350
    [recal] step 399  loss +3.4361
    [recal] step 532  loss +3.5357
    [recal] step 665  loss +3.3390
    [recal] step 798  loss +3.3715
    [recal] step 799  loss +3.3471
  solo ep 9 travel_counts     util 0.838 gain +11.178  gate=PROMOTE
    [solo10 micro] step   0  loss +1.8196  policy +1.3372  kl 0.27983  text_kl 0.15614
    [solo10 micro] step  10  loss -11.8841  policy -13.3348  kl 1.28729  text_kl 0.46213
    [solo10 micro] step  20  loss +6.5188  policy +5.4597  kl 1.03727  text_kl 0.33578
    [solo10 micro] step  30  loss -8.4712  policy -9.2645  kl 0.88254  text_kl 0.24974
    [solo10 micro] step  40  loss +6.0096  policy +5.6140  kl 0.94313  text_kl 0.11616
    [solo10 micro] step  50  loss -2.3610  policy -2.6640  kl 1.01174  text_kl 0.08415
    [solo10 micro] step  60  loss -18.4122  policy -18.7068  kl 1.06524  text_kl 0.08045
    [solo10 micro] step  70  loss -10.8041  policy -11.1173  kl 1.11550  text_kl 0.08583
    [solo10 micro] step  79  loss -18.9626  policy -19.1703  kl 1.08379  text_kl 0.05116
  GATE[solo10]: PROMOTE — stub gate checks passed
  gate metrics: {"mean_reward": 0.3333333333333333, "unique_response_ratio": 0.7777777777777778, "top_response_fraction": 0.2222222222222222, "final_kl": 1.083789348602295}
    [recal] step   0  loss +7.1315
    [recal] step 133  loss +3.8453
    [recal] step 266  loss +3.6203
    [recal] step 399  loss +3.5351
    [recal] step 532  loss +3.6262
    [recal] step 665  loss +3.4318
    [recal] step 798  loss +3.4837
    [recal] step 799  loss +3.4472
  solo ep10 weather_counts    util 0.854 gain +13.160  gate=PROMOTE
    [solo11 micro] step   0  loss +1.1720  policy +0.6893  kl 0.28556  text_kl 0.15614
    [solo11 micro] step  10  loss -8.0250  policy -8.9481  kl 0.98211  text_kl 0.29133
    [solo11 micro] step  20  loss +6.2954  policy +5.5731  kl 1.15611  text_kl 0.22151
    [solo11 micro] step  30  loss -8.9005  policy -9.6861  kl 1.02630  text_kl 0.24475
    [solo11 micro] step  40  loss +6.1662  policy +5.4327  kl 1.10054  text_kl 0.22617
    [solo11 micro] step  50  loss -1.6999  policy -2.2923  kl 1.13587  text_kl 0.17851
    [solo11 micro] step  60  loss -18.3941  policy -18.8717  kl 1.18537  text_kl 0.13944
    [solo11 micro] step  70  loss -10.6270  policy -11.0518  kl 1.08018  text_kl 0.12357
    [solo11 micro] step  79  loss -19.3312  policy -19.6263  kl 1.12180  text_kl 0.07965
  GATE[solo11]: PROMOTE — stub gate checks passed
  gate metrics: {"mean_reward": 0.3333333333333333, "unique_response_ratio": 0.8888888888888888, "top_response_fraction": 0.2222222222222222, "final_kl": 1.1218031644821167}
    [recal] step   0  loss +5.4321
    [recal] step 133  loss +3.3470
    [recal] step 266  loss +3.5093
    [recal] step 399  loss +3.4136
    [recal] step 532  loss +3.5040
    [recal] step 665  loss +3.3149
    [recal] step 798  loss +3.3542
    [recal] step 799  loss +3.3272
  solo ep11 money_counts      util 0.866 gain +16.425  gate=PROMOTE
    [solo12 micro] step   0  loss +0.7975  policy +0.3147  kl 0.28665  text_kl 0.15614
    [solo12 micro] step  10  loss -7.4961  policy -8.1848  kl 0.94067  text_kl 0.21388
    [solo12 micro] step  20  loss +5.1234  policy +4.2730  kl 1.01964  text_kl 0.26645
    [solo12 micro] step  30  loss -10.4537  policy -11.2007  kl 1.07804  text_kl 0.23105
    [solo12 micro] step  40  loss +4.1735  policy +3.7405  kl 0.77333  text_kl 0.13145
    [solo12 micro] step  50  loss -2.9582  policy -3.4275  kl 1.06371  text_kl 0.13869
    [solo12 micro] step  60  loss -17.4482  policy -17.9282  kl 1.06463  text_kl 0.14225
    [solo12 micro] step  70  loss -10.8674  policy -11.3690  kl 1.18132  text_kl 0.14750
    [solo12 micro] step  79  loss -17.6140  policy -17.8330  kl 0.94920  text_kl 0.05717
  GATE[solo12]: PROMOTE — stub gate checks passed
  gate metrics: {"mean_reward": 0.3333333333333333, "unique_response_ratio": 0.6666666666666666, "top_response_fraction": 0.3333333333333333, "final_kl": 0.9492018818855286}
    [recal] step   0  loss +7.0310
    [recal] step 133  loss +3.5097
    [recal] step 266  loss +3.4620
    [recal] step 399  loss +3.3694
    [recal] step 532  loss +3.4643
    [recal] step 665  loss +3.2843
    [recal] step 798  loss +3.3125
    [recal] step 799  loss +3.2957
  solo ep12 chess_counts      util 0.876 gain +13.493  gate=PROMOTE
    [solo13 micro] step   0  loss +1.3821  policy +0.8996  kl 0.28130  text_kl 0.15614
    [solo13 micro] step  10  loss -14.9320  policy -16.2415  kl 1.36502  text_kl 0.41378
    [solo13 micro] step  20  loss +7.4272  policy +6.4468  kl 1.16425  text_kl 0.30739
    [solo13 micro] step  30  loss -8.9065  policy -9.5554  kl 0.93065  text_kl 0.20081
    [solo13 micro] step  40  loss +4.6290  policy +4.1793  kl 0.78668  text_kl 0.13678
    [solo13 micro] step  50  loss -1.6772  policy -2.1541  kl 1.10254  text_kl 0.14061
    [solo13 micro] step  60  loss -18.0366  policy -18.3541  kl 1.01180  text_kl 0.08899
    [solo13 micro] step  70  loss -11.1454  policy -11.4524  kl 1.14076  text_kl 0.08333
    [solo13 micro] step  79  loss -19.4493  policy -19.6896  kl 1.18528  text_kl 0.06034
  GATE[solo13]: PROMOTE — stub gate checks passed
  gate metrics: {"mean_reward": 0.3333333333333333, "unique_response_ratio": 1.0, "top_response_fraction": 0.1111111111111111, "final_kl": 1.1852840185165405}
    [recal] step   0  loss +7.5396
    [recal] step 133  loss +3.7512
    [recal] step 266  loss +3.6064
    [recal] step 399  loss +3.5113
    [recal] step 532  loss +3.5972
    [recal] step 665  loss +3.4005
    [recal] step 798  loss +3.4294
    [recal] step 799  loss +3.4085
  solo ep13 ocean_counts      util 0.859 gain +14.032  gate=PROMOTE
    [solo14 micro] step   0  loss +1.2373  policy +0.7547  kl 0.28424  text_kl 0.15614
    [solo14 micro] step  10  loss -15.6207  policy -16.9829  kl 1.33351  text_kl 0.43183
    [solo14 micro] step  20  loss +5.6390  policy +4.8396  kl 0.81298  text_kl 0.25289
    [solo14 micro] step  30  loss -8.9300  policy -9.6998  kl 1.00744  text_kl 0.23981
    [solo14 micro] step  40  loss +5.9802  policy +5.3007  kl 0.93520  text_kl 0.21091
    [solo14 micro] step  50  loss -1.3602  policy -1.8329  kl 1.03392  text_kl 0.14031
    [solo14 micro] step  60  loss -17.1114  policy -17.4779  kl 1.02622  text_kl 0.10505
    [solo14 micro] step  70  loss -11.6875  policy -12.0031  kl 1.07955  text_kl 0.08719
    [solo14 micro] step  79  loss -20.2428  policy -20.5071  kl 1.11723  text_kl 0.06947
  GATE[solo14]: PROMOTE — stub gate checks passed
  gate metrics: {"mean_reward": 0.3333333333333333, "unique_response_ratio": 0.8888888888888888, "top_response_fraction": 0.2222222222222222, "final_kl": 1.1172343492507935}
    [recal] step   0  loss +7.4173
    [recal] step 133  loss +3.7869
    [recal] step 266  loss +3.6606
    [recal] step 399  loss +3.5787
    [recal] step 532  loss +3.6784
    [recal] step 665  loss +3.4701
    [recal] step 798  loss +3.5131
    [recal] step 799  loss +3.4928
  solo ep14 forest_counts     util 0.790 gain +17.771  gate=PROMOTE
    [solo15 micro] step   0  loss +1.3544  policy +0.8714  kl 0.29211  text_kl 0.15614
    [solo15 micro] step  10  loss -10.5857  policy -11.4547  kl 1.12961  text_kl 0.27083
    [solo15 micro] step  20  loss +5.4690  policy +4.5661  kl 1.04504  text_kl 0.28354
    [solo15 micro] step  30  loss -8.5576  policy -9.4536  kl 1.10643  text_kl 0.28023
    [solo15 micro] step  40  loss +4.8959  policy +4.3539  kl 0.98961  text_kl 0.16419
    [solo15 micro] step  50  loss -0.7289  policy -1.1214  kl 1.21293  text_kl 0.11062
    [solo15 micro] step  60  loss -16.9671  policy -17.4527  kl 1.06339  text_kl 0.14415
    [solo15 micro] step  70  loss -11.7030  policy -12.0697  kl 0.91412  text_kl 0.10698
    [solo15 micro] step  79  loss -19.8366  policy -20.0682  kl 1.11695  text_kl 0.05858
  GATE[solo15]: PROMOTE — stub gate checks passed
  gate metrics: {"mean_reward": 0.3333333333333333, "unique_response_ratio": 0.7777777777777778, "top_response_fraction": 0.2222222222222222, "final_kl": 1.1169488430023193}
    [recal] step   0  loss +8.3532
    [recal] step 133  loss +3.8672
    [recal] step 266  loss +3.5568
    [recal] step 399  loss +3.4510
    [recal] step 532  loss +3.5451
    [recal] step 665  loss +3.3500
    [recal] step 798  loss +3.3815
    [recal] step 799  loss +3.3615
  solo ep15 bridge_counts     util 0.862 gain +15.713  gate=PROMOTE

========================================================================
PHASE 2 — N=16 library build (ctrlB recipe)
========================================================================
    [ep0 micro] step   0  loss +1.6594  policy +1.1698  kl 0.42254  text_kl 0.15614
    [ep0 micro] step  10  loss -7.6150  policy -8.5446  kl 1.12719  text_kl 0.29107
    [ep0 micro] step  20  loss +5.6949  policy +4.7199  kl 1.22213  text_kl 0.30463
    [ep0 micro] step  30  loss -9.3008  policy -10.1899  kl 1.47853  text_kl 0.27173
    [ep0 micro] step  40  loss +6.4332  policy +5.9383  kl 1.32050  text_kl 0.14297
    [ep0 micro] step  50  loss -2.6883  policy -3.0506  kl 1.45175  text_kl 0.09658
    [ep0 micro] step  60  loss -17.8098  policy -18.1326  kl 1.44890  text_kl 0.08345
    [ep0 micro] step  70  loss -10.9264  policy -11.3477  kl 1.42322  text_kl 0.11671
    [ep0 micro] step  79  loss -18.6448  policy -18.8475  kl 1.72582  text_kl 0.03880
  GATE[ep0]: PROMOTE — stub gate checks passed
  gate metrics: {"mean_reward": 0.3333333333333333, "unique_response_ratio": 0.7777777777777778, "top_response_fraction": 0.2222222222222222, "final_kl": 1.7258186340332031}
    [recal] step   0  loss +8.3944
    [recal] step 133  loss +3.6792
    [recal] step 266  loss +3.5179
    [recal] step 399  loss +3.4158
    [recal] step 532  loss +3.5331
    [recal] step 665  loss +3.3323
    [recal] step 798  loss +3.3391
    [recal] step 799  loss +3.3384
  insert 1/16 math_words        p_any 0.207  e0 u 0.88 m +11.85
    [ep1 micro] step   0  loss +1.5615  policy +0.7824  kl 0.38270  text_kl 0.25334
    [ep1 micro] step  10  loss -15.1829  policy -15.9706  kl 0.91524  text_kl 0.24732
    [ep1 micro] step  20  loss +6.3642  policy +5.6939  kl 0.90321  text_kl 0.20839
    [ep1 micro] step  30  loss -8.6337  policy -9.8296  kl 0.75564  text_kl 0.38601
    [ep1 micro] step  40  loss +4.9233  policy +4.3179  kl 0.56454  text_kl 0.19240
    [ep1 micro] step  50  loss -1.0449  policy -1.6213  kl 1.06440  text_kl 0.17437
    [ep1 micro] step  60  loss -18.3491  policy -18.8386  kl 0.91810  text_kl 0.14786
    [ep1 micro] step  70  loss -11.6128  policy -11.9478  kl 0.81115  text_kl 0.09815
    [ep1 micro] step  79  loss -19.5131  policy -19.8165  kl 0.95486  text_kl 0.08523
  GATE[ep1]: PROMOTE — stub gate checks passed
  gate metrics: {"mean_reward": 0.3333333333333333, "unique_response_ratio": 0.8888888888888888, "top_response_fraction": 0.2222222222222222, "final_kl": 0.9548629522323608}
    [recal] step   0  loss +7.6431
    [recal] step 133  loss +3.6355
    [recal] step 266  loss +3.3819
    [recal] step 399  loss +3.2736
    [recal] step 532  loss +3.3272
    [recal] step 665  loss +3.1818
    [recal] step 798  loss +3.1839
    [recal] step 799  loss +3.1709
  insert 2/16 cooking_counts    p_any 0.401  e0 u 0.94 m +11.91 e1 u 0.82 m +10.28
    [ep2 micro] step   0  loss +1.8980  policy +0.9718  kl 1.48413  text_kl 0.28398
    [ep2 micro] step  10  loss -9.4123  policy -10.0757  kl 0.34360  text_kl 0.21540
    [ep2 micro] step  20  loss +7.0713  policy +6.3233  kl 0.40791  text_kl 0.24255
    [ep2 micro] step  30  loss -8.8152  policy -9.5889  kl 0.48952  text_kl 0.24971
    [ep2 micro] step  40  loss +5.7767  policy +5.2168  kl 0.41468  text_kl 0.17970
    [ep2 micro] step  50  loss -1.6454  policy -2.1224  kl 0.52194  text_kl 0.15030
    [ep2 micro] step  60  loss -18.8249  policy -19.2671  kl 0.57321  text_kl 0.13785
    [ep2 micro] step  70  loss -12.3228  policy -12.6159  kl 0.47028  text_kl 0.08988
    [ep2 micro] step  79  loss -19.4957  policy -19.7506  kl 0.67488  text_kl 0.07370
  GATE[ep2]: PROMOTE — stub gate checks passed
  gate metrics: {"mean_reward": 0.3333333333333333, "unique_response_ratio": 0.7777777777777778, "top_response_fraction": 0.2222222222222222, "final_kl": 0.674884557723999}
    [recal] step   0  loss +6.9291
    [recal] step 133  loss +3.3730
    [recal] step 266  loss +3.3060
    [recal] step 399  loss +3.2381
    [recal] step 532  loss +3.2681
    [recal] step 665  loss +3.1606
    [recal] step 798  loss +3.1767
    [recal] step 799  loss +3.1634
  insert 3/16 astronomy_counts  p_any 0.467  e0 u 0.95 m +12.05 e1 u 0.72 m +9.93 e2 u 0.67 m +11.08
    [ep3 micro] step   0  loss +1.8216  policy +0.6856  kl 1.86480  text_kl 0.34761
    [ep3 micro] step  10  loss -14.9883  policy -15.8262  kl 0.67729  text_kl 0.26802
    [ep3 micro] step  20  loss +5.8617  policy +5.0483  kl 0.32739  text_kl 0.26568
    [ep3 micro] step  30  loss -8.9817  policy -9.6961  kl 0.37712  text_kl 0.23186
    [ep3 micro] step  40  loss +5.8963  policy +5.5147  kl 0.20681  text_kl 0.12374
    [ep3 micro] step  50  loss -0.3091  policy -0.7873  kl 0.80494  text_kl 0.14601
    [ep3 micro] step  60  loss -18.5731  policy -18.9173  kl 0.43474  text_kl 0.10750
    [ep3 micro] step  70  loss -11.6312  policy -11.9890  kl 0.44413  text_kl 0.11187
    [ep3 micro] step  79  loss -20.1270  policy -20.3804  kl 0.42831  text_kl 0.07733
  GATE[ep3]: PROMOTE — stub gate checks passed
  gate metrics: {"mean_reward": 0.3333333333333333, "unique_response_ratio": 0.5555555555555556, "top_response_fraction": 0.3333333333333333, "final_kl": 0.42830848693847656}
    [recal] step   0  loss +6.1903
    [recal] step 133  loss +3.3810
    [recal] step 266  loss +3.3035
    [recal] step 399  loss +3.2259
    [recal] step 532  loss +3.2520
    [recal] step 665  loss +3.1685
    [recal] step 798  loss +3.1738
    [recal] step 799  loss +3.1640
  insert 4/16 music_counts      p_any 0.531  e0 u 0.95 m +12.06 e1 u 0.59 m +10.38 e2 u 0.63 m +12.95 e3 u 0.58 m +10.09
    [ep4 micro] step   0  loss +2.3506  policy +1.1245  kl 1.62090  text_kl 0.38170
    [ep4 micro] step  10  loss -14.1599  policy -15.0152  kl 0.80307  text_kl 0.27172
    [ep4 micro] step  20  loss +6.8621  policy +6.1023  kl 0.37666  text_kl 0.24697
    [ep4 micro] step  30  loss -7.9654  policy -8.6581  kl 0.49546  text_kl 0.22265
    [ep4 micro] step  40  loss +5.7917  policy +5.1638  kl 0.34333  text_kl 0.20358
    [ep4 micro] step  50  loss -0.5442  policy -1.0573  kl 0.52857  text_kl 0.16221
    [ep4 micro] step  60  loss -18.3284  policy -18.7775  kl 0.69438  text_kl 0.13811
    [ep4 micro] step  70  loss -11.1510  policy -11.4621  kl 0.50150  text_kl 0.09532
    [ep4 micro] step  79  loss -19.7724  policy -20.0244  kl 0.63807  text_kl 0.07334
  GATE[ep4]: PROMOTE — stub gate checks passed
  gate metrics: {"mean_reward": 0.3333333333333333, "unique_response_ratio": 0.8888888888888888, "top_response_fraction": 0.2222222222222222, "final_kl": 0.6380669474601746}
    [recal] step   0  loss +6.8557
    [recal] step 133  loss +3.6364
    [recal] step 266  loss +3.3387
    [recal] step 399  loss +3.2775
    [recal] step 532  loss +3.2987
    [recal] step 665  loss +3.2208
    [recal] step 798  loss +3.2328
    [recal] step 799  loss +3.2196
  insert 5/16 sports_counts     p_any 0.564  e0 u 0.95 m +12.04 e1 u 0.56 m +9.19 e2 u 0.54 m +12.43 e3 u 0.48 m +12.52 e4 u 0.46 m +11.92
    [ep5 micro] step   0  loss +2.7025  policy +1.4380  kl 1.79141  text_kl 0.39163
    [ep5 micro] step  10  loss -12.9146  policy -14.1953  kl 0.82296  text_kl 0.41317
    [ep5 micro] step  20  loss +6.5718  policy +5.7238  kl 0.37018  text_kl 0.27652
    [ep5 micro] step  30  loss -9.0406  policy -9.8582  kl 0.45525  text_kl 0.26494
    [ep5 micro] step  40  loss +5.9137  policy +5.1493  kl 0.30838  text_kl 0.24966
    [ep5 micro] step  50  loss -0.7654  policy -1.7159  kl 0.34086  text_kl 0.31117
    [ep5 micro] step  60  loss -18.5436  policy -19.0231  kl 0.69334  text_kl 0.14827
    [ep5 micro] step  70  loss -10.7559  policy -11.1492  kl 0.60150  text_kl 0.12107
    [ep5 micro] step  79  loss -19.8312  policy -20.0998  kl 0.45184  text_kl 0.08203
  GATE[ep5]: PROMOTE — stub gate checks passed
  gate metrics: {"mean_reward": 0.3333333333333333, "unique_response_ratio": 1.0, "top_response_fraction": 0.1111111111111111, "final_kl": 0.4518355429172516}
    [recal] step   0  loss +6.2636
    [recal] step 133  loss +3.4821
    [recal] step 266  loss +3.3646
    [recal] step 399  loss +3.3108
    [recal] step 532  loss +3.3345
    [recal] step 665  loss +3.2592
    [recal] step 798  loss +3.2726
    [recal] step 799  loss +3.2629
  insert 6/16 anatomy_counts    p_any 0.568  e0 u 0.96 m +11.84 e1 u 0.51 m +9.77 e2 u 0.47 m +11.35 e3 u 0.41 m +8.45 e4 u 0.44 m +6.96 e5 u 0.27 m +11.22
    [ep6 micro] step   0  loss +1.6134  policy +0.6657  kl 1.38199  text_kl 0.29287
    [ep6 micro] step  10  loss -6.1066  policy -6.7658  kl 0.50696  text_kl 0.21129
    [ep6 micro] step  20  loss +8.1793  policy +6.7493  kl 0.38557  text_kl 0.47022
    [ep6 micro] step  30  loss -6.7626  policy -7.5106  kl 0.47150  text_kl 0.24147
    [ep6 micro] step  40  loss +5.6761  policy +5.0241  kl 0.40426  text_kl 0.21059
    [ep6 micro] step  50  loss -1.9082  policy -2.4388  kl 0.32075  text_kl 0.17152
    [ep6 micro] step  60  loss -17.1361  policy -17.5819  kl 0.48999  text_kl 0.14044
    [ep6 micro] step  70  loss -10.2220  policy -10.5262  kl 0.34126  text_kl 0.09573
    [ep6 micro] step  79  loss -18.7251  policy -19.0155  kl 0.46970  text_kl 0.08898
  GATE[ep6]: PROMOTE — stub gate checks passed
  gate metrics: {"mean_reward": 0.3333333333333333, "unique_response_ratio": 1.0, "top_response_fraction": 0.1111111111111111, "final_kl": 0.46969687938690186}
    [recal] step   0  loss +7.2071
    [recal] step 133  loss +3.7482
    [recal] step 266  loss +3.4347
    [recal] step 399  loss +3.3980
    [recal] step 532  loss +3.4051
    [recal] step 665  loss +3.3500
    [recal] step 798  loss +3.3540
    [recal] step 799  loss +3.3481
  insert 7/16 computing_counts  p_any 0.581  e0 u 0.94 m +11.93 e1 u 0.46 m +10.26 e2 u 0.43 m +12.53 e3 u 0.34 m +8.17 e4 u 0.41 m +7.04 e5 u 0.32 m +10.98 e6 u 0.24 m +2.64
    [ep7 micro] step   0  loss +1.6233  policy +0.5584  kl 2.18122  text_kl 0.31863
    [ep7 micro] step  10  loss -14.3349  policy -15.0714  kl 0.52477  text_kl 0.23675
    [ep7 micro] step  20  loss +6.1610  policy +5.4253  kl 0.23860  text_kl 0.24124
    [ep7 micro] step  30  loss -9.2618  policy -9.8221  kl 0.19798  text_kl 0.18344
    [ep7 micro] step  40  loss +5.6708  policy +5.2251  kl 0.18838  text_kl 0.14544
    [ep7 micro] step  50  loss -2.0502  policy -2.4214  kl 0.20167  text_kl 0.12036
    [ep7 micro] step  60  loss -17.8095  policy -18.0904  kl 0.09680  text_kl 0.09201
    [ep7 micro] step  70  loss -11.5434  policy -11.7843  kl 0.17281  text_kl 0.07741
    [ep7 micro] step  79  loss -18.3569  policy -18.5758  kl 0.05850  text_kl 0.07198
  GATE[ep7]: PROMOTE — stub gate checks passed
  gate metrics: {"mean_reward": 0.3333333333333333, "unique_response_ratio": 0.7777777777777778, "top_response_fraction": 0.2222222222222222, "final_kl": 0.05849911645054817}
    [recal] step   0  loss +7.4591
    [recal] step 133  loss +3.6542
    [recal] step 266  loss +3.4823
    [recal] step 399  loss +3.4210
    [recal] step 532  loss +3.4235
    [recal] step 665  loss +3.3781
    [recal] step 798  loss +3.3746
    [recal] step 799  loss +3.3683
  insert 8/16 geology_counts    p_any 0.600  e0 u 0.94 m +12.22 e1 u 0.43 m +8.19 e2 u 0.43 m +10.71 e3 u 0.35 m +1.07 e4 u 0.41 m +6.73 e5 u 0.30 m +10.93 e6 u 0.33 m +3.19 e7 u 0.29 m +7.51
    [ep8 micro] step   0  loss +1.8552  policy +0.6989  kl 1.95518  text_kl 0.35284
    [ep8 micro] step  10  loss -15.2838  policy -16.2944  kl 0.36626  text_kl 0.33076
    [ep8 micro] step  20  loss +5.2660  policy +4.6117  kl 0.35947  text_kl 0.21211
    [ep8 micro] step  30  loss -9.6938  policy -10.4629  kl 0.31246  text_kl 0.25114
    [ep8 micro] step  40  loss +5.5546  policy +5.0124  kl 0.26258  text_kl 0.17634
    [ep8 micro] step  50  loss -2.1473  policy -2.6111  kl 0.36196  text_kl 0.14854
    [ep8 micro] step  60  loss -17.8140  policy -18.2153  kl 0.25891  text_kl 0.12943
    [ep8 micro] step  70  loss -11.6594  policy -11.9788  kl 0.26056  text_kl 0.10213
    [ep8 micro] step  79  loss -18.9486  policy -19.2139  kl 0.39989  text_kl 0.08175
  GATE[ep8]: PROMOTE — stub gate checks passed
  gate metrics: {"mean_reward": 0.3333333333333333, "unique_response_ratio": 0.7777777777777778, "top_response_fraction": 0.2222222222222222, "final_kl": 0.3998912572860718}
    [recal] step   0  loss +7.4445
    [recal] step 133  loss +3.9145
    [recal] step 266  loss +3.5190
    [recal] step 399  loss +3.4727
    [recal] step 532  loss +3.4774
    [recal] step 665  loss +3.4331
    [recal] step 798  loss +3.4316
    [recal] step 799  loss +3.4265
  insert 9/16 history_counts    p_any 0.599  e0 u 0.95 m +11.97 e1 u 0.38 m +6.16 e2 u 0.39 m +13.17 e3 u 0.38 m +10.74 e4 u 0.37 m +7.89 e5 u 0.28 m +11.15 e6 u 0.29 m +3.86 e7 u 0.34 m +7.21 e8 u 0.20 m +8.37
    [ep9 micro] step   0  loss +2.0308  policy +0.9509  kl 1.40282  text_kl 0.33659
    [ep9 micro] step  10  loss -11.4598  policy -12.2998  kl 0.78153  text_kl 0.26700
    [ep9 micro] step  20  loss +5.4916  policy +4.5764  kl 0.46372  text_kl 0.29734
    [ep9 micro] step  30  loss -8.6405  policy -9.2206  kl 0.49519  text_kl 0.18512
    [ep9 micro] step  40  loss +5.2615  policy +4.7790  kl 0.19326  text_kl 0.15762
    [ep9 micro] step  50  loss -2.1509  policy -2.6916  kl 0.41015  text_kl 0.17338
    [ep9 micro] step  60  loss -17.5330  policy -17.9095  kl 0.42015  text_kl 0.11852
    [ep9 micro] step  70  loss -11.3040  policy -11.5751  kl 0.29679  text_kl 0.08542
    [ep9 micro] step  79  loss -19.7987  policy -20.0435  kl 0.33114  text_kl 0.07608
  GATE[ep9]: PROMOTE — stub gate checks passed
  gate metrics: {"mean_reward": 0.3333333333333333, "unique_response_ratio": 0.7777777777777778, "top_response_fraction": 0.2222222222222222, "final_kl": 0.3311443626880646}
    [recal] step   0  loss +6.5557
    [recal] step 133  loss +3.7494
    [recal] step 266  loss +3.5319
    [recal] step 399  loss +3.4961
    [recal] step 532  loss +3.5054
    [recal] step 665  loss +3.4600
    [recal] step 798  loss +3.4665
    [recal] step 799  loss +3.4610
  insert 10/16 travel_counts     p_any 0.609  e0 u 0.94 m +12.02 e1 u 0.35 m +5.83 e2 u 0.37 m +10.99 e3 u 0.35 m +6.34 e4 u 0.39 m +4.33 e5 u 0.29 m +10.91 e6 u 0.33 m +2.99 e7 u 0.35 m +2.65 e8 u 0.36 m +6.89 e9 u 0.14 m +8.06
    [ep10 micro] step   0  loss +2.5497  policy +1.3372  kl 1.04231  text_kl 0.38680
    [ep10 micro] step  10  loss -12.2744  policy -13.4634  kl 0.91978  text_kl 0.38101
    [ep10 micro] step  20  loss +5.6490  policy +4.9176  kl 0.47955  text_kl 0.23582
    [ep10 micro] step  30  loss -10.2714  policy -10.9473  kl 0.60987  text_kl 0.21515
    [ep10 micro] step  40  loss +5.0301  policy +4.4721  kl 0.33274  text_kl 0.18044
    [ep10 micro] step  50  loss -2.4839  policy -3.1484  kl 0.40947  text_kl 0.21467
    [ep10 micro] step  60  loss -18.0468  policy -18.5525  kl 0.58813  text_kl 0.15876
    [ep10 micro] step  70  loss -11.3553  policy -11.6847  kl 0.52696  text_kl 0.10102
    [ep10 micro] step  79  loss -19.5799  policy -19.8743  kl 0.58308  text_kl 0.08843
  GATE[ep10]: PROMOTE — stub gate checks passed
  gate metrics: {"mean_reward": 0.3333333333333333, "unique_response_ratio": 0.7777777777777778, "top_response_fraction": 0.2222222222222222, "final_kl": 0.5830777883529663}
    [recal] step   0  loss +7.8365
    [recal] step 133  loss +4.0612
    [recal] step 266  loss +3.6297
    [recal] step 399  loss +3.5542
    [recal] step 532  loss +3.5607
    [recal] step 665  loss +3.5208
    [recal] step 798  loss +3.5218
    [recal] step 799  loss +3.5178
  insert 11/16 weather_counts    p_any 0.615  e0 u 0.94 m +12.10 e1 u 0.34 m +6.30 e2 u 0.38 m +8.91 e3 u 0.36 m +6.29 e4 u 0.34 m +5.73 e5 u 0.30 m +10.69 e6 u 0.27 m +2.89 e7 u 0.34 m +1.40 e8 u 0.38 m +7.22 e9 u 0.21 m +6.13 e10 u 0.10 m +7.69
    [ep11 micro] step   0  loss +1.7935  policy +0.6893  kl 1.88542  text_kl 0.33664
    [ep11 micro] step  10  loss -8.2649  policy -8.8721  kl 0.56626  text_kl 0.19296
    [ep11 micro] step  20  loss +7.8667  policy +6.9375  kl 0.83757  text_kl 0.29580
    [ep11 micro] step  30  loss -8.8357  policy -9.5375  kl 0.61828  text_kl 0.22364
    [ep11 micro] step  40  loss +5.8473  policy +5.3468  kl 0.18314  text_kl 0.16381
    [ep11 micro] step  50  loss -1.2233  policy -1.7954  kl 0.72047  text_kl 0.17870
    [ep11 micro] step  60  loss -17.5980  policy -18.0184  kl 0.58387  text_kl 0.13040
    [ep11 micro] step  70  loss -10.5640  policy -10.8652  kl 0.50806  text_kl 0.09192
    [ep11 micro] step  79  loss -19.9029  policy -20.1582  kl 0.58780  text_kl 0.07532
  GATE[ep11]: PROMOTE — stub gate checks passed
  gate metrics: {"mean_reward": 0.3333333333333333, "unique_response_ratio": 0.8888888888888888, "top_response_fraction": 0.2222222222222222, "final_kl": 0.5878021121025085}
    [recal] step   0  loss +6.6800
    [recal] step 133  loss +3.7173
    [recal] step 266  loss +3.6178
    [recal] step 399  loss +3.5948
    [recal] step 532  loss +3.6036
    [recal] step 665  loss +3.5669
    [recal] step 798  loss +3.5676
    [recal] step 799  loss +3.5649
  insert 12/16 money_counts      p_any 0.598  e0 u 0.93 m +11.93 e1 u 0.32 m +6.85 e2 u 0.30 m +12.39 e3 u 0.32 m +5.27 e4 u 0.31 m +4.43 e5 u 0.28 m +10.95 e6 u 0.23 m +7.10 e7 u 0.35 m +3.29 e8 u 0.36 m +3.50 e9 u 0.20 m +9.80 e10 u 0.21 m +7.48 e11 u 0.10 m +2.45
    [ep12 micro] step   0  loss +1.4894  policy +0.3147  kl 2.15708  text_kl 0.35561
    [ep12 micro] step  10  loss -7.5217  policy -8.1315  kl 1.26213  text_kl 0.18222
    [ep12 micro] step  20  loss +4.6743  policy +4.0895  kl 0.45092  text_kl 0.18744
    [ep12 micro] step  30  loss -10.6297  policy -11.2096  kl 0.38578  text_kl 0.18688
    [ep12 micro] step  40  loss +3.4872  policy +2.9514  kl 0.37380  text_kl 0.17235
    [ep12 micro] step  50  loss -2.6966  policy -3.1482  kl 0.29620  text_kl 0.14562
    [ep12 micro] step  60  loss -19.0222  policy -19.3480  kl 0.43264  text_kl 0.10136
    [ep12 micro] step  70  loss -11.1682  policy -11.6025  kl 0.39817  text_kl 0.13813
    [ep12 micro] step  79  loss -20.0626  policy -20.3886  kl 0.31500  text_kl 0.10340
  GATE[ep12]: PROMOTE — stub gate checks passed
  gate metrics: {"mean_reward": 0.3333333333333333, "unique_response_ratio": 0.6666666666666666, "top_response_fraction": 0.3333333333333333, "final_kl": 0.31500008702278137}
    [recal] step   0  loss +7.1381
    [recal] step 133  loss +3.9094
    [recal] step 266  loss +3.6692
    [recal] step 399  loss +3.6290
    [recal] step 532  loss +3.6241
    [recal] step 665  loss +3.5911
    [recal] step 798  loss +3.5886
    [recal] step 799  loss +3.5842
  insert 13/16 chess_counts      p_any 0.609  e0 u 0.93 m +12.04 e1 u 0.31 m +5.43 e2 u 0.30 m +6.91 e3 u 0.32 m +0.92 e4 u 0.33 m +7.98 e5 u 0.23 m +11.10 e6 u 0.22 m +6.07 e7 u 0.35 m +1.37 e8 u 0.34 m +0.75 e9 u 0.25 m +7.46 e10 u 0.19 m +8.93 e11 u 0.18 m +7.04 e12 u 0.11 m +4.63
    [ep13 micro] step   0  loss +2.2196  policy +0.8996  kl 2.07700  text_kl 0.40538
    [ep13 micro] step  10  loss -14.9666  policy -16.1205  kl 0.44554  text_kl 0.37720
    [ep13 micro] step  20  loss +6.8276  policy +6.0076  kl 0.35075  text_kl 0.26749
    [ep13 micro] step  30  loss -9.3674  policy -9.9071  kl 0.29650  text_kl 0.17497
    [ep13 micro] step  40  loss +4.9082  policy +4.5339  kl 0.40096  text_kl 0.11806
    [ep13 micro] step  50  loss -1.5608  policy -1.8950  kl 0.35980  text_kl 0.10540
    [ep13 micro] step  60  loss -18.2674  policy -18.5632  kl 0.23208  text_kl 0.09472
    [ep13 micro] step  70  loss -11.3555  policy -11.5948  kl 0.33294  text_kl 0.07421
    [ep13 micro] step  79  loss -19.4823  policy -19.7193  kl 0.42721  text_kl 0.07188
  GATE[ep13]: PROMOTE — stub gate checks passed
  gate metrics: {"mean_reward": 0.3333333333333333, "unique_response_ratio": 1.0, "top_response_fraction": 0.1111111111111111, "final_kl": 0.42721056938171387}
    [recal] step   0  loss +7.3924
    [recal] step 133  loss +4.0278
    [recal] step 266  loss +3.6986
    [recal] step 399  loss +3.6652
    [recal] step 532  loss +3.6592
    [recal] step 665  loss +3.6329
    [recal] step 798  loss +3.6348
    [recal] step 799  loss +3.6328
  insert 14/16 ocean_counts      p_any 0.607  e0 u 0.94 m +12.12 e1 u 0.25 m +5.72 e2 u 0.26 m +4.21 e3 u 0.27 m +0.73 e4 u 0.32 m +2.40 e5 u 0.22 m +7.24 e6 u 0.21 m +3.20 e7 u 0.30 m +8.38 e8 u 0.33 m +4.04 e9 u 0.22 m +5.58 e10 u 0.18 m +7.02 e11 u 0.20 m +1.12 e12 u 0.25 m +6.24 e13 u 0.07 m +5.33
    [ep14 micro] step   0  loss +2.0681  policy +0.7547  kl 1.42936  text_kl 0.41398
    [ep14 micro] step  10  loss -14.7739  policy -15.5781  kl 0.49643  text_kl 0.25979
    [ep14 micro] step  20  loss +6.1239  policy +5.4562  kl 0.24060  text_kl 0.21855
    [ep14 micro] step  30  loss -9.2165  policy -9.9020  kl 0.52875  text_kl 0.21971
    [ep14 micro] step  40  loss +5.2237  policy +4.7925  kl 0.43286  text_kl 0.13651
    [ep14 micro] step  50  loss -1.4959  policy -1.8434  kl 0.32999  text_kl 0.11031
    [ep14 micro] step  60  loss -17.2970  policy -17.6890  kl 0.46404  text_kl 0.12291
    [ep14 micro] step  70  loss -12.0503  policy -12.2701  kl 0.35197  text_kl 0.06739
    [ep14 micro] step  79  loss -20.3482  policy -20.6489  kl 0.50921  text_kl 0.09176
  GATE[ep14]: PROMOTE — stub gate checks passed
  gate metrics: {"mean_reward": 0.3333333333333333, "unique_response_ratio": 0.8888888888888888, "top_response_fraction": 0.2222222222222222, "final_kl": 0.5092108845710754}
    [recal] step   0  loss +7.7676
    [recal] step 133  loss +4.1373
    [recal] step 266  loss +3.7581
    [recal] step 399  loss +3.7150
    [recal] step 532  loss +3.7133
    [recal] step 665  loss +3.6896
    [recal] step 798  loss +3.6849
    [recal] step 799  loss +3.6845
  insert 15/16 forest_counts     p_any 0.607  e0 u 0.95 m +11.90 e1 u 0.25 m +5.23 e2 u 0.25 m +7.74 e3 u 0.28 m +0.50 e4 u 0.31 m +1.60 e5 u 0.22 m +7.79 e6 u 0.22 m +6.17 e7 u 0.27 m +6.67 e8 u 0.32 m +0.99 e9 u 0.20 m +4.71 e10 u 0.15 m +7.70 e11 u 0.22 m +1.68 e12 u 0.27 m +7.71 e13 u 0.10 m +5.50 e14 u 0.05 m +7.19
    [ep15 micro] step   0  loss +2.2236  policy +0.8714  kl 1.61347  text_kl 0.42386
    [ep15 micro] step  10  loss -9.4182  policy -10.1519  kl 0.61649  text_kl 0.23427
    [ep15 micro] step  20  loss +6.2276  policy +5.5142  kl 0.46849  text_kl 0.22999
    [ep15 micro] step  30  loss -8.7548  policy -9.4770  kl 0.63441  text_kl 0.23016
    [ep15 micro] step  40  loss +5.6259  policy +5.0971  kl 0.40736  text_kl 0.16949
    [ep15 micro] step  50  loss -0.6037  policy -1.1023  kl 0.52858  text_kl 0.15738
    [ep15 micro] step  60  loss -17.2460  policy -17.5741  kl 0.47426  text_kl 0.10146
    [ep15 micro] step  70  loss -11.4657  policy -11.7170  kl 0.47761  text_kl 0.07584
    [ep15 micro] step  79  loss -20.0069  policy -20.3564  kl 0.76048  text_kl 0.10380
  GATE[ep15]: PROMOTE — stub gate checks passed
  gate metrics: {"mean_reward": 0.3333333333333333, "unique_response_ratio": 0.7777777777777778, "top_response_fraction": 0.2222222222222222, "final_kl": 0.7604814171791077}
    [recal] step   0  loss +8.6036
    [recal] step 133  loss +4.2598
    [recal] step 266  loss +3.8113
    [recal] step 399  loss +3.7476
    [recal] step 532  loss +3.7480
    [recal] step 665  loss +3.7250
    [recal] step 798  loss +3.7206
    [recal] step 799  loss +3.7182
  insert 16/16 bridge_counts     p_any 0.613  e0 u 0.94 m +11.91 e1 u 0.22 m +5.17 e2 u 0.26 m +3.54 e3 u 0.26 m +2.75 e4 u 0.28 m +1.66 e5 u 0.21 m +10.82 e6 u 0.19 m +6.18 e7 u 0.26 m +7.34 e8 u 0.29 m +0.89 e9 u 0.21 m +5.11 e10 u 0.15 m +5.25 e11 u 0.21 m +0.43 e12 u 0.25 m +7.43 e13 u 0.10 m +6.37 e14 u 0.10 m +7.11 e15 u 0.07 m +10.04

========================================================================
PHASE 2b — §4.4a final joint calibration (800)
========================================================================
    [recal] step   0  loss +3.7128
    [recal] step 133  loss +3.6853
    [recal] step 266  loss +3.6968
    [recal] step 399  loss +3.6837
    [recal] step 532  loss +3.6968
    [recal] step 665  loss +3.6688
    [recal] step 798  loss +3.6793
    [recal] step 799  loss +3.6776

========================================================================
PHASE 3 — library-state margins (final)
========================================================================
   ep episode               pre    solo     lib gain_lib gain_solo retention   util contam
    0 math_words         -7.507 +11.847 +12.044  +19.552   +19.354     1.010  0.951  0.085
    1 cooking_counts     -3.726 +11.771  +5.883   +9.610   +15.498     0.620  0.245  0.061
    2 astronomy_counts   -5.077 +12.172  +2.955   +8.032   +17.248     0.466  0.275  0.071
    3 music_counts       -6.569  +5.397  +3.612  +10.181   +11.967     0.851  0.339  0.060
    4 sports_counts      -5.041  +7.819  +2.378   +7.419   +12.860     0.577  0.313  0.051
    5 anatomy_counts     -4.897 +10.327 +10.381  +15.278   +15.224     1.004  0.210  0.038
    6 computing_counts   -3.351  +7.983  +6.738  +10.089   +11.334     0.890  0.212  0.052
    7 geology_counts     -5.290 +10.900  +8.558  +13.848   +16.190     0.855  0.275  0.057
    8 history_counts     -5.066 +13.827  +6.342  +11.409   +18.893     0.604  0.299  0.048
    9 travel_counts      -3.581  +7.597  +4.413   +7.994   +11.178     0.715  0.238  0.043
   10 weather_counts     -5.609  +7.552  +0.630   +6.239   +13.160     0.474  0.141  0.043
   11 money_counts       -4.843 +11.582  +2.389   +7.232   +16.425     0.440  0.196  0.057
   12 chess_counts       -4.966  +8.527  +9.846  +14.812   +13.493     1.098  0.282  0.049
   13 ocean_counts       -4.675  +9.357  +5.923  +10.598   +14.032     0.755  0.125  0.039
   14 forest_counts      -6.167 +11.604  +8.126  +14.293   +17.771     0.804  0.181  0.051
   15 bridge_counts      -3.652 +12.060  +6.300   +9.952   +15.713     0.633  0.177  0.038
  mean retention 0.737  util_min 0.125  contam_max 0.085
  base CE: 6.7735 -> 7.1878  (+6.116%)  p_any_plug 0.621  p_both 0.223
  bank norms: [1.944, 2.183, 2.174, 1.95, 40.326, 26.002, 23.202, 26.707, 25.334, 23.679, 23.711, 21.469, 25.289, 21.928, 21.634, 23.908, 22.413, 19.298, 19.504, 17.321]
  state saved: /home/tliao/VesperLM/lab/sandbox/g3_shaped/n16_shaped_state.pt

========================================================================
PHASE 4 — verdict (standing bar: margin retention >= 0.70)
========================================================================
  retention 0.737 vs bar 0.7 -> PASS
  base-CE residual: +6.116% with p_any_plug 0.621 (shape does not touch occupancy)

wrote /home/tliao/VesperLM/lab/results/g3_shaped_n16.json
total time: 6350.5s
