*** ROCm 6.3.42134-a9a80e791 detected ***
Did not detect bitsandbytes 8-bit optimizer installed, skipping and falling back to 32-bit optimizer
/opt/amdgpu/share/libdrm/amdgpu.ids: No such file or directory
[seed] VESPER_SEED=123 applied

--- BATCH SCALING ---
GPUs (World Size): 1
Micro-Batch Size: 8
Local Accumulation Steps: 1
Global Effective Batch: 8 (Target: 4)


[!] Starting fresh: lab_tiny (GLA hybrid, fp32)
[value-embed] VESPER_VALUE_EMBED=1: token-id value tables added to attention values on first/last layers: layer 0 (kda, width=128), layer 3 (mla, width=256)
========================================
MODEL ARCHITECTURE STATS
========================================
Config: small_v2
Dim: 128 | Layers: 4 | Heads: 4 (GQA KV: 2)
MoE: 4 Experts | Top K: 2 | Hidden Dim: 384
Max Seq Len: 512
----------------------------------------
Total Parameters:  36.41 M
Active Parameters: 35.23 M (Per Token)
========================================

Hybrid stack: {'kda': 3, 'mla': 1} (4 layers)

Using torch AdamW optimizer
Using Muon optimizer: 2,853,632 params (Muon) + 33,554,566 params (AdamW)

--- Running Dummy Pass to Pre-allocate Max VRAM ---
Max VRAM Successfully Reserved: 0.8GB
---------------------------------------------------

[03:19:37] Step 00000 | 0.00 global steps/s | 0.0 local passes/s
          Tok/s: 0 (GPU) | 0 (Total) | Total Trained: 4,096
          LR: 2.00e-05 | B2: 0.9972 | Seq: 512 | Phase: 1 | CE Loss: 11.1163 | Aux: 8.0011 | VRAM: 1.8GB
[03:19:38] Step 00010 | 13.15 global steps/s | 13.2 local passes/s
          Tok/s: 53,871 (GPU) | 53,871 (Total) | Total Trained: 45,056
          LR: 2.20e-04 | B2: 0.9972 | Seq: 512 | Phase: 1 | CE Loss: 11.0890 | Aux: 8.0061 | VRAM: 1.8GB
