/opt/amdgpu/share/libdrm/amdgpu.ids: No such file or directory
protocol D  base: lab_tiny  params=11.28M  layer_types=['kda', 'kda', 'kda', 'mla']
[phase 1] base train 400 steps on fineweb
  [base] step 1/400  ce=11.1122  tok/s=681
  [base] step 100/400  ce=7.3777  tok/s=42,230
  [base] step 200/400  ce=6.9706  tok/s=61,181
  [base] step 300/400  ce=6.5446  tok/s=72,109
  [base] step 400/400  ce=6.4930  tok/s=79,288
  base ce=6.4930  tok/s=79,288
[phase 2] protocol D (exp_steps=300 cal_steps=800 rw=15.0)
  -- B: expert 4 <- code (isolated, session-1 protocol) --
    [B/code] step 1/300  ce=9.9458  router_ce=1.6090  pos=1.6097  tok/s=92,592
    [B/code] step 100/300  ce=8.8287  router_ce=1.5306  pos=1.4203  tok/s=113,379
    [B/code] step 200/300  ce=8.2132  router_ce=1.4770  pos=1.3132  tok/s=114,632
    [B/code] step 300/300  ce=8.5084  router_ce=1.4306  pos=1.2465  tok/s=115,442
    [code] inserted at 4; recalibrating router (800 steps, domains=['code'])
    [B/cal-code] cal step 1/800  router_ce=1.5489
    [B/cal-code] cal step 50/800  router_ce=1.4704
    [B/cal-code] cal step 100/800  router_ce=1.4468
    [B/cal-code] cal step 150/800  router_ce=1.4658
    [B/cal-code] cal step 200/800  router_ce=1.4695
    [B/cal-code] cal step 250/800  router_ce=1.4358
    [B/cal-code] cal step 300/800  router_ce=1.4528
    [B/cal-code] cal step 350/800  router_ce=1.4478
    [B/cal-code] cal step 400/800  router_ce=1.4721
    [B/cal-code] cal step 450/800  router_ce=1.4558
    [B/cal-code] cal step 500/800  router_ce=1.4625
    [B/cal-code] cal step 550/800  router_ce=1.4914
    [B/cal-code] cal step 600/800  router_ce=1.4367
    [B/cal-code] cal step 650/800  router_ce=1.4389
    [B/cal-code] cal step 700/800  router_ce=1.4316
    [B/cal-code] cal step 750/800  router_ce=1.4026
    [B/cal-code] cal step 800/800  router_ce=1.4583
  -- B: expert 5 <- finemath (isolated, session-1 protocol) --
    [B/finemath] step 1/300  ce=8.2009  router_ce=1.6106  pos=1.6156  tok/s=107,308
    [B/finemath] step 100/300  ce=7.3219  router_ce=1.5699  pos=1.5301  tok/s=114,394
    [B/finemath] step 200/300  ce=7.5611  router_ce=1.5345  pos=1.4761  tok/s=114,186
    [B/finemath] step 300/300  ce=6.8038  router_ce=1.4898  pos=1.3977  tok/s=114,288
    [finemath] inserted at 5; recalibrating router (800 steps, domains=['code', 'finemath'])
    [B/cal-finemath] cal step 1/800  router_ce=1.7184
    [B/cal-finemath] cal step 50/800  router_ce=1.6398
    [B/cal-finemath] cal step 100/800  router_ce=1.6454
    [B/cal-finemath] cal step 150/800  router_ce=1.6281
    [B/cal-finemath] cal step 200/800  router_ce=1.6552
    [B/cal-finemath] cal step 250/800  router_ce=1.6355
    [B/cal-finemath] cal step 300/800  router_ce=1.6500
    [B/cal-finemath] cal step 350/800  router_ce=1.7081
    [B/cal-finemath] cal step 400/800  router_ce=1.6686
    [B/cal-finemath] cal step 450/800  router_ce=1.6333
    [B/cal-finemath] cal step 500/800  router_ce=1.6400
    [B/cal-finemath] cal step 550/800  router_ce=1.6373
    [B/cal-finemath] cal step 600/800  router_ce=1.6373
    [B/cal-finemath] cal step 650/800  router_ce=1.6322
    [B/cal-finemath] cal step 700/800  router_ce=1.6530
    [B/cal-finemath] cal step 750/800  router_ce=1.6261
    [B/cal-finemath] cal step 800/800  router_ce=1.6582
  -- B: expert 6 <- wikipedia (isolated, session-1 protocol) --
    [B/wikipedia] step 1/300  ce=7.9260  router_ce=1.6099  pos=1.6135  tok/s=110,462
    [B/wikipedia] step 100/300  ce=7.0524  router_ce=1.5820  pos=1.5448  tok/s=114,875
    [B/wikipedia] step 200/300  ce=6.8519  router_ce=1.5546  pos=1.5118  tok/s=114,988
    [B/wikipedia] step 300/300  ce=6.8674  router_ce=1.5247  pos=1.5071  tok/s=115,265
    [wikipedia] inserted at 6; recalibrating router (800 steps, domains=['code', 'finemath', 'wikipedia'])
    [B/cal-wikipedia] cal step 1/800  router_ce=1.8433
    [B/cal-wikipedia] cal step 50/800  router_ce=1.7939
    [B/cal-wikipedia] cal step 100/800  router_ce=1.7860
    [B/cal-wikipedia] cal step 150/800  router_ce=1.8218
    [B/cal-wikipedia] cal step 200/800  router_ce=1.7831
    [B/cal-wikipedia] cal step 250/800  router_ce=1.7647
    [B/cal-wikipedia] cal step 300/800  router_ce=1.8354
    [B/cal-wikipedia] cal step 350/800  router_ce=1.7893
    [B/cal-wikipedia] cal step 400/800  router_ce=1.7672
    [B/cal-wikipedia] cal step 450/800  router_ce=1.7947
    [B/cal-wikipedia] cal step 500/800  router_ce=1.7417
    [B/cal-wikipedia] cal step 550/800  router_ce=1.7856
    [B/cal-wikipedia] cal step 600/800  router_ce=1.7870
    [B/cal-wikipedia] cal step 650/800  router_ce=1.8051
    [B/cal-wikipedia] cal step 700/800  router_ce=1.7654
    [B/cal-wikipedia] cal step 750/800  router_ce=1.7659
    [B/cal-wikipedia] cal step 800/800  router_ce=1.7711
    [D] final joint recalibration (800 steps)
    [D/final-cal] cal step 1/800  router_ce=1.7923
    [D/final-cal] cal step 50/800  router_ce=1.8307
    [D/final-cal] cal step 100/800  router_ce=1.7894
    [D/final-cal] cal step 150/800  router_ce=1.7719
    [D/final-cal] cal step 200/800  router_ce=1.7609
    [D/final-cal] cal step 250/800  router_ce=1.7414
    [D/final-cal] cal step 300/800  router_ce=1.7558
    [D/final-cal] cal step 350/800  router_ce=1.7871
    [D/final-cal] cal step 400/800  router_ce=1.7877
    [D/final-cal] cal step 450/800  router_ce=1.7276
    [D/final-cal] cal step 500/800  router_ce=1.7713
    [D/final-cal] cal step 550/800  router_ce=1.7891
    [D/final-cal] cal step 600/800  router_ce=1.8058
    [D/final-cal] cal step 650/800  router_ce=1.7649
    [D/final-cal] cal step 700/800  router_ce=1.7673
    [D/final-cal] cal step 750/800  router_ce=1.7561
    [D/final-cal] cal step 800/800  router_ce=1.7259
  experts now: 7  passports: (7, 64)

=== swarm2_purity protocol D ===
base ce=6.4930 tok/s=79,288 | phase2 183s
fineweb   own=None cross_max=None util={'4': 0.092, '5': 0.2608, '6': 0.4573} ce_with=6.833 ce_masked=None delta=None
code      own=0.8103 cross_max=0.4937 util={'4': 0.8103, '5': 0.4937, '6': 0.1466} ce_with=8.518 ce_masked=9.3165 delta=0.7986
finemath  own=0.7272 cross_max=0.3622 util={'4': 0.3128, '5': 0.7272, '6': 0.3622} ce_with=7.2424 ce_masked=7.4561 delta=0.2136
wikipedia own=0.7081 cross_max=0.3213 util={'4': 0.1475, '5': 0.3213, '6': 0.7081} ce_with=6.9648 ce_masked=7.2523 delta=0.2875
gate code      own_ok=True cross_ok=False ce_ok=True -> False
gate finemath  own_ok=True cross_ok=False ce_ok=True -> False
gate wikipedia own_ok=True cross_ok=False ce_ok=True -> False
OVERALL PASS: False
wrote /root/swarm2_proto_d60.json
