/opt/amdgpu/share/libdrm/amdgpu.ids: No such file or directory
protocol D  base: lab_tiny  params=11.28M  layer_types=['kda', 'kda', 'kda', 'mla']
[phase 1] base train 400 steps on fineweb
  [base] step 1/400  ce=11.1122  tok/s=713
  [base] step 100/400  ce=7.3777  tok/s=43,801
  [base] step 200/400  ce=6.9706  tok/s=63,160
  [base] step 300/400  ce=6.5446  tok/s=74,136
  [base] step 400/400  ce=6.4930  tok/s=81,151
  base ce=6.4930  tok/s=81,151
[phase 2] protocol D (exp_steps=400 cal_steps=800 rw=15.0)
  -- B: expert 4 <- code (isolated, session-1 protocol) --
    [B/code] step 1/400  ce=9.9458  router_ce=1.6090  pos=1.6097  tok/s=93,497
    [B/code] step 100/400  ce=8.8287  router_ce=1.5306  pos=1.4203  tok/s=117,431
    [B/code] step 200/400  ce=8.2132  router_ce=1.4770  pos=1.3132  tok/s=118,164
    [B/code] step 300/400  ce=8.5084  router_ce=1.4306  pos=1.2465  tok/s=118,359
    [B/code] step 400/400  ce=8.1702  router_ce=1.4065  pos=1.1375  tok/s=118,422
    [code] inserted at 4; recalibrating router (800 steps, domains=['code'])
    [B/cal-code] cal step 1/800  router_ce=1.5555
    [B/cal-code] cal step 50/800  router_ce=1.4978
    [B/cal-code] cal step 100/800  router_ce=1.4968
    [B/cal-code] cal step 150/800  router_ce=1.4643
    [B/cal-code] cal step 200/800  router_ce=1.4783
    [B/cal-code] cal step 250/800  router_ce=1.4725
    [B/cal-code] cal step 300/800  router_ce=1.4938
    [B/cal-code] cal step 350/800  router_ce=1.4802
    [B/cal-code] cal step 400/800  router_ce=1.4822
    [B/cal-code] cal step 450/800  router_ce=1.5040
    [B/cal-code] cal step 500/800  router_ce=1.4616
    [B/cal-code] cal step 550/800  router_ce=1.4622
    [B/cal-code] cal step 600/800  router_ce=1.4591
    [B/cal-code] cal step 650/800  router_ce=1.4345
    [B/cal-code] cal step 700/800  router_ce=1.4806
    [B/cal-code] cal step 750/800  router_ce=1.4607
    [B/cal-code] cal step 800/800  router_ce=1.4697
  -- B: expert 5 <- finemath (isolated, session-1 protocol) --
    [B/finemath] step 1/400  ce=8.1214  router_ce=1.6106  pos=1.6156  tok/s=117,833
    [B/finemath] step 100/400  ce=7.6680  router_ce=1.5660  pos=1.5138  tok/s=118,372
    [B/finemath] step 200/400  ce=6.8201  router_ce=1.5216  pos=1.4218  tok/s=118,862
    [B/finemath] step 300/400  ce=6.9582  router_ce=1.5201  pos=1.4473  tok/s=118,998
    [B/finemath] step 400/400  ce=7.0474  router_ce=1.4917  pos=1.4166  tok/s=118,979
    [finemath] inserted at 5; recalibrating router (800 steps, domains=['code', 'finemath'])
    [B/cal-finemath] cal step 1/800  router_ce=1.7116
    [B/cal-finemath] cal step 50/800  router_ce=1.6497
    [B/cal-finemath] cal step 100/800  router_ce=1.6831
    [B/cal-finemath] cal step 150/800  router_ce=1.6538
    [B/cal-finemath] cal step 200/800  router_ce=1.6583
    [B/cal-finemath] cal step 250/800  router_ce=1.6586
    [B/cal-finemath] cal step 300/800  router_ce=1.6417
    [B/cal-finemath] cal step 350/800  router_ce=1.6442
    [B/cal-finemath] cal step 400/800  router_ce=1.6529
    [B/cal-finemath] cal step 450/800  router_ce=1.6424
    [B/cal-finemath] cal step 500/800  router_ce=1.6808
    [B/cal-finemath] cal step 550/800  router_ce=1.6379
    [B/cal-finemath] cal step 600/800  router_ce=1.6262
    [B/cal-finemath] cal step 650/800  router_ce=1.6981
    [B/cal-finemath] cal step 700/800  router_ce=1.6532
    [B/cal-finemath] cal step 750/800  router_ce=1.6450
    [B/cal-finemath] cal step 800/800  router_ce=1.6578
  -- B: expert 6 <- wikipedia (isolated, session-1 protocol) --
    [B/wikipedia] step 1/400  ce=7.6950  router_ce=1.6098  pos=1.6121  tok/s=114,667
    [B/wikipedia] step 100/400  ce=6.9357  router_ce=1.5746  pos=1.5400  tok/s=115,429
    [B/wikipedia] step 200/400  ce=6.8407  router_ce=1.5539  pos=1.5415  tok/s=115,768
    [B/wikipedia] step 300/400  ce=6.7287  router_ce=1.5421  pos=1.5380  tok/s=116,427
    [B/wikipedia] step 400/400  ce=6.9035  router_ce=1.5162  pos=1.4998  tok/s=116,544
    [wikipedia] inserted at 6; recalibrating router (800 steps, domains=['code', 'finemath', 'wikipedia'])
    [B/cal-wikipedia] cal step 1/800  router_ce=1.8558
    [B/cal-wikipedia] cal step 50/800  router_ce=1.8048
    [B/cal-wikipedia] cal step 100/800  router_ce=1.7965
    [B/cal-wikipedia] cal step 150/800  router_ce=1.8458
    [B/cal-wikipedia] cal step 200/800  router_ce=1.7842
    [B/cal-wikipedia] cal step 250/800  router_ce=1.7980
    [B/cal-wikipedia] cal step 300/800  router_ce=1.7838
    [B/cal-wikipedia] cal step 350/800  router_ce=1.7560
    [B/cal-wikipedia] cal step 400/800  router_ce=1.7983
    [B/cal-wikipedia] cal step 450/800  router_ce=1.8012
    [B/cal-wikipedia] cal step 500/800  router_ce=1.8227
    [B/cal-wikipedia] cal step 550/800  router_ce=1.7806
    [B/cal-wikipedia] cal step 600/800  router_ce=1.7877
    [B/cal-wikipedia] cal step 650/800  router_ce=1.7815
    [B/cal-wikipedia] cal step 700/800  router_ce=1.8216
    [B/cal-wikipedia] cal step 750/800  router_ce=1.7922
    [B/cal-wikipedia] cal step 800/800  router_ce=1.7689
    [D] final joint recalibration (800 steps)
    [D/final-cal] cal step 1/800  router_ce=1.7852
    [D/final-cal] cal step 50/800  router_ce=1.7793
    [D/final-cal] cal step 100/800  router_ce=1.7602
    [D/final-cal] cal step 150/800  router_ce=1.7859
    [D/final-cal] cal step 200/800  router_ce=1.7877
    [D/final-cal] cal step 250/800  router_ce=1.7853
    [D/final-cal] cal step 300/800  router_ce=1.7587
    [D/final-cal] cal step 350/800  router_ce=1.7835
    [D/final-cal] cal step 400/800  router_ce=1.8183
    [D/final-cal] cal step 450/800  router_ce=1.7996
    [D/final-cal] cal step 500/800  router_ce=1.7998
    [D/final-cal] cal step 550/800  router_ce=1.7727
    [D/final-cal] cal step 600/800  router_ce=1.7705
    [D/final-cal] cal step 650/800  router_ce=1.7617
    [D/final-cal] cal step 700/800  router_ce=1.7783
    [D/final-cal] cal step 750/800  router_ce=1.7563
    [D/final-cal] cal step 800/800  router_ce=1.7349
  experts now: 7  passports: (7, 64)

=== swarm2_purity protocol D ===
base ce=6.4930 tok/s=81,151 | phase2 194s
fineweb   own=None cross_max=None util={'4': 0.0753, '5': 0.2067, '6': 0.3924} ce_with=6.7071 ce_masked=None delta=None
code      own=0.7729 cross_max=0.2974 util={'4': 0.7729, '5': 0.2974, '6': 0.1337} ce_with=8.5247 ce_masked=9.5605 delta=1.0358
finemath  own=0.5897 cross_max=0.2901 util={'4': 0.2535, '5': 0.5897, '6': 0.2901} ce_with=7.2781 ce_masked=7.3889 delta=0.1109
wikipedia own=0.6759 cross_max=0.185 util={'4': 0.0995, '5': 0.185, '6': 0.6759} ce_with=7.0719 ce_masked=7.2998 delta=0.2279
gate code      own_ok=True cross_ok=True ce_ok=True -> True
gate finemath  own_ok=True cross_ok=True ce_ok=True -> True
gate wikipedia own_ok=True cross_ok=True ce_ok=True -> True
OVERALL PASS: True
wrote /root/swarm2_proto_d55.json
