/opt/amdgpu/share/libdrm/amdgpu.ids: No such file or directory
protocol B  base: lab_tiny  params=11.28M  layer_types=['kda', 'kda', 'kda', 'mla']
[phase 1] base train 400 steps on fineweb
  [base] step 1/400  ce=11.1122  tok/s=693
  [base] step 100/400  ce=7.3777  tok/s=42,050
  [base] step 200/400  ce=6.9706  tok/s=60,386
  [base] step 300/400  ce=6.5446  tok/s=69,728
  [base] step 400/400  ce=6.4930  tok/s=76,259
  base ce=6.4930  tok/s=76,259
[phase 2] protocol B (exp_steps=300 cal_steps=100 rw=15.0)
  -- B: expert 4 <- code (isolated, session-1 protocol) --
    [B/code] step 1/300  ce=9.9458  router_ce=1.6090  pos=1.6097  tok/s=94,503
    [B/code] step 100/300  ce=8.8287  router_ce=1.5306  pos=1.4203  tok/s=111,437
    [B/code] step 200/300  ce=8.2132  router_ce=1.4770  pos=1.3132  tok/s=112,256
    [B/code] step 300/300  ce=8.5084  router_ce=1.4306  pos=1.2465  tok/s=115,470
    [code] inserted at 4; recalibrating router (100 steps, domains=['code'])
    [B/cal-code] cal step 1/100  router_ce=1.4489
    [B/cal-code] cal step 50/100  router_ce=1.1394
    [B/cal-code] cal step 100/100  router_ce=1.0710
  -- B: expert 5 <- finemath (isolated, session-1 protocol) --
    [B/finemath] step 1/300  ce=8.1878  router_ce=1.6105  pos=1.6147  tok/s=125,600
    [B/finemath] step 100/300  ce=7.1858  router_ce=1.5503  pos=1.4208  tok/s=124,487
    [B/finemath] step 200/300  ce=7.2156  router_ce=1.5276  pos=1.4369  tok/s=124,635
    [B/finemath] step 300/300  ce=7.2536  router_ce=1.5070  pos=1.4512  tok/s=124,868
    [finemath] inserted at 5; recalibrating router (100 steps, domains=['code', 'finemath'])
    [B/cal-finemath] cal step 1/100  router_ce=1.4570
    [B/cal-finemath] cal step 50/100  router_ce=1.3372
    [B/cal-finemath] cal step 100/100  router_ce=1.3010
  -- B: expert 6 <- wikipedia (isolated, session-1 protocol) --
    [B/wikipedia] step 1/300  ce=7.7222  router_ce=1.6099  pos=1.6127  tok/s=124,472
    [B/wikipedia] step 100/300  ce=6.9469  router_ce=1.5796  pos=1.5470  tok/s=125,491
    [B/wikipedia] step 200/300  ce=6.7366  router_ce=1.5650  pos=1.5767  tok/s=125,093
    [B/wikipedia] step 300/300  ce=6.8053  router_ce=1.5451  pos=1.5641  tok/s=124,824
    [wikipedia] inserted at 6; recalibrating router (100 steps, domains=['code', 'finemath', 'wikipedia'])
    [B/cal-wikipedia] cal step 1/100  router_ce=1.5559
    [B/cal-wikipedia] cal step 50/100  router_ce=1.5483
    [B/cal-wikipedia] cal step 100/100  router_ce=1.4360
  experts now: 7  passports: (7, 64)

=== swarm2_purity protocol B ===
base ce=6.4930 tok/s=76,259 | phase2 43s
fineweb   own=None cross_max=None util={'4': 0.1962, '5': 0.6853, '6': 0.7632} ce_with=6.5559 ce_masked=None delta=None
code      own=0.8274 cross_max=0.8243 util={'4': 0.8274, '5': 0.8243, '6': 0.3131} ce_with=8.4535 ce_masked=9.2565 delta=0.8031
finemath  own=0.8972 cross_max=0.5419 util={'4': 0.4507, '5': 0.8972, '6': 0.5419} ce_with=7.207 ce_masked=7.4083 delta=0.2013
wikipedia own=0.8307 cross_max=0.7344 util={'4': 0.2376, '5': 0.7344, '6': 0.8307} ce_with=6.9561 ce_masked=7.166 delta=0.2099
gate code      own_ok=True cross_ok=False ce_ok=True -> False
gate finemath  own_ok=True cross_ok=False ce_ok=True -> False
gate wikipedia own_ok=True cross_ok=False ce_ok=True -> False
OVERALL PASS: False
wrote /root/swarm2_proto_b.json
