/opt/amdgpu/share/libdrm/amdgpu.ids: No such file or directory
protocol D  base: lab_tiny  params=11.28M  layer_types=['kda', 'kda', 'kda', 'mla']
[phase 1] base train 400 steps on fineweb
  [base] step 1/400  ce=11.1122  tok/s=737
  [base] step 100/400  ce=7.3777  tok/s=45,809
  [base] step 200/400  ce=6.9706  tok/s=66,561
  [base] step 300/400  ce=6.5446  tok/s=78,363
  [base] step 400/400  ce=6.4930  tok/s=86,083
  base ce=6.4930  tok/s=86,083
[phase 2] protocol D (exp_steps=300 cal_steps=100 rw=15.0)
  -- B: expert 4 <- code (isolated, session-1 protocol) --
    [B/code] step 1/300  ce=9.9458  router_ce=1.6090  pos=1.6097  tok/s=101,603
    [B/code] step 100/300  ce=8.8287  router_ce=1.5306  pos=1.4203  tok/s=125,251
    [B/code] step 200/300  ce=8.2132  router_ce=1.4770  pos=1.3132  tok/s=125,781
    [B/code] step 300/300  ce=8.5084  router_ce=1.4306  pos=1.2465  tok/s=126,255
    [code] inserted at 4; recalibrating router (100 steps, domains=['code'])
    [B/cal-code] cal step 1/100  router_ce=1.5739
    [B/cal-code] cal step 50/100  router_ce=1.5137
    [B/cal-code] cal step 100/100  router_ce=1.4973
  -- B: expert 5 <- finemath (isolated, session-1 protocol) --
    [B/finemath] step 1/300  ce=8.1878  router_ce=1.6105  pos=1.6147  tok/s=131,821
    [B/finemath] step 100/300  ce=7.1858  router_ce=1.5503  pos=1.4208  tok/s=127,108
    [B/finemath] step 200/300  ce=7.2156  router_ce=1.5276  pos=1.4369  tok/s=127,300
    [B/finemath] step 300/300  ce=7.2536  router_ce=1.5070  pos=1.4512  tok/s=127,499
    [finemath] inserted at 5; recalibrating router (100 steps, domains=['code', 'finemath'])
    [B/cal-finemath] cal step 1/100  router_ce=1.7439
    [B/cal-finemath] cal step 50/100  router_ce=1.7227
    [B/cal-finemath] cal step 100/100  router_ce=1.7109
  -- B: expert 6 <- wikipedia (isolated, session-1 protocol) --
    [B/wikipedia] step 1/300  ce=7.7222  router_ce=1.6099  pos=1.6127  tok/s=131,509
    [B/wikipedia] step 100/300  ce=6.9469  router_ce=1.5796  pos=1.5470  tok/s=130,668
    [B/wikipedia] step 200/300  ce=6.7366  router_ce=1.5650  pos=1.5767  tok/s=130,572
    [B/wikipedia] step 300/300  ce=6.8053  router_ce=1.5451  pos=1.5641  tok/s=130,383
    [wikipedia] inserted at 6; recalibrating router (100 steps, domains=['code', 'finemath', 'wikipedia'])
    [B/cal-wikipedia] cal step 1/100  router_ce=1.8638
    [B/cal-wikipedia] cal step 50/100  router_ce=1.8640
    [B/cal-wikipedia] cal step 100/100  router_ce=1.8264
    [D] final joint recalibration (600 steps)
    [D/final-cal] cal step 1/600  router_ce=1.8206
    [D/final-cal] cal step 50/600  router_ce=1.7997
    [D/final-cal] cal step 100/600  router_ce=1.8072
    [D/final-cal] cal step 150/600  router_ce=1.8210
    [D/final-cal] cal step 200/600  router_ce=1.8007
    [D/final-cal] cal step 250/600  router_ce=1.8474
    [D/final-cal] cal step 300/600  router_ce=1.8084
    [D/final-cal] cal step 350/600  router_ce=1.8233
    [D/final-cal] cal step 400/600  router_ce=1.8337
    [D/final-cal] cal step 450/600  router_ce=1.8504
    [D/final-cal] cal step 500/600  router_ce=1.8243
    [D/final-cal] cal step 550/600  router_ce=1.8065
    [D/final-cal] cal step 600/600  router_ce=1.7936
  experts now: 7  passports: (7, 64)

=== swarm2_purity protocol D ===
base ce=6.4930 tok/s=86,083 | phase2 74s
fineweb   own=None cross_max=None util={'4': 0.0656, '5': 0.192, '6': 0.2792} ce_with=6.759 ce_masked=None delta=None
code      own=0.7383 cross_max=0.2871 util={'4': 0.7383, '5': 0.2871, '6': 0.09} ce_with=8.7188 ce_masked=9.4535 delta=0.7347
finemath  own=0.5751 cross_max=0.2448 util={'4': 0.2448, '5': 0.5751, '6': 0.1659} ce_with=7.2213 ce_masked=7.2756 delta=0.0543
wikipedia own=0.4906 cross_max=0.2434 util={'4': 0.0993, '5': 0.2434, '6': 0.4906} ce_with=7.201 ce_masked=7.2685 delta=0.0674
gate code      own_ok=True cross_ok=True ce_ok=True -> True
gate finemath  own_ok=True cross_ok=True ce_ok=True -> True
gate wikipedia own_ok=False cross_ok=True ce_ok=True -> False
OVERALL PASS: False
wrote /root/swarm2_proto_d.json
