/opt/amdgpu/share/libdrm/amdgpu.ids: No such file or directory
protocol D  base: lab_small  params=33.11M  layer_types=['kda', 'kda', 'kda', 'mla', 'kda', 'kda']
[phase 1] base train 400 steps on fineweb
  [base] step 1/400  ce=11.1367  tok/s=1,331
  [base] step 100/400  ce=7.0548  tok/s=46,796
  [base] step 200/400  ce=6.6909  tok/s=56,042
  [base] step 300/400  ce=6.3112  tok/s=59,356
  [base] step 400/400  ce=6.1224  tok/s=60,866
  base ce=6.1224  tok/s=60,866
[phase 2] protocol D (exp_steps=400 cal_steps=800 rw=15.0)
  -- B: expert 4 <- code (isolated, session-1 protocol) --
    [B/code] step 1/400  ce=9.8710  router_ce=1.6113  pos=1.6274  tok/s=69,558
    [B/code] step 100/400  ce=8.2058  router_ce=1.5241  pos=1.4123  tok/s=74,760
    [B/code] step 200/400  ce=7.6600  router_ce=1.4869  pos=1.3236  tok/s=74,716
    [B/code] step 300/400  ce=7.8044  router_ce=1.4257  pos=1.1702  tok/s=74,683
    [B/code] step 400/400  ce=7.4495  router_ce=1.4050  pos=1.1195  tok/s=74,668
    [code] inserted at 4; recalibrating router (800 steps, domains=['code'])
    [B/cal-code] cal step 1/800  router_ce=1.5516
    [B/cal-code] cal step 50/800  router_ce=1.4733
    [B/cal-code] cal step 100/800  router_ce=1.4853
    [B/cal-code] cal step 150/800  router_ce=1.4387
    [B/cal-code] cal step 200/800  router_ce=1.4462
    [B/cal-code] cal step 250/800  router_ce=1.4458
    [B/cal-code] cal step 300/800  router_ce=1.4442
    [B/cal-code] cal step 350/800  router_ce=1.4561
    [B/cal-code] cal step 400/800  router_ce=1.4577
    [B/cal-code] cal step 450/800  router_ce=1.4555
    [B/cal-code] cal step 500/800  router_ce=1.4399
    [B/cal-code] cal step 550/800  router_ce=1.4511
    [B/cal-code] cal step 600/800  router_ce=1.4352
    [B/cal-code] cal step 650/800  router_ce=1.4201
    [B/cal-code] cal step 700/800  router_ce=1.4529
    [B/cal-code] cal step 750/800  router_ce=1.4400
    [B/cal-code] cal step 800/800  router_ce=1.4615
  -- B: expert 5 <- finemath (isolated, session-1 protocol) --
    [B/finemath] step 1/400  ce=7.8015  router_ce=1.6105  pos=1.6153  tok/s=72,749
    [B/finemath] step 100/400  ce=7.0601  router_ce=1.5688  pos=1.5322  tok/s=76,159
    [B/finemath] step 200/400  ce=6.4270  router_ce=1.5124  pos=1.4122  tok/s=76,159
    [B/finemath] step 300/400  ce=6.6231  router_ce=1.5067  pos=1.4507  tok/s=75,736
    [B/finemath] step 400/400  ce=6.5887  router_ce=1.4604  pos=1.3495  tok/s=75,568
    [finemath] inserted at 5; recalibrating router (800 steps, domains=['code', 'finemath'])
    [B/cal-finemath] cal step 1/800  router_ce=1.7189
    [B/cal-finemath] cal step 50/800  router_ce=1.6163
    [B/cal-finemath] cal step 100/800  router_ce=1.6305
    [B/cal-finemath] cal step 150/800  router_ce=1.6460
    [B/cal-finemath] cal step 200/800  router_ce=1.6255
    [B/cal-finemath] cal step 250/800  router_ce=1.6340
    [B/cal-finemath] cal step 300/800  router_ce=1.6015
    [B/cal-finemath] cal step 350/800  router_ce=1.6301
    [B/cal-finemath] cal step 400/800  router_ce=1.6136
    [B/cal-finemath] cal step 450/800  router_ce=1.6289
    [B/cal-finemath] cal step 500/800  router_ce=1.6294
    [B/cal-finemath] cal step 550/800  router_ce=1.6309
    [B/cal-finemath] cal step 600/800  router_ce=1.5944
    [B/cal-finemath] cal step 650/800  router_ce=1.6442
    [B/cal-finemath] cal step 700/800  router_ce=1.6371
    [B/cal-finemath] cal step 750/800  router_ce=1.6085
    [B/cal-finemath] cal step 800/800  router_ce=1.6166
  -- B: expert 6 <- wikipedia (isolated, session-1 protocol) --
    [B/wikipedia] step 1/400  ce=7.4490  router_ce=1.6105  pos=1.6179  tok/s=82,536
    [B/wikipedia] step 100/400  ce=6.6091  router_ce=1.5664  pos=1.5113  tok/s=77,367
    [B/wikipedia] step 200/400  ce=6.4557  router_ce=1.5341  pos=1.4546  tok/s=77,446
    [B/wikipedia] step 300/400  ce=6.3581  router_ce=1.4998  pos=1.3932  tok/s=77,418
    [B/wikipedia] step 400/400  ce=6.4978  router_ce=1.4595  pos=1.3171  tok/s=77,535
    [wikipedia] inserted at 6; recalibrating router (800 steps, domains=['code', 'finemath', 'wikipedia'])
    [B/cal-wikipedia] cal step 1/800  router_ce=1.8078
    [B/cal-wikipedia] cal step 50/800  router_ce=1.7371
    [B/cal-wikipedia] cal step 100/800  router_ce=1.7369
    [B/cal-wikipedia] cal step 150/800  router_ce=1.7459
    [B/cal-wikipedia] cal step 200/800  router_ce=1.7191
    [B/cal-wikipedia] cal step 250/800  router_ce=1.7239
    [B/cal-wikipedia] cal step 300/800  router_ce=1.7275
    [B/cal-wikipedia] cal step 350/800  router_ce=1.6805
    [B/cal-wikipedia] cal step 400/800  router_ce=1.7600
    [B/cal-wikipedia] cal step 450/800  router_ce=1.7564
    [B/cal-wikipedia] cal step 500/800  router_ce=1.7684
    [B/cal-wikipedia] cal step 550/800  router_ce=1.7056
    [B/cal-wikipedia] cal step 600/800  router_ce=1.7132
    [B/cal-wikipedia] cal step 650/800  router_ce=1.6890
    [B/cal-wikipedia] cal step 700/800  router_ce=1.7502
    [B/cal-wikipedia] cal step 750/800  router_ce=1.6890
    [B/cal-wikipedia] cal step 800/800  router_ce=1.6949
    [D] final joint recalibration (800 steps)
    [D/final-cal] cal step 1/800  router_ce=1.7223
    [D/final-cal] cal step 50/800  router_ce=1.7411
    [D/final-cal] cal step 100/800  router_ce=1.6984
    [D/final-cal] cal step 150/800  router_ce=1.6907
    [D/final-cal] cal step 200/800  router_ce=1.7172
    [D/final-cal] cal step 250/800  router_ce=1.7339
    [D/final-cal] cal step 300/800  router_ce=1.7178
    [D/final-cal] cal step 350/800  router_ce=1.7342
    [D/final-cal] cal step 400/800  router_ce=1.7538
    [D/final-cal] cal step 450/800  router_ce=1.7234
    [D/final-cal] cal step 500/800  router_ce=1.7353
    [D/final-cal] cal step 550/800  router_ce=1.7072
    [D/final-cal] cal step 600/800  router_ce=1.7015
    [D/final-cal] cal step 650/800  router_ce=1.7438
    [D/final-cal] cal step 700/800  router_ce=1.7469
    [D/final-cal] cal step 750/800  router_ce=1.7524
    [D/final-cal] cal step 800/800  router_ce=1.7177
  experts now: 7  passports: (7, 64)

=== swarm2_purity protocol D ===
base ce=6.1224 tok/s=60,866 | phase2 518s
fineweb   own=None cross_max=None util={'4': 0.0651, '5': 0.2156, '6': 0.3328} ce_with=6.4716 ce_masked=None delta=None
code      own=0.8526 cross_max=0.3308 util={'4': 0.8526, '5': 0.3308, '6': 0.0445} ce_with=7.7825 ce_masked=9.3146 delta=1.5321
finemath  own=0.6487 cross_max=0.2367 util={'4': 0.2367, '5': 0.6487, '6': 0.1881} ce_with=6.8213 ce_masked=7.1767 delta=0.3554
wikipedia own=0.7438 cross_max=0.1188 util={'4': 0.0546, '5': 0.1188, '6': 0.7438} ce_with=6.7467 ce_masked=7.1066 delta=0.3599
gate code      own_ok=True cross_ok=False ce_ok=True -> False
gate finemath  own_ok=True cross_ok=True ce_ok=True -> True
gate wikipedia own_ok=True cross_ok=True ce_ok=True -> True
OVERALL PASS: False
wrote /root/swarm3_t1_m055.json
