*** ROCm 6.3.42134-a9a80e791 detected ***
Did not detect bitsandbytes 8-bit optimizer installed, skipping and falling back to 32-bit optimizer
/opt/amdgpu/share/libdrm/amdgpu.ids: No such file or directory

--- BATCH SCALING ---
GPUs (World Size): 1
Micro-Batch Size: 8
Local Accumulation Steps: 1
Global Effective Batch: 8 (Target: 4)


[!] Starting fresh: lab_tiny (GLA hybrid, fp32)
========================================
MODEL ARCHITECTURE STATS
========================================
Config: small_v2
Dim: 128 | Layers: 4 | Heads: 4 (GQA KV: 2)
MoE: 4 Experts | Top K: 2 | Hidden Dim: 384
Max Seq Len: 512
----------------------------------------
Total Parameters:  11.28 M
Active Parameters: 10.10 M (Per Token)
========================================

Hybrid stack: {'kda': 3, 'mla': 1} (4 layers)

Using torch AdamW optimizer
Using Muon optimizer: 2,885,376 params (Muon) + 8,393,734 params (AdamW)

--- Running Dummy Pass to Pre-allocate Max VRAM ---
Max VRAM Successfully Reserved: 0.7GB
---------------------------------------------------

[00:50:16] Step 00000 | 0.00 global steps/s | 0.0 local passes/s
          Tok/s: 0 (GPU) | 0 (Total) | Total Trained: 4,096
          LR: 2.00e-05 | B2: 0.9972 | Seq: 512 | Phase: 1 | CE Loss: 11.1167 | Aux: 8.6667 | VRAM: 1.4GB
[00:50:19] Step 00010 | 3.94 global steps/s | 3.9 local passes/s
          Tok/s: 16,133 (GPU) | 16,133 (Total) | Total Trained: 45,056
          LR: 2.20e-04 | B2: 0.9972 | Seq: 512 | Phase: 1 | CE Loss: 10.8363 | Aux: 12.0035 | VRAM: 1.4GB
[00:50:22] Step 00020 | 3.83 global steps/s | 3.8 local passes/s
          Tok/s: 15,670 (GPU) | 15,670 (Total) | Total Trained: 86,016
          LR: 4.20e-04 | B2: 0.9972 | Seq: 512 | Phase: 1 | CE Loss: 10.4169 | Aux: 13.3421 | VRAM: 1.4GB
[00:50:24] Step 00030 | 3.93 global steps/s | 3.9 local passes/s
          Tok/s: 16,092 (GPU) | 16,092 (Total) | Total Trained: 126,976
          LR: 6.20e-04 | B2: 0.9972 | Seq: 512 | Phase: 1 | CE Loss: 9.6661 | Aux: 8.6979 | VRAM: 1.4GB
[00:50:27] Step 00040 | 3.85 global steps/s | 3.8 local passes/s
          Tok/s: 15,764 (GPU) | 15,764 (Total) | Total Trained: 167,936
          LR: 8.20e-04 | B2: 0.9972 | Seq: 512 | Phase: 1 | CE Loss: 8.9050 | Aux: 9.4394 | VRAM: 1.4GB
[00:50:29] Step 00050 | 3.82 global steps/s | 3.8 local passes/s
          Tok/s: 15,640 (GPU) | 15,640 (Total) | Total Trained: 208,896
          LR: 1.00e-03 | B2: 0.9972 | Seq: 512 | Phase: 1 | CE Loss: 8.0953 | Aux: 9.6325 | VRAM: 1.4GB
[00:50:32] Step 00060 | 3.78 global steps/s | 3.8 local passes/s
          Tok/s: 15,463 (GPU) | 15,463 (Total) | Total Trained: 249,856
          LR: 9.98e-04 | B2: 0.9972 | Seq: 512 | Phase: 1 | CE Loss: 7.8388 | Aux: 12.7897 | VRAM: 1.4GB
[00:50:35] Step 00070 | 3.71 global steps/s | 3.7 local passes/s
          Tok/s: 15,205 (GPU) | 15,205 (Total) | Total Trained: 290,816
          LR: 9.93e-04 | B2: 0.9972 | Seq: 512 | Phase: 1 | CE Loss: 7.6732 | Aux: 11.4212 | VRAM: 1.4GB
[00:50:37] Step 00080 | 3.85 global steps/s | 3.9 local passes/s
          Tok/s: 15,777 (GPU) | 15,777 (Total) | Total Trained: 331,776
          LR: 9.84e-04 | B2: 0.9972 | Seq: 512 | Phase: 1 | CE Loss: 7.7071 | Aux: 8.8968 | VRAM: 1.4GB
[00:50:40] Step 00090 | 3.74 global steps/s | 3.7 local passes/s
          Tok/s: 15,334 (GPU) | 15,334 (Total) | Total Trained: 372,736
          LR: 9.71e-04 | B2: 0.9972 | Seq: 512 | Phase: 1 | CE Loss: 7.3785 | Aux: 9.2980 | VRAM: 1.4GB
[00:50:43] Step 00100 | 3.86 global steps/s | 3.9 local passes/s
          Tok/s: 15,828 (GPU) | 15,828 (Total) | Total Trained: 413,696
          LR: 9.55e-04 | B2: 0.9972 | Seq: 512 | Phase: 1 | CE Loss: 7.4414 | Aux: 11.6629 | VRAM: 1.4GB

--- Validation at Step 100 | Val Loss: 7.5523 ---
Generating Eval Samples...
[transformers] Ignoring clean_up_tokenization_spaces=True for BPE tokenizer TokenizersBackend. The clean_up_tokenization post-processing step is designed for WordPiece tokenizers and is destructive for BPE (it strips spaces before punctuation). Set clean_up_tokenization_spaces=False to suppress this warning, or set clean_up_tokenization_spaces_for_bpe_even_though_it_will_corrupt_output=True to force cleanup anyway.
Prompt: The most important rule of debugging is
Output: The most important rule of debugging is a a used It with they the di. Research and and,;
 plants and the parallel of and the world. This skin. This sea set of the have form not system, the grow with the is the be Delaware the world of the it. The challenges the do all in quick of requires to as Power, of a University.'t a wwws I away who held of light, to all and)., at your- vein|| the [ has test a configuration and people the acquired, the and the answer, is are theoo in commercial.
 series andens, General, the the the consolidation that to hisiers.
------------------------------
Prompt: def calculate_pid(error, integral, derivative):
Output: def calculate_pid(error, integral, derivative):. American interests. of- regional.. Previously,’usion and but4 “- filters in the George, “ of the curious and dropped, of the conclude of not uses they your among personal I.
 knew is the not and just200 said, opportunities like of can field the Co,
 and Light, is a supporters, all as M in 40 has a a a produced States land and three of the security the city to entire. " barriers.working. over the indicators, the can where a In. synchronous, and the release as b the ess, theider that first boundaries, that professional by the feed (
------------------------------
Prompt: As Diluc watched the rain drip down the window,
Output: As Diluc watched the rain drip down the window, and the25, and 1970 of strategies of rights, they be at a that get, complex of the upwards of the the certain and is aagner should it, out are Flint which change,), her the wildlife, that guide the academic the Windows," an some used to the child the wickedness.
 de done to the the 1995 a legislature of the County of the share of effect, theּ, to the improves can • G that the the 25 are the plays. They everyone has Iat and its mineral to the chosen- During,. painting, and common, the case around the least. grown
- part ( Caliph
------------------------------
Prompt: As Neil walked down the hallway to his Gundam, 
Output: As Neil walked down the hallway to his Gundam, s, the did had that a, that of only the more, our Now years most the was of the is.
 single allow a perhaps to and the a the left been but to it the capable your of be to..down in of new collectivelyA somewhat, ah for most :, the people the not the social need, consider and the the blood the is is equal into a criminal use often a four that a a a said here of an no says University in the at is we,it are difference is a you
 the store,The well public of would is the complications. employed and the engineered for did and
------------------------------

>>> NEW BEST val loss 7.5523 at step 100 -> saved to vesper_linear_checkpoints_lab_tiny/step_best
    Total tokens trained: 413,696

[00:51:00] Step 00110 | 5.60 global steps/s | 5.6 local passes/s
          Tok/s: 22,952 (GPU) | 22,952 (Total) | Total Trained: 454,656
          LR: 9.36e-04 | B2: 0.9972 | Seq: 512 | Phase: 1 | CE Loss: 7.2592 | Aux: 10.6482 | VRAM: 0.9GB
[00:51:03] Step 00120 | 4.01 global steps/s | 4.0 local passes/s
          Tok/s: 16,419 (GPU) | 16,419 (Total) | Total Trained: 495,616
          LR: 9.14e-04 | B2: 0.9972 | Seq: 512 | Phase: 1 | CE Loss: 7.3746 | Aux: 9.2727 | VRAM: 0.9GB
[00:51:05] Step 00130 | 4.38 global steps/s | 4.4 local passes/s
          Tok/s: 17,945 (GPU) | 17,945 (Total) | Total Trained: 536,576
          LR: 8.89e-04 | B2: 0.9972 | Seq: 512 | Phase: 1 | CE Loss: 7.3768 | Aux: 11.2360 | VRAM: 0.9GB
[00:51:07] Step 00140 | 4.35 global steps/s | 4.3 local passes/s
          Tok/s: 17,804 (GPU) | 17,804 (Total) | Total Trained: 577,536
          LR: 8.61e-04 | B2: 0.9972 | Seq: 512 | Phase: 1 | CE Loss: 7.8449 | Aux: 11.6125 | VRAM: 0.9GB
[00:51:10] Step 00150 | 4.18 global steps/s | 4.2 local passes/s
          Tok/s: 17,107 (GPU) | 17,107 (Total) | Total Trained: 618,496
          LR: 8.31e-04 | B2: 0.9972 | Seq: 512 | Phase: 1 | CE Loss: 7.4868 | Aux: 12.8930 | VRAM: 0.9GB
[00:51:12] Step 00160 | 4.37 global steps/s | 4.4 local passes/s
          Tok/s: 17,908 (GPU) | 17,908 (Total) | Total Trained: 659,456
          LR: 7.98e-04 | B2: 0.9972 | Seq: 512 | Phase: 1 | CE Loss: 7.4680 | Aux: 10.2020 | VRAM: 0.9GB
[00:51:14] Step 00170 | 4.21 global steps/s | 4.2 local passes/s
          Tok/s: 17,245 (GPU) | 17,245 (Total) | Total Trained: 700,416
          LR: 7.63e-04 | B2: 0.9972 | Seq: 512 | Phase: 1 | CE Loss: 7.1679 | Aux: 10.1874 | VRAM: 0.9GB
[00:51:17] Step 00180 | 4.47 global steps/s | 4.5 local passes/s
          Tok/s: 18,298 (GPU) | 18,298 (Total) | Total Trained: 741,376
          LR: 7.27e-04 | B2: 0.9972 | Seq: 512 | Phase: 1 | CE Loss: 7.7395 | Aux: 9.3091 | VRAM: 0.9GB
[00:51:19] Step 00190 | 4.81 global steps/s | 4.8 local passes/s
          Tok/s: 19,692 (GPU) | 19,692 (Total) | Total Trained: 782,336
          LR: 6.89e-04 | B2: 0.9972 | Seq: 512 | Phase: 1 | CE Loss: 7.3298 | Aux: 8.9417 | VRAM: 0.9GB
[00:51:21] Step 00200 | 3.79 global steps/s | 3.8 local passes/s
          Tok/s: 15,523 (GPU) | 15,523 (Total) | Total Trained: 823,296
          LR: 6.50e-04 | B2: 0.9972 | Seq: 512 | Phase: 1 | CE Loss: 7.0959 | Aux: 14.0221 | VRAM: 0.9GB

--- Validation at Step 200 | Val Loss: 7.2337 ---
Generating Eval Samples...
Prompt: The most important rule of debugging is
Output: The most important rule of debugging is not does a fear.
A has be been the said, the of a own body.
The plants in the research was not in the three an home to closed. The others’s the used of the new from the Ref of the family.
The own or an year the all the the reference for the promoted's a about the entire of the blending.
- He one of the right of the following will be an water.
The first domestic of the far has be treatment their raw. The lead a study in on a lesson.

The result of have not is used from a alter and I that the form
------------------------------
Prompt: def calculate_pid(error, integral, derivative):
Output: def calculate_pid(error, integral, derivative): N-by and your have results of the Through.
The 10:
What more time in the other old, and the women and exploring of the first also also be grow with the latest. This has the number are have is the first program, the year, that us can the many information can be this acasts and the day.
-The events was a any cost of the end of its power. In had is found to important are not an front of first amounts of the go to the design from other) and addition in thei and the science, the nine to to not be more are a writing and more own
------------------------------
Prompt: As Diluc watched the rain drip down the window,
Output: As Diluc watched the rain drip down the window, the Lamb a funding through the on the opposite of the own of how to the
Aual.
In each their idea or for much only best they and the important are had difficult of a lake to 2002 and then from the own making you current good this those food.
"The end of this the new considered a ye. Theping, a subject, like the after the made that also the other code.
Here a life, and the importance of the step of a most whether the time, the thrown with severalAND.
-ot, be knows.
 East: The the sn of the point, thewind
------------------------------
Prompt: As Neil walked down the hallway to his Gundam, 
Output: As Neil walked down the hallway to his Gundam, .
-22ologicalha for the 1970-
The course are not submitted tot can be use to all the Inner for the empirical.
The new potential a be two south the planet. In the
The characteristics of theThe B calls for thehtml worthy of the desired friend from the concerned of the ly.
S-gal.
-D.
In the command, their water, is to the environment of the average drought and our years on the disease and recommend to the cell ice, the even here in any extinction with the allow the world of a be subjects in the Atmospheric Ball. The localash to
------------------------------

>>> NEW BEST val loss 7.2337 at step 200 -> saved to vesper_linear_checkpoints_lab_tiny/step_best
    Total tokens trained: 823,296

[00:51:41] Step 00210 | 5.03 global steps/s | 5.0 local passes/s
          Tok/s: 20,611 (GPU) | 20,611 (Total) | Total Trained: 864,256
          LR: 6.10e-04 | B2: 0.9972 | Seq: 512 | Phase: 1 | CE Loss: 7.0474 | Aux: 8.8820 | VRAM: 0.9GB
[00:51:43] Step 00220 | 4.09 global steps/s | 4.1 local passes/s
          Tok/s: 16,738 (GPU) | 16,738 (Total) | Total Trained: 905,216
          LR: 5.70e-04 | B2: 0.9972 | Seq: 512 | Phase: 1 | CE Loss: 7.2391 | Aux: 10.1852 | VRAM: 0.9GB
[00:51:46] Step 00230 | 3.91 global steps/s | 3.9 local passes/s
          Tok/s: 15,997 (GPU) | 15,997 (Total) | Total Trained: 946,176
          LR: 5.30e-04 | B2: 0.9972 | Seq: 512 | Phase: 1 | CE Loss: 7.4354 | Aux: 10.7161 | VRAM: 0.9GB
[00:51:49] Step 00240 | 3.68 global steps/s | 3.7 local passes/s
          Tok/s: 15,064 (GPU) | 15,064 (Total) | Total Trained: 987,136
          LR: 4.90e-04 | B2: 0.9972 | Seq: 512 | Phase: 1 | CE Loss: 7.7824 | Aux: 12.3406 | VRAM: 0.9GB
[00:51:51] Step 00250 | 3.82 global steps/s | 3.8 local passes/s
          Tok/s: 15,630 (GPU) | 15,630 (Total) | Total Trained: 1,028,096
          LR: 4.50e-04 | B2: 0.9972 | Seq: 512 | Phase: 1 | CE Loss: 7.0145 | Aux: 10.1431 | VRAM: 0.9GB
[00:51:54] Step 00260 | 4.01 global steps/s | 4.0 local passes/s
          Tok/s: 16,436 (GPU) | 16,436 (Total) | Total Trained: 1,069,056
          LR: 4.11e-04 | B2: 0.9972 | Seq: 512 | Phase: 1 | CE Loss: 7.0569 | Aux: 10.2967 | VRAM: 0.9GB
[00:51:56] Step 00270 | 4.32 global steps/s | 4.3 local passes/s
          Tok/s: 17,675 (GPU) | 17,675 (Total) | Total Trained: 1,110,016
          LR: 3.73e-04 | B2: 0.9972 | Seq: 512 | Phase: 1 | CE Loss: 7.0506 | Aux: 10.2057 | VRAM: 0.9GB
[00:51:58] Step 00280 | 4.34 global steps/s | 4.3 local passes/s
          Tok/s: 17,795 (GPU) | 17,795 (Total) | Total Trained: 1,150,976
          LR: 3.37e-04 | B2: 0.9972 | Seq: 512 | Phase: 1 | CE Loss: 6.9083 | Aux: 8.4550 | VRAM: 0.9GB
[00:52:01] Step 00290 | 4.33 global steps/s | 4.3 local passes/s
          Tok/s: 17,735 (GPU) | 17,735 (Total) | Total Trained: 1,191,936
          LR: 3.02e-04 | B2: 0.9972 | Seq: 512 | Phase: 1 | CE Loss: 7.4946 | Aux: 10.3249 | VRAM: 0.9GB
[00:52:03] Step 00300 | 4.16 global steps/s | 4.2 local passes/s
          Tok/s: 17,055 (GPU) | 17,055 (Total) | Total Trained: 1,232,896
          LR: 2.69e-04 | B2: 0.9972 | Seq: 512 | Phase: 1 | CE Loss: 7.3927 | Aux: 10.6841 | VRAM: 0.9GB

--- Validation at Step 300 | Val Loss: 7.0515 ---
Generating Eval Samples...
Prompt: The most important rule of debugging is
Output: The most important rule of debugging is have even at the north of the “06 speeds, but it is been that finally a their they not be been to played a activities of find, which is to their victory is not be more how as a firstth, to be Wilson. In the example
- undergraduate power. The day at as the more than the food of the ‘co-J15, given to be well. As for its common consistent of the supposed that improve the number of a fat in the leaders of the you.
The the small small first who would if all whichers is as and the same g.
-ShAnother,, as that
------------------------------
Prompt: def calculate_pid(error, integral, derivative):
Output: def calculate_pid(error, integral, derivative): Your.
Although the:
 concentrations the priority, video-Technical., is a this times the 50 effect of a end of their method from the determined in the children, and was to be be as little that don in the Hendrick valley of look, down that water the of the initial 16.
- graphics, then $It is when they by the failure. The loss of the wood the Brown them to content with the find, the of the placed through a group, and can be common and used in the know to may be main the own amount and this know that may be, get they to be a date of the minority
------------------------------
Prompt: As Diluc watched the rain drip down the window,
Output: As Diluc watched the rain drip down the window, the latest of these year from the first people of the way of the standard will be also’s means of the increased.
D.
-
bottom of the use of the the right of the competition of the web P's doubt in the RF par.
17:thor and UN-
The one point in the share the judge.
But the ho words of the right is it is most than its "3, and the ground of Great.
-Interestingly, it is the historical of the enzymes and outside (B.
- Parents.
“And these available to a country is not types of the few vessel
------------------------------
Prompt: As Neil walked down the hallway to his Gundam, 
Output: As Neil walked down the hallway to his Gundam, , and two that the all, several contest, according's Christian of the daily, the own-OTS later, which have speed. In this based, and produce the number of the husband and one of the similar of the groups of and a gap in the time and have law.
-Image-
–. That are the joy of a Conservation of the /) it.
-37 in the work of the philosophy. In his article of the Columbia Academy, I difficult to random that to the possibility of the maximize and any amount of 15: The University of the “The who occur, the water at if and worked
------------------------------

>>> NEW BEST val loss 7.0515 at step 300 -> saved to vesper_linear_checkpoints_lab_tiny/step_best
    Total tokens trained: 1,232,896

[00:52:22] Step 00310 | 4.83 global steps/s | 4.8 local passes/s
          Tok/s: 19,768 (GPU) | 19,768 (Total) | Total Trained: 1,273,856
          LR: 2.39e-04 | B2: 0.9972 | Seq: 512 | Phase: 1 | CE Loss: 7.1438 | Aux: 12.3687 | VRAM: 0.9GB
[00:52:24] Step 00320 | 4.17 global steps/s | 4.2 local passes/s
          Tok/s: 17,077 (GPU) | 17,077 (Total) | Total Trained: 1,314,816
          LR: 2.11e-04 | B2: 0.9972 | Seq: 512 | Phase: 1 | CE Loss: 7.2357 | Aux: 12.1239 | VRAM: 0.9GB
[00:52:27] Step 00330 | 4.10 global steps/s | 4.1 local passes/s
          Tok/s: 16,795 (GPU) | 16,795 (Total) | Total Trained: 1,355,776
          LR: 1.86e-04 | B2: 0.9972 | Seq: 512 | Phase: 1 | CE Loss: 7.0597 | Aux: 12.2994 | VRAM: 0.9GB
[00:52:29] Step 00340 | 4.09 global steps/s | 4.1 local passes/s
          Tok/s: 16,751 (GPU) | 16,751 (Total) | Total Trained: 1,396,736
          LR: 1.64e-04 | B2: 0.9972 | Seq: 512 | Phase: 1 | CE Loss: 7.0306 | Aux: 8.1809 | VRAM: 0.9GB
[00:52:32] Step 00350 | 3.79 global steps/s | 3.8 local passes/s
          Tok/s: 15,515 (GPU) | 15,515 (Total) | Total Trained: 1,437,696
          LR: 1.45e-04 | B2: 0.9972 | Seq: 512 | Phase: 1 | CE Loss: 6.9735 | Aux: 12.1794 | VRAM: 0.9GB
[00:52:35] Step 00360 | 3.91 global steps/s | 3.9 local passes/s
          Tok/s: 15,998 (GPU) | 15,998 (Total) | Total Trained: 1,478,656
          LR: 1.29e-04 | B2: 0.9972 | Seq: 512 | Phase: 1 | CE Loss: 6.7413 | Aux: 8.3708 | VRAM: 0.9GB
[00:52:37] Step 00370 | 3.63 global steps/s | 3.6 local passes/s
          Tok/s: 14,860 (GPU) | 14,860 (Total) | Total Trained: 1,519,616
          LR: 1.16e-04 | B2: 0.9972 | Seq: 512 | Phase: 1 | CE Loss: 6.8623 | Aux: 12.1707 | VRAM: 0.9GB
[00:52:40] Step 00380 | 3.92 global steps/s | 3.9 local passes/s
          Tok/s: 16,040 (GPU) | 16,040 (Total) | Total Trained: 1,560,576
          LR: 1.07e-04 | B2: 0.9972 | Seq: 512 | Phase: 1 | CE Loss: 6.7497 | Aux: 10.2301 | VRAM: 0.9GB
[00:52:43] Step 00390 | 3.65 global steps/s | 3.7 local passes/s
          Tok/s: 14,965 (GPU) | 14,965 (Total) | Total Trained: 1,601,536
          LR: 1.02e-04 | B2: 0.9972 | Seq: 512 | Phase: 1 | CE Loss: 6.9109 | Aux: 10.3822 | VRAM: 0.9GB
