*** ROCm 6.3.42134-a9a80e791 detected ***
Did not detect bitsandbytes 8-bit optimizer installed, skipping and falling back to 32-bit optimizer
/opt/amdgpu/share/libdrm/amdgpu.ids: No such file or directory

--- BATCH SCALING ---
GPUs (World Size): 1
Micro-Batch Size: 8
Local Accumulation Steps: 1
Global Effective Batch: 8 (Target: 4)


[!] Starting fresh: lab_tiny (GLA hybrid, fp32)
========================================
MODEL ARCHITECTURE STATS
========================================
Config: small_v2
Dim: 128 | Layers: 4 | Heads: 4 (GQA KV: 2)
MoE: 8 Experts | Top K: 2 | Hidden Dim: 384
Max Seq Len: 512
----------------------------------------
Total Parameters:  13.64 M
Active Parameters: 10.10 M (Per Token)
========================================

Hybrid stack: {'kda': 3, 'mla': 1} (4 layers)

Using torch AdamW optimizer
Using Muon optimizer: 5,245,696 params (Muon) + 8,393,734 params (AdamW)

--- Running Dummy Pass to Pre-allocate Max VRAM ---
Max VRAM Successfully Reserved: 0.8GB
---------------------------------------------------

[00:50:16] Step 00000 | 0.00 global steps/s | 0.0 local passes/s
          Tok/s: 0 (GPU) | 0 (Total) | Total Trained: 4,096
          LR: 2.00e-05 | B2: 0.9972 | Seq: 512 | Phase: 1 | CE Loss: 11.1145 | Aux: 9.2383 | VRAM: 1.4GB
[00:50:20] Step 00010 | 2.50 global steps/s | 2.5 local passes/s
          Tok/s: 10,242 (GPU) | 10,242 (Total) | Total Trained: 45,056
          LR: 2.20e-04 | B2: 0.9972 | Seq: 512 | Phase: 1 | CE Loss: 10.8274 | Aux: 8.2888 | VRAM: 1.4GB
[00:50:24] Step 00020 | 2.66 global steps/s | 2.7 local passes/s
          Tok/s: 10,906 (GPU) | 10,906 (Total) | Total Trained: 86,016
          LR: 4.20e-04 | B2: 0.9972 | Seq: 512 | Phase: 1 | CE Loss: 10.3939 | Aux: 9.2599 | VRAM: 1.4GB
[00:50:28] Step 00030 | 2.60 global steps/s | 2.6 local passes/s
          Tok/s: 10,641 (GPU) | 10,641 (Total) | Total Trained: 126,976
          LR: 6.20e-04 | B2: 0.9972 | Seq: 512 | Phase: 1 | CE Loss: 9.6384 | Aux: 9.2279 | VRAM: 1.4GB
[00:50:32] Step 00040 | 2.72 global steps/s | 2.7 local passes/s
          Tok/s: 11,139 (GPU) | 11,139 (Total) | Total Trained: 167,936
          LR: 8.20e-04 | B2: 0.9972 | Seq: 512 | Phase: 1 | CE Loss: 8.8854 | Aux: 8.6944 | VRAM: 1.4GB
[00:50:35] Step 00050 | 2.67 global steps/s | 2.7 local passes/s
          Tok/s: 10,928 (GPU) | 10,928 (Total) | Total Trained: 208,896
          LR: 1.00e-03 | B2: 0.9972 | Seq: 512 | Phase: 1 | CE Loss: 8.0710 | Aux: 8.7485 | VRAM: 1.4GB
[00:50:39] Step 00060 | 2.64 global steps/s | 2.6 local passes/s
          Tok/s: 10,809 (GPU) | 10,809 (Total) | Total Trained: 249,856
          LR: 9.98e-04 | B2: 0.9972 | Seq: 512 | Phase: 1 | CE Loss: 7.8205 | Aux: 9.0083 | VRAM: 1.4GB
[00:50:43] Step 00070 | 2.60 global steps/s | 2.6 local passes/s
          Tok/s: 10,641 (GPU) | 10,641 (Total) | Total Trained: 290,816
          LR: 9.93e-04 | B2: 0.9972 | Seq: 512 | Phase: 1 | CE Loss: 7.6598 | Aux: 8.4139 | VRAM: 1.4GB
[00:50:46] Step 00080 | 3.04 global steps/s | 3.0 local passes/s
          Tok/s: 12,458 (GPU) | 12,458 (Total) | Total Trained: 331,776
          LR: 9.84e-04 | B2: 0.9972 | Seq: 512 | Phase: 1 | CE Loss: 7.6910 | Aux: 10.5821 | VRAM: 1.4GB
[00:50:49] Step 00090 | 3.46 global steps/s | 3.5 local passes/s
          Tok/s: 14,184 (GPU) | 14,184 (Total) | Total Trained: 372,736
          LR: 9.71e-04 | B2: 0.9972 | Seq: 512 | Phase: 1 | CE Loss: 7.3675 | Aux: 8.4940 | VRAM: 1.4GB
[00:50:52] Step 00100 | 3.57 global steps/s | 3.6 local passes/s
          Tok/s: 14,617 (GPU) | 14,617 (Total) | Total Trained: 413,696
          LR: 9.55e-04 | B2: 0.9972 | Seq: 512 | Phase: 1 | CE Loss: 7.4276 | Aux: 9.4452 | VRAM: 1.4GB

--- Validation at Step 100 | Val Loss: 7.5537 ---
Generating Eval Samples...
[transformers] Ignoring clean_up_tokenization_spaces=True for BPE tokenizer TokenizersBackend. The clean_up_tokenization post-processing step is designed for WordPiece tokenizers and is destructive for BPE (it strips spaces before punctuation). Set clean_up_tokenization_spaces=False to suppress this warning, or set clean_up_tokenization_spaces_for_bpe_even_though_it_will_corrupt_output=True to force cleanup anyway.
Prompt: The most important rule of debugging is
Output: The most important rule of debugging is a that the his
 this under., it of quality. The as year the and theWilliams, a his on the spores was in the of theircephalus byt the just in “ans as have populations and h to were a offices.
. may a to the been it with several when the still and was water to the they community about 3 to work, the state to same,/ law on the mass on American at's studied, straight,www on available and has- Icelandic. It's Students to There for programs by the been written- mailing to ( have the is have you, all electricity of.
 northern the
------------------------------
Prompt: def calculate_pid(error, integral, derivative):
Output: def calculate_pid(error, integral, derivative): of a all be 30.
ck of also child, but a close and a to be 2011 are the indicated, most evidence.
88 and treatment,.
 gon's Uruguay. The are a possible to, the suggested by find a Use thetr only), the George, the Paul and the the appreciated.
 in the enrolled, a.
- saff. ( the the Independent the chicken for it,'t, the
m a general by- the same needed was as the side of the ' in could that, an
The
- Hundreds to a use the pointed and from an Cooperative:
 attention and,
------------------------------
Prompt: As Diluc watched the rain drip down the window,
Output: As Diluc watched the rain drip down the window, called. the the to be federal was theAlways of effective to the BellL the K first of the how were the committee for a Royal.
- General of.
 point, and do- location of the negative is, the early was on the lists,.
 are time and the of theend.
- germs. His- Local with a use know in the ignorance to and the features of the right to ( centers on required.
Sp,, can a remote the Vol are aMany to the View M, have the is the intended.ry.
same. The- they in the an be a that research
------------------------------
Prompt: As Neil walked down the hallway to his Gundam, 
Output: As Neil walked down the hallway to his Gundam, , of if in and.
M, and become is a Jewish that a six the suite theAll- impressive of the 1933, in the carbon,- clogged,ering.

 Spring.
- rhetorical will- confronting in of the make the first who work in500.
 the tomatoes in the too a13.
In
ar.
.
 activated in, and the humans, their International that more ASDIn's is)
 work in it has to, currently long to have the language, the their the Article of the such and patch, it may theoring.
- intersecting causes. was the part were
------------------------------

>>> NEW BEST val loss 7.5537 at step 100 -> saved to vesper_linear_checkpoints_lab_tiny/step_best
    Total tokens trained: 413,696

[00:51:22] Step 00110 | 2.75 global steps/s | 2.8 local passes/s
          Tok/s: 11,266 (GPU) | 11,266 (Total) | Total Trained: 454,656
          LR: 9.36e-04 | B2: 0.9972 | Seq: 512 | Phase: 1 | CE Loss: 7.2457 | Aux: 8.4587 | VRAM: 0.9GB
[00:51:25] Step 00120 | 3.29 global steps/s | 3.3 local passes/s
          Tok/s: 13,491 (GPU) | 13,491 (Total) | Total Trained: 495,616
          LR: 9.14e-04 | B2: 0.9972 | Seq: 512 | Phase: 1 | CE Loss: 7.3786 | Aux: 8.7108 | VRAM: 0.9GB
[00:51:27] Step 00130 | 3.86 global steps/s | 3.9 local passes/s
          Tok/s: 15,830 (GPU) | 15,830 (Total) | Total Trained: 536,576
          LR: 8.89e-04 | B2: 0.9972 | Seq: 512 | Phase: 1 | CE Loss: 7.3519 | Aux: 8.7673 | VRAM: 0.9GB
[00:51:30] Step 00140 | 3.29 global steps/s | 3.3 local passes/s
          Tok/s: 13,468 (GPU) | 13,468 (Total) | Total Trained: 577,536
          LR: 8.61e-04 | B2: 0.9972 | Seq: 512 | Phase: 1 | CE Loss: 7.8116 | Aux: 8.4139 | VRAM: 0.9GB
[00:51:33] Step 00150 | 3.64 global steps/s | 3.6 local passes/s
          Tok/s: 14,896 (GPU) | 14,896 (Total) | Total Trained: 618,496
          LR: 8.31e-04 | B2: 0.9972 | Seq: 512 | Phase: 1 | CE Loss: 7.4980 | Aux: 9.3766 | VRAM: 0.9GB
[00:51:36] Step 00160 | 3.49 global steps/s | 3.5 local passes/s
          Tok/s: 14,284 (GPU) | 14,284 (Total) | Total Trained: 659,456
          LR: 7.98e-04 | B2: 0.9972 | Seq: 512 | Phase: 1 | CE Loss: 7.4537 | Aux: 9.8187 | VRAM: 0.9GB
[00:51:39] Step 00170 | 3.64 global steps/s | 3.6 local passes/s
          Tok/s: 14,905 (GPU) | 14,905 (Total) | Total Trained: 700,416
          LR: 7.63e-04 | B2: 0.9972 | Seq: 512 | Phase: 1 | CE Loss: 7.1828 | Aux: 9.3081 | VRAM: 0.9GB
[00:51:42] Step 00180 | 3.04 global steps/s | 3.0 local passes/s
          Tok/s: 12,460 (GPU) | 12,460 (Total) | Total Trained: 741,376
          LR: 7.27e-04 | B2: 0.9972 | Seq: 512 | Phase: 1 | CE Loss: 7.7087 | Aux: 8.7097 | VRAM: 0.9GB
[00:51:46] Step 00190 | 2.58 global steps/s | 2.6 local passes/s
          Tok/s: 10,555 (GPU) | 10,555 (Total) | Total Trained: 782,336
          LR: 6.89e-04 | B2: 0.9972 | Seq: 512 | Phase: 1 | CE Loss: 7.3065 | Aux: 9.3019 | VRAM: 0.9GB
[00:51:50] Step 00200 | 2.59 global steps/s | 2.6 local passes/s
          Tok/s: 10,627 (GPU) | 10,627 (Total) | Total Trained: 823,296
          LR: 6.50e-04 | B2: 0.9972 | Seq: 512 | Phase: 1 | CE Loss: 7.0824 | Aux: 10.2338 | VRAM: 0.9GB

--- Validation at Step 200 | Val Loss: 7.2310 ---
Generating Eval Samples...
Prompt: The most important rule of debugging is
Output: The most important rule of debugging is a in the current ability in the my University, this must the most transmitted as theSouth, an extremely and the following,
The channels that theye.
In the isn for become be entirely for the as much and a six orange.
-S D countries and few and case of the market.
The F,, and therefore of anous, a cow, pressure to have the preservative of the examples; the low said such were input.
The over the important to had to it are new same fear for the sides a process. The country for their important in a anhel is all way.
 For a way
------------------------------
Prompt: def calculate_pid(error, integral, derivative):
Output: def calculate_pid(error, integral, derivative):
The first out.
-odal or or actually that well, and to say the or remove technologies. In all can great length the last present were see to each a right in a temperature, and the new way the back to be its C test and the health. Bill- Map
At the air itself for thecreised, and seeds and the car from "A Center to the young. The “time.
In old), I has species, the said some first work and the out to a northern and include the sustainable of two-“Com
Inscale, and walkinga- courageous.
The. The
------------------------------
Prompt: As Diluc watched the rain drip down the window,
Output: As Diluc watched the rain drip down the window, theNo is it
ising and can training, and a way to also thewater of the the end, and a water rule in the him.
The act of owns the future, therooted, the various Response.
 generals, these|
 natural process and 4, and the able to the much of the View.
- shrink.
This one surface of the Lath, the context are gave ability to the observ have this a sensor, theon conditions of the first 400 such- quantificationur).
There more the more newHO.
- David the first experience on a drama of said the trends.
------------------------------
Prompt: As Neil walked down the hallway to his Gundam, 
Output: As Neil walked down the hallway to his Gundam, -The manufacturing)
No a range of the than the potential of 18. As the time, and play, effect- bandwidth, the spouseand was in the aAs are be ever one of a families and the successful-- Friedman. The1. But groups in aray on a 1.
In the treatments of each medical.
The sense and scientists to the stocks, it was our most understanding of the mine, the that the day.
What is the Great rates.
The city.
The federal screen.
The (/let or a figure.
The condition that the expelled cells as a other of a
------------------------------

>>> NEW BEST val loss 7.2310 at step 200 -> saved to vesper_linear_checkpoints_lab_tiny/step_best
    Total tokens trained: 823,296

[00:52:18] Step 00210 | 3.62 global steps/s | 3.6 local passes/s
          Tok/s: 14,848 (GPU) | 14,848 (Total) | Total Trained: 864,256
          LR: 6.10e-04 | B2: 0.9972 | Seq: 512 | Phase: 1 | CE Loss: 7.0264 | Aux: 8.0177 | VRAM: 0.9GB
[00:52:21] Step 00220 | 3.70 global steps/s | 3.7 local passes/s
          Tok/s: 15,169 (GPU) | 15,169 (Total) | Total Trained: 905,216
          LR: 5.70e-04 | B2: 0.9972 | Seq: 512 | Phase: 1 | CE Loss: 7.2147 | Aux: 8.3797 | VRAM: 0.9GB
[00:52:25] Step 00230 | 2.76 global steps/s | 2.8 local passes/s
          Tok/s: 11,323 (GPU) | 11,323 (Total) | Total Trained: 946,176
          LR: 5.30e-04 | B2: 0.9972 | Seq: 512 | Phase: 1 | CE Loss: 7.3967 | Aux: 8.9607 | VRAM: 0.9GB
[00:52:28] Step 00240 | 2.61 global steps/s | 2.6 local passes/s
          Tok/s: 10,710 (GPU) | 10,710 (Total) | Total Trained: 987,136
          LR: 4.90e-04 | B2: 0.9972 | Seq: 512 | Phase: 1 | CE Loss: 7.7521 | Aux: 8.5244 | VRAM: 0.9GB
[00:52:32] Step 00250 | 2.70 global steps/s | 2.7 local passes/s
          Tok/s: 11,047 (GPU) | 11,047 (Total) | Total Trained: 1,028,096
          LR: 4.50e-04 | B2: 0.9972 | Seq: 512 | Phase: 1 | CE Loss: 7.0072 | Aux: 9.3280 | VRAM: 0.9GB
[00:52:36] Step 00260 | 2.75 global steps/s | 2.8 local passes/s
          Tok/s: 11,282 (GPU) | 11,282 (Total) | Total Trained: 1,069,056
          LR: 4.11e-04 | B2: 0.9972 | Seq: 512 | Phase: 1 | CE Loss: 7.0413 | Aux: 9.7731 | VRAM: 0.9GB
[00:52:39] Step 00270 | 2.69 global steps/s | 2.7 local passes/s
          Tok/s: 11,007 (GPU) | 11,007 (Total) | Total Trained: 1,110,016
          LR: 3.73e-04 | B2: 0.9972 | Seq: 512 | Phase: 1 | CE Loss: 7.0196 | Aux: 8.9647 | VRAM: 0.9GB
[00:52:43] Step 00280 | 2.70 global steps/s | 2.7 local passes/s
          Tok/s: 11,068 (GPU) | 11,068 (Total) | Total Trained: 1,150,976
          LR: 3.37e-04 | B2: 0.9972 | Seq: 512 | Phase: 1 | CE Loss: 6.9005 | Aux: 8.3491 | VRAM: 0.9GB
[00:52:46] Step 00290 | 3.15 global steps/s | 3.1 local passes/s
          Tok/s: 12,892 (GPU) | 12,892 (Total) | Total Trained: 1,191,936
          LR: 3.02e-04 | B2: 0.9972 | Seq: 512 | Phase: 1 | CE Loss: 7.4713 | Aux: 9.0559 | VRAM: 0.9GB
[00:52:48] Step 00300 | 5.16 global steps/s | 5.2 local passes/s
          Tok/s: 21,145 (GPU) | 21,145 (Total) | Total Trained: 1,232,896
          LR: 2.69e-04 | B2: 0.9972 | Seq: 512 | Phase: 1 | CE Loss: 7.3661 | Aux: 8.5932 | VRAM: 0.9GB

--- Validation at Step 300 | Val Loss: 7.0308 ---
Generating Eval Samples...
Prompt: The most important rule of debugging is
Output: The most important rule of debugging is the long-567.
The two management, the try to be now to be required, the a type of a a words-Yet, of the species to be female of this northern in even child, and trying as the death,:
Topgh]ist:
This is be share to can be Darwin. This*. He there are continue on the work of the United works.
The international part of and in the set of the man of these age in the own, when the healthy of blood the American car city of the underlying of while the news of a at the first reflect the reference the time of the reign
------------------------------
Prompt: def calculate_pid(error, integral, derivative):
Output: def calculate_pid(error, integral, derivative):.
-/W. Some of the global itself of Russia on the representing of Europe to be up to any the poll in the children that more right in the assigned of the war of the number of the V Kar, the middle, but but also to talk of the end to the library. As the effect of the nucleus of
What is not a latest a quarter effect who is also pay to they bound to form; will those, like it be's group. It have standard to subsequently, a85; director by the two research.
- One is an way of the bio and extremely larger of the long- decade of
------------------------------
Prompt: As Diluc watched the rain drip down the window,
Output: As Diluc watched the rain drip down the window,000 has down to surrounding spread and incorporated will be a think were greatly to be largest experience to make this use men, as the own in was additional, and they have a arm of a own long (When the discovery of the elements of the most symptoms, and we is theiro.
The:
The years, they him know that can be and an early, this study by its annual a fermentation of the species of the number of the ancient against the little E-tailed's guess, the method of the idea for their effects are one of theubing of the new of better work.
In the "-
-
------------------------------
Prompt: As Neil walked down the hallway to his Gundam, 
Output: As Neil walked down the hallway to his Gundam, The end is eat to be control with that is rising to January KH.
U.
If the time of the device.
The blood 2010 was the names. The answer to once those with the name of the site of
-compacta, and the opportunity from the conditions.
-Jac, and thements is which, what they get for risk, off more nature as a years.
A di Arab, and the need to an activities.
 Although the sons left of the really them.
 suitable, we understanding, which was not nearly own name of
- that they exists called the same system was
------------------------------

>>> NEW BEST val loss 7.0308 at step 300 -> saved to vesper_linear_checkpoints_lab_tiny/step_best
    Total tokens trained: 1,232,896

[00:52:59] Step 00310 | 9.95 global steps/s | 9.9 local passes/s
          Tok/s: 40,738 (GPU) | 40,738 (Total) | Total Trained: 1,273,856
          LR: 2.39e-04 | B2: 0.9972 | Seq: 512 | Phase: 1 | CE Loss: 7.0670 | Aux: 8.9643 | VRAM: 0.9GB
[00:53:00] Step 00320 | 9.68 global steps/s | 9.7 local passes/s
          Tok/s: 39,664 (GPU) | 39,664 (Total) | Total Trained: 1,314,816
          LR: 2.11e-04 | B2: 0.9972 | Seq: 512 | Phase: 1 | CE Loss: 7.2181 | Aux: 8.5889 | VRAM: 0.9GB
[00:53:01] Step 00330 | 10.04 global steps/s | 10.0 local passes/s
          Tok/s: 41,119 (GPU) | 41,119 (Total) | Total Trained: 1,355,776
          LR: 1.86e-04 | B2: 0.9972 | Seq: 512 | Phase: 1 | CE Loss: 7.0092 | Aux: 9.1574 | VRAM: 0.9GB
[00:53:02] Step 00340 | 9.97 global steps/s | 10.0 local passes/s
          Tok/s: 40,832 (GPU) | 40,832 (Total) | Total Trained: 1,396,736
          LR: 1.64e-04 | B2: 0.9972 | Seq: 512 | Phase: 1 | CE Loss: 7.0092 | Aux: 9.5349 | VRAM: 0.9GB
[00:53:03] Step 00350 | 10.06 global steps/s | 10.1 local passes/s
          Tok/s: 41,210 (GPU) | 41,210 (Total) | Total Trained: 1,437,696
          LR: 1.45e-04 | B2: 0.9972 | Seq: 512 | Phase: 1 | CE Loss: 6.9596 | Aux: 9.5508 | VRAM: 0.9GB
[00:53:04] Step 00360 | 10.14 global steps/s | 10.1 local passes/s
          Tok/s: 41,531 (GPU) | 41,531 (Total) | Total Trained: 1,478,656
          LR: 1.29e-04 | B2: 0.9972 | Seq: 512 | Phase: 1 | CE Loss: 6.7211 | Aux: 9.2718 | VRAM: 0.9GB
[00:53:05] Step 00370 | 9.75 global steps/s | 9.8 local passes/s
          Tok/s: 39,950 (GPU) | 39,950 (Total) | Total Trained: 1,519,616
          LR: 1.16e-04 | B2: 0.9972 | Seq: 512 | Phase: 1 | CE Loss: 6.8272 | Aux: 8.9133 | VRAM: 0.9GB
[00:53:06] Step 00380 | 9.81 global steps/s | 9.8 local passes/s
          Tok/s: 40,183 (GPU) | 40,183 (Total) | Total Trained: 1,560,576
          LR: 1.07e-04 | B2: 0.9972 | Seq: 512 | Phase: 1 | CE Loss: 6.7385 | Aux: 8.5894 | VRAM: 0.9GB
[00:53:07] Step 00390 | 9.71 global steps/s | 9.7 local passes/s
          Tok/s: 39,773 (GPU) | 39,773 (Total) | Total Trained: 1,601,536
          LR: 1.02e-04 | B2: 0.9972 | Seq: 512 | Phase: 1 | CE Loss: 6.9031 | Aux: 9.6440 | VRAM: 0.9GB
