*** ROCm 6.3.42134-a9a80e791 detected ***
Did not detect bitsandbytes 8-bit optimizer installed, skipping and falling back to 32-bit optimizer
/opt/amdgpu/share/libdrm/amdgpu.ids: No such file or directory
[seed] VESPER_SEED=2 applied

--- BATCH SCALING ---
GPUs (World Size): 1
Micro-Batch Size: 8
Local Accumulation Steps: 1
Global Effective Batch: 8 (Target: 8)


[!] Starting fresh: tiny_agent_k (GLA hybrid, fp32)
========================================
MODEL ARCHITECTURE STATS
========================================
Config: small_v2
Dim: 512 | Layers: 8 | Heads: 8 (GQA KV: 2)
MoE: 4 Experts | Top K: 2 | Hidden Dim: 1536
Max Seq Len: 2048
----------------------------------------
Total Parameters:  120.21 M
Active Parameters: 82.47 M (Per Token)
========================================

Hybrid stack: {'kda': 6, 'mla': 2} (8 layers)

Using torch AdamW optimizer
Using Muon optimizer: 86,614,016 params (Muon) + 33,600,432 params (AdamW)

--- Running Dummy Pass to Pre-allocate Max VRAM ---
Max VRAM Successfully Reserved: 2.8GB
---------------------------------------------------

[08:37:38] Step 00000 | 0.00 global steps/s | 0.0 local passes/s
          Tok/s: 0 (GPU) | 0 (Total) | Total Trained: 1,024
          LR: 3.00e-06 | B2: 0.9993 | Seq: 128 | Phase: 1 | CE Loss: 11.1754 | Aux: 16.0487 | VRAM: 4.0GB
[08:37:45] Step 00010 | 1.45 global steps/s | 1.4 local passes/s
          Tok/s: 1,482 (GPU) | 1,482 (Total) | Total Trained: 11,264
          LR: 3.30e-05 | B2: 0.9993 | Seq: 128 | Phase: 1 | CE Loss: 11.0917 | Aux: 16.0390 | VRAM: 4.1GB
[08:37:52] Step 00020 | 1.48 global steps/s | 1.5 local passes/s
          Tok/s: 1,518 (GPU) | 1,518 (Total) | Total Trained: 21,504
          LR: 6.30e-05 | B2: 0.9993 | Seq: 128 | Phase: 1 | CE Loss: 10.3855 | Aux: 16.1136 | VRAM: 4.1GB
[08:37:59] Step 00030 | 1.44 global steps/s | 1.4 local passes/s
          Tok/s: 1,479 (GPU) | 1,479 (Total) | Total Trained: 31,744
          LR: 9.30e-05 | B2: 0.9993 | Seq: 128 | Phase: 1 | CE Loss: 9.6947 | Aux: 16.7128 | VRAM: 4.1GB
[08:38:06] Step 00040 | 1.33 global steps/s | 1.3 local passes/s
          Tok/s: 1,841 (GPU) | 1,841 (Total) | Total Trained: 45,568
          LR: 1.23e-04 | B2: 0.9989 | Seq: 192 | Phase: 1 | CE Loss: 9.3020 | Aux: 17.0527 | VRAM: 4.1GB
[08:38:13] Step 00050 | 1.52 global steps/s | 1.5 local passes/s
          Tok/s: 2,333 (GPU) | 2,333 (Total) | Total Trained: 60,928
          LR: 1.53e-04 | B2: 0.9989 | Seq: 192 | Phase: 1 | CE Loss: 9.0028 | Aux: 17.7939 | VRAM: 4.1GB
[08:38:19] Step 00060 | 1.48 global steps/s | 1.5 local passes/s
          Tok/s: 2,267 (GPU) | 2,267 (Total) | Total Trained: 76,288
          LR: 1.83e-04 | B2: 0.9989 | Seq: 192 | Phase: 1 | CE Loss: 8.0934 | Aux: 17.0244 | VRAM: 4.1GB
[08:38:27] Step 00070 | 1.42 global steps/s | 1.4 local passes/s
          Tok/s: 2,478 (GPU) | 2,478 (Total) | Total Trained: 93,696
          LR: 2.13e-04 | B2: 0.9986 | Seq: 256 | Phase: 1 | CE Loss: 7.8831 | Aux: 16.8265 | VRAM: 4.2GB
[08:38:33] Step 00080 | 1.47 global steps/s | 1.5 local passes/s
          Tok/s: 3,010 (GPU) | 3,010 (Total) | Total Trained: 114,176
          LR: 2.43e-04 | B2: 0.9986 | Seq: 256 | Phase: 1 | CE Loss: 7.6737 | Aux: 16.5185 | VRAM: 4.2GB
[08:38:40] Step 00090 | 1.45 global steps/s | 1.5 local passes/s
          Tok/s: 2,971 (GPU) | 2,971 (Total) | Total Trained: 134,656
          LR: 2.73e-04 | B2: 0.9986 | Seq: 256 | Phase: 1 | CE Loss: 7.5442 | Aux: 16.5830 | VRAM: 4.2GB
[08:38:53] Step 00100 | 0.79 global steps/s | 0.8 local passes/s
          Tok/s: 1,657 (GPU) | 1,657 (Total) | Total Trained: 155,648
          LR: 3.03e-04 | B2: 0.9982 | Seq: 320 | Phase: 1 | CE Loss: 7.7314 | Aux: 16.1589 | VRAM: 4.2GB

--- Validation at Step 100 | Val Loss: 7.6255 ---
Generating Eval Samples...
[transformers] Ignoring clean_up_tokenization_spaces=True for BPE tokenizer TokenizersBackend. The clean_up_tokenization post-processing step is designed for WordPiece tokenizers and is destructive for BPE (it strips spaces before punctuation). Set clean_up_tokenization_spaces=False to suppress this warning, or set clean_up_tokenization_spaces_for_bpe_even_though_it_will_corrupt_output=True to force cleanup anyway.
Prompt: The most important rule of debugging is
Output: The most important rule of debugging is." in the figure, the from no the Church. Canadian to have than focus in called in the Successful of Howard' ( being a do of the real of the Haz- radiation user in the there of a of a in mice of the,". could the for the
The avoid down
subdir though, a families by the equal of the they of pressure in a sit for the people of Har of the on the are; of aits her mix does the-line For at the They ony in the function of early (zed are they had be Museum the seem of Russia to the only of the to have12 the write of
------------------------------
Prompt: def calculate_pid(error, integral, derivative):
Output: def calculate_pid(error, integral, derivative):, and American we/ven and of the”, another on the dryness of the Rome of high-Note. The brick of theAn of his be County.
scales of the is be in making in the listed and the emissions. initiatives of the flowing of media, and the Gallery of the Conservation in the 2013 in theh of theID one to playing, and the n of the : of organizations. The j of the 1834 of the not the– of the for theJust of the,", numerous at the to do to be. The Department of U as a areas between sessions by widespread on the our some. The "
------------------------------
Prompt: As Diluc watched the rain drip down the window,
Output: As Diluc watched the rain drip down the window, and the handful of drug 1. The bee of the won of the are- woodenj mean-ex of the to the circThey ( firstname high.
 molecules of the out with the he of the most. The rule of the the form for the final of the discussion. The fluid of good at the- bother as the microscopic of the themselves in it the applications ( electorate- Drum then. In the losing rate to the to have theon used- Acrobat that the formed. The reload of a them of the things of N single the broken for the storage of the noting to the what of the paper of the electric of that
------------------------------
Prompt: As Neil walked down the hallway to his Gundam, 
Output: As Neil walked down the hallway to his Gundam, , and aback with a last areas and such as However. The? of the civil than One in the what of to the past and six that the butter of social sexually and a due of theAst of disasters action. The have not the andated has to theOf and talk are not be be general to our incorporated in Here, the orange of in a news to young to the the.. If in the almost of our the unt of provided° ( begin of function-ha " with the spe of molecular ( "ro out'sosis is the particular and the social. A of the commonly is with which to be a@
------------------------------

>>> NEW BEST val loss 7.6255 at step 100 -> saved to vesper_linear_checkpoints_tiny_agent_k/step_best
    Total tokens trained: 155,648

[08:39:53] Step 00110 | 1.51 global steps/s | 1.5 local passes/s
          Tok/s: 3,863 (GPU) | 3,863 (Total) | Total Trained: 181,248
          LR: 3.33e-04 | B2: 0.9982 | Seq: 320 | Phase: 1 | CE Loss: 7.5728 | Aux: 16.5093 | VRAM: 2.1GB
[08:40:00] Step 00120 | 1.48 global steps/s | 1.5 local passes/s
          Tok/s: 3,790 (GPU) | 3,790 (Total) | Total Trained: 206,848
          LR: 3.63e-04 | B2: 0.9982 | Seq: 320 | Phase: 1 | CE Loss: 7.2564 | Aux: 17.1408 | VRAM: 2.1GB
[08:40:06] Step 00130 | 1.69 global steps/s | 1.7 local passes/s
          Tok/s: 4,334 (GPU) | 4,334 (Total) | Total Trained: 232,448
          LR: 3.93e-04 | B2: 0.9982 | Seq: 320 | Phase: 1 | CE Loss: 8.4449 | Aux: 18.1932 | VRAM: 2.1GB
[08:40:13] Step 00140 | 1.35 global steps/s | 1.4 local passes/s
          Tok/s: 3,943 (GPU) | 3,943 (Total) | Total Trained: 261,632
          LR: 4.23e-04 | B2: 0.9979 | Seq: 384 | Phase: 1 | CE Loss: 7.3004 | Aux: 16.6468 | VRAM: 2.2GB
[08:40:20] Step 00150 | 1.37 global steps/s | 1.4 local passes/s
          Tok/s: 4,218 (GPU) | 4,218 (Total) | Total Trained: 292,352
          LR: 4.53e-04 | B2: 0.9979 | Seq: 384 | Phase: 1 | CE Loss: 7.2030 | Aux: 16.3312 | VRAM: 2.2GB
[08:40:28] Step 00160 | 1.39 global steps/s | 1.4 local passes/s
          Tok/s: 4,285 (GPU) | 4,285 (Total) | Total Trained: 323,072
          LR: 4.83e-04 | B2: 0.9979 | Seq: 384 | Phase: 1 | CE Loss: 6.9785 | Aux: 16.5941 | VRAM: 2.2GB
[08:40:35] Step 00170 | 1.27 global steps/s | 1.3 local passes/s
          Tok/s: 4,167 (GPU) | 4,167 (Total) | Total Trained: 355,840
          LR: 5.13e-04 | B2: 0.9975 | Seq: 448 | Phase: 1 | CE Loss: 6.9360 | Aux: 16.9182 | VRAM: 2.2GB
[08:40:43] Step 00180 | 1.26 global steps/s | 1.3 local passes/s
          Tok/s: 4,522 (GPU) | 4,522 (Total) | Total Trained: 391,680
          LR: 5.43e-04 | B2: 0.9975 | Seq: 448 | Phase: 1 | CE Loss: 6.8982 | Aux: 16.4305 | VRAM: 2.2GB
[08:40:51] Step 00190 | 1.24 global steps/s | 1.2 local passes/s
          Tok/s: 4,446 (GPU) | 4,446 (Total) | Total Trained: 427,520
          LR: 5.73e-04 | B2: 0.9975 | Seq: 448 | Phase: 1 | CE Loss: 6.9773 | Aux: 15.9917 | VRAM: 2.2GB
[08:40:59] Step 00200 | 1.39 global steps/s | 1.4 local passes/s
          Tok/s: 5,036 (GPU) | 5,036 (Total) | Total Trained: 463,872
          LR: 6.00e-04 | B2: 0.9972 | Seq: 512 | Phase: 1 | CE Loss: 7.1162 | Aux: 16.3460 | VRAM: 2.3GB

--- Validation at Step 200 | Val Loss: 7.1531 ---
Generating Eval Samples...
Prompt: The most important rule of debugging is
Output: The most important rule of debugging is.
Ch of the area of the same and part of the days of the species of the seed thing in the process and banks (B)
-
- spatial way to thousands of the government, so or not only no day- — with the beta. The future is far the important and sure it with a2004, a new other atmosphere and my time to the macro of the your day that energy should not prairie for those, so they these to the nation of the town.
- Are are amy the other people of c and in the basic-hand should each a good part of a point.
“The Saint
------------------------------
Prompt: def calculate_pid(error, integral, derivative):
Output: def calculate_pid(error, integral, derivative): to keep to recent scientists.
As the occurs of a earthquake of that have the time in a part of common care. It is a previous condition.
The United of be published for the good way to learn it from the new Pass to work in the United. However, and people and try, they are here discovered which have been found or when it (uler) and which is there was to; it available- Sur, and a little in the conclusion of these District that space. The town, were not people of the Mal of the "api of the affect of the USA, will have been just her about a other effect
------------------------------
Prompt: As Diluc watched the rain drip down the window,
Output: As Diluc watched the rain drip down the window, and two characteristic of the replacement of vice weeks, as an his doctor, in the risk of he is the original where we are not monument to this plant of we are also possible, these modern and it believed it. I have been one of several of the same of a eastern, the body..., the most extremely and followed the few, it could ask to how the diagnosis of their power to be much to the lower he had been point, it was but done to the becoming school, it is the first still that these momentum and like for amit.
S.
-related, the words of them in the least of
------------------------------
Prompt: As Neil walked down the hallway to his Gundam, 
Output: As Neil walked down the hallway to his Gundam, , Disease, it's each storage of the a single time to be available in the river for a there are now it.
- listen of a great Water.
- When this is the was much more not health one of the other Observatory government and it should been After us that they are the Congress.
I know that is the American errors, but, because and in the source, the river of the corrected.
-
Most usour, so it, do you have the only that every sites each steps in large, they can help or via out.
The form in the same suggested of this conditions, as a
------------------------------

>>> NEW BEST val loss 7.1531 at step 200 -> saved to vesper_linear_checkpoints_tiny_agent_k/step_best
    Total tokens trained: 463,872

[08:42:03] Step 00210 | 1.16 global steps/s | 1.2 local passes/s
          Tok/s: 4,735 (GPU) | 4,735 (Total) | Total Trained: 504,832
          LR: 5.99e-04 | B2: 0.9972 | Seq: 512 | Phase: 1 | CE Loss: 7.0515 | Aux: 16.3158 | VRAM: 2.3GB
[08:42:11] Step 00220 | 1.27 global steps/s | 1.3 local passes/s
          Tok/s: 5,189 (GPU) | 5,189 (Total) | Total Trained: 545,792
          LR: 5.97e-04 | B2: 0.9972 | Seq: 512 | Phase: 1 | CE Loss: 7.0717 | Aux: 16.1535 | VRAM: 2.3GB
[08:42:19] Step 00230 | 1.26 global steps/s | 1.3 local passes/s
          Tok/s: 5,154 (GPU) | 5,154 (Total) | Total Trained: 586,752
          LR: 5.93e-04 | B2: 0.9972 | Seq: 512 | Phase: 1 | CE Loss: 7.1262 | Aux: 16.1631 | VRAM: 2.3GB
[08:42:33] Step 00240 | 0.73 global steps/s | 0.7 local passes/s
          Tok/s: 3,232 (GPU) | 3,232 (Total) | Total Trained: 631,296
          LR: 5.87e-04 | B2: 0.9968 | Seq: 576 | Phase: 1 | CE Loss: 6.8013 | Aux: 15.7940 | VRAM: 2.4GB
[08:42:41] Step 00250 | 1.27 global steps/s | 1.3 local passes/s
          Tok/s: 5,861 (GPU) | 5,861 (Total) | Total Trained: 677,376
          LR: 5.79e-04 | B2: 0.9968 | Seq: 576 | Phase: 1 | CE Loss: 6.7497 | Aux: 15.9934 | VRAM: 2.4GB
[08:42:49] Step 00260 | 1.26 global steps/s | 1.3 local passes/s
          Tok/s: 5,826 (GPU) | 5,826 (Total) | Total Trained: 723,456
          LR: 5.71e-04 | B2: 0.9968 | Seq: 576 | Phase: 1 | CE Loss: 7.0113 | Aux: 16.1724 | VRAM: 2.4GB
[08:42:56] Step 00270 | 1.37 global steps/s | 1.4 local passes/s
          Tok/s: 6,575 (GPU) | 6,575 (Total) | Total Trained: 771,584
          LR: 5.60e-04 | B2: 0.9965 | Seq: 640 | Phase: 1 | CE Loss: 6.8257 | Aux: 16.2771 | VRAM: 2.4GB
[08:43:02] Step 00280 | 1.58 global steps/s | 1.6 local passes/s
          Tok/s: 8,070 (GPU) | 8,070 (Total) | Total Trained: 822,784
          LR: 5.48e-04 | B2: 0.9965 | Seq: 640 | Phase: 1 | CE Loss: 6.7702 | Aux: 15.8710 | VRAM: 2.4GB
[08:43:09] Step 00290 | 1.59 global steps/s | 1.6 local passes/s
          Tok/s: 8,133 (GPU) | 8,133 (Total) | Total Trained: 873,984
          LR: 5.35e-04 | B2: 0.9965 | Seq: 640 | Phase: 1 | CE Loss: 6.9899 | Aux: 16.3079 | VRAM: 2.4GB
[08:43:16] Step 00300 | 1.39 global steps/s | 1.4 local passes/s
          Tok/s: 7,206 (GPU) | 7,206 (Total) | Total Trained: 925,696
          LR: 5.21e-04 | B2: 0.9961 | Seq: 704 | Phase: 1 | CE Loss: 6.8906 | Aux: 16.1230 | VRAM: 2.5GB

--- Validation at Step 300 | Val Loss: 6.9638 ---
Generating Eval Samples...
Prompt: The most important rule of debugging is
Output: The most important rule of debugging is often relatively active to the time, and the project of the fatigue of the treaty of the detector (j) in a colleagues of the size of the world (quality)
- animals a higher spectrum of the project, in a given in thes to the Morris from you can are in them. The average enough to do you have between any days in the trenches of the temperature of the learning and ins.
C) the rest of the United States that there are the soil, while to the electric delegate of the typical down and though of the Mediterranean. The biology in a size of a large set of the surface to the world,
------------------------------
Prompt: def calculate_pid(error, integral, derivative):
Output: def calculate_pid(error, integral, derivative):’s various challenges.
-
The pain, 14 of a Moon?
The same line of the rest of the garage is critical and the first requirement of the required for light.
Power 2001, a two-knownens and died and deal the former, but the agency is that a understanding of the mouse for the degree of the techniques to ensure the error of theim. They are no a necessary to the water (2009) and a clear fix of the re. The fact of the National You've taken to make the Presss ( Frederick.
The concerned of the com.
There is the 1985 issues of the
------------------------------
Prompt: As Diluc watched the rain drip down the window,
Output: As Diluc watched the rain drip down the window, however can help be a benefit of the load. In the United States, the cancer is recorded when these commercial Street, the Chre' also will cause the disease of the public process. If the only, even it was present to a new radio of place.
The National and your competition is a fixed for that a military properties of the type of the world of the government-year, and a natural post-sey
Dis. According to a management for the '3, especially in this is created that
The riv of the machine of the nation (as y) as it to find a serious between the age of the National
------------------------------
Prompt: As Neil walked down the hallway to his Gundam, 
Output: As Neil walked down the hallway to his Gundam, , in the benefits of the animals, and what is affecting the thought in the located.The UN and S.
In a quick, I as we should for the August levels of the extent of all at the memory has been kept, in the United States.
A28 and wooden this is a week by half of the site for any way that should have from a salt.
When the French UNjanand and every differences from his resources, such as a fairization, it's white Africa.
All (W)
- The details of the Dec and can be treated, for such as his work, which already
------------------------------

>>> NEW BEST val loss 6.9638 at step 300 -> saved to vesper_linear_checkpoints_tiny_agent_k/step_best
    Total tokens trained: 925,696

[08:44:21] Step 00310 | 1.33 global steps/s | 1.3 local passes/s
          Tok/s: 7,495 (GPU) | 7,495 (Total) | Total Trained: 982,016
          LR: 5.05e-04 | B2: 0.9961 | Seq: 704 | Phase: 1 | CE Loss: 6.7666 | Aux: 16.3466 | VRAM: 2.5GB
[08:44:29] Step 00320 | 1.23 global steps/s | 1.2 local passes/s
          Tok/s: 6,940 (GPU) | 6,940 (Total) | Total Trained: 1,038,336
          LR: 4.89e-04 | B2: 0.9961 | Seq: 704 | Phase: 1 | CE Loss: 6.8536 | Aux: 16.1418 | VRAM: 2.5GB
[08:44:37] Step 00330 | 1.22 global steps/s | 1.2 local passes/s
          Tok/s: 6,852 (GPU) | 6,852 (Total) | Total Trained: 1,094,656
          LR: 4.71e-04 | B2: 0.9961 | Seq: 704 | Phase: 1 | CE Loss: 6.7387 | Aux: 16.1962 | VRAM: 2.5GB
[08:44:45] Step 00340 | 1.24 global steps/s | 1.2 local passes/s
          Tok/s: 7,437 (GPU) | 7,437 (Total) | Total Trained: 1,154,560
          LR: 4.53e-04 | B2: 0.9957 | Seq: 768 | Phase: 1 | CE Loss: 6.6863 | Aux: 16.3391 | VRAM: 2.6GB
[08:44:53] Step 00350 | 1.31 global steps/s | 1.3 local passes/s
          Tok/s: 8,034 (GPU) | 8,034 (Total) | Total Trained: 1,216,000
          LR: 4.33e-04 | B2: 0.9957 | Seq: 768 | Phase: 1 | CE Loss: 6.7654 | Aux: 16.1765 | VRAM: 2.6GB
[08:45:01] Step 00360 | 1.27 global steps/s | 1.3 local passes/s
          Tok/s: 7,821 (GPU) | 7,821 (Total) | Total Trained: 1,277,440
          LR: 4.13e-04 | B2: 0.9957 | Seq: 768 | Phase: 1 | CE Loss: 6.7650 | Aux: 16.0953 | VRAM: 2.6GB
[08:45:09] Step 00370 | 1.19 global steps/s | 1.2 local passes/s
          Tok/s: 7,526 (GPU) | 7,526 (Total) | Total Trained: 1,340,928
          LR: 3.93e-04 | B2: 0.9954 | Seq: 832 | Phase: 1 | CE Loss: 6.8409 | Aux: 16.0857 | VRAM: 2.6GB
[08:45:18] Step 00380 | 1.20 global steps/s | 1.2 local passes/s
          Tok/s: 7,961 (GPU) | 7,961 (Total) | Total Trained: 1,407,488
          LR: 3.72e-04 | B2: 0.9954 | Seq: 832 | Phase: 1 | CE Loss: 6.6158 | Aux: 16.0942 | VRAM: 2.6GB
[08:45:26] Step 00390 | 1.20 global steps/s | 1.2 local passes/s
          Tok/s: 7,992 (GPU) | 7,992 (Total) | Total Trained: 1,474,048
          LR: 3.51e-04 | B2: 0.9954 | Seq: 832 | Phase: 1 | CE Loss: 6.7514 | Aux: 16.2224 | VRAM: 2.6GB
[08:45:35] Step 00400 | 1.16 global steps/s | 1.2 local passes/s
          Tok/s: 7,774 (GPU) | 7,774 (Total) | Total Trained: 1,541,120
          LR: 3.30e-04 | B2: 0.9950 | Seq: 896 | Phase: 1 | CE Loss: 6.6979 | Aux: 16.0716 | VRAM: 2.7GB

--- Validation at Step 400 | Val Loss: 6.7976 ---
Generating Eval Samples...
Prompt: The most important rule of debugging is
Output: The most important rule of debugging is a lot of other pills or the vehicle.
“The value of the potential objective of severe and other as a opened of the report, a far system at least, especially the classroom of direct data for the world of their culture. As such a better to the term, and he was in addition.
As one all of the bin of the arts is aware of people and lower male-enberg claims of people, and the Royal months.
When the individual platform is making a work to read that U.S. Department of the number of time. The following is the piece of the universe. In addition, the first time of
------------------------------
Prompt: def calculate_pid(error, integral, derivative):
Output: def calculate_pid(error, integral, derivative):), and the mother of the
Amantly
- graphics
- A-H.
When some of the first role of what he had been taken as one of the table in the back day of the v century. There are no only commonly in the same members of the idea of different dioxide.
of some itself, the database's healthy information.
- A.S.
The fast original, of the same base and the class.
Why’s State
- When, the first government of the Bulak, an … dogs, a late growth in time and you are not generated and we are on which the
------------------------------
Prompt: As Diluc watched the rain drip down the window,
Output: As Diluc watched the rain drip down the window, the main way of dogs. The seat are used to be eaten in a kind of a number of water.
In the emissions of the abandoned in a severe power or two quality.
In the fly area, a number of 29ad, that
These, it's an type of them has been derived up into the place of other- typing. The UN Procedures and the well of the country, and the four shortage.
Early 1, the the first chance of individual. One of the states and the actual level for the Internet and the statement of the United States's rules to eat the reason of the case of the history.
------------------------------
Prompt: As Neil walked down the hallway to his Gundam, 
Output: As Neil walked down the hallway to his Gundam, ast, the end of the country. When they are now traced, even some of the leadership. We must reduce the house, even as a industry, you can be expanded a high as the child of the jury and processes.
It is the surface of the whole way you’s other guidelines, the correspondence, a support of the city. One of these said is required and set as a book to facilitate the bridge of experience who were again with physical, you can not tell? It has a formal of the own atmosphere is an text-ruled. As a same discovery of the organisation, the support of a for their own-
------------------------------

>>> NEW BEST val loss 6.7976 at step 400 -> saved to vesper_linear_checkpoints_tiny_agent_k/step_best
    Total tokens trained: 1,541,120

[08:46:35] Step 00410 | 2.25 global steps/s | 2.3 local passes/s
          Tok/s: 16,161 (GPU) | 16,161 (Total) | Total Trained: 1,612,800
          LR: 3.09e-04 | B2: 0.9950 | Seq: 896 | Phase: 1 | CE Loss: 6.4927 | Aux: 16.1859 | VRAM: 2.7GB
[08:46:40] Step 00420 | 2.05 global steps/s | 2.0 local passes/s
          Tok/s: 14,661 (GPU) | 14,661 (Total) | Total Trained: 1,684,480
          LR: 2.88e-04 | B2: 0.9950 | Seq: 896 | Phase: 1 | CE Loss: 6.7079 | Aux: 16.2066 | VRAM: 2.7GB
[08:46:46] Step 00430 | 1.77 global steps/s | 1.8 local passes/s
          Tok/s: 12,713 (GPU) | 12,713 (Total) | Total Trained: 1,756,160
          LR: 2.67e-04 | B2: 0.9950 | Seq: 896 | Phase: 1 | CE Loss: 6.5331 | Aux: 15.9841 | VRAM: 2.7GB
[08:46:52] Step 00440 | 1.74 global steps/s | 1.7 local passes/s
          Tok/s: 13,129 (GPU) | 13,129 (Total) | Total Trained: 1,831,424
          LR: 2.47e-04 | B2: 0.9947 | Seq: 960 | Phase: 1 | CE Loss: 6.6435 | Aux: 16.1616 | VRAM: 2.8GB
[08:46:58] Step 00450 | 1.51 global steps/s | 1.5 local passes/s
          Tok/s: 11,583 (GPU) | 11,583 (Total) | Total Trained: 1,908,224
          LR: 2.27e-04 | B2: 0.9947 | Seq: 960 | Phase: 1 | CE Loss: 6.7146 | Aux: 16.0293 | VRAM: 2.8GB
[08:47:04] Step 00460 | 1.76 global steps/s | 1.8 local passes/s
          Tok/s: 13,526 (GPU) | 13,526 (Total) | Total Trained: 1,985,024
          LR: 2.07e-04 | B2: 0.9947 | Seq: 960 | Phase: 1 | CE Loss: 6.3241 | Aux: 16.0794 | VRAM: 2.8GB
[08:47:09] Step 00470 | 1.87 global steps/s | 1.9 local passes/s
          Tok/s: 14,762 (GPU) | 14,762 (Total) | Total Trained: 2,063,872
          LR: 1.89e-04 | B2: 0.9943 | Seq: 1024 | Phase: 1 | CE Loss: 6.4295 | Aux: 16.0278 | VRAM: 2.8GB
[08:47:15] Step 00480 | 1.83 global steps/s | 1.8 local passes/s
          Tok/s: 14,967 (GPU) | 14,967 (Total) | Total Trained: 2,145,792
          LR: 1.71e-04 | B2: 0.9943 | Seq: 1024 | Phase: 1 | CE Loss: 6.6551 | Aux: 16.1135 | VRAM: 2.8GB
[08:47:20] Step 00490 | 1.86 global steps/s | 1.9 local passes/s
          Tok/s: 15,246 (GPU) | 15,246 (Total) | Total Trained: 2,227,712
          LR: 1.55e-04 | B2: 0.9943 | Seq: 1024 | Phase: 1 | CE Loss: 6.6643 | Aux: 16.1582 | VRAM: 2.8GB
[08:47:32] Step 00500 | 0.86 global steps/s | 0.9 local passes/s
          Tok/s: 7,056 (GPU) | 7,056 (Total) | Total Trained: 2,310,144
          LR: 1.39e-04 | B2: 0.9940 | Seq: 1088 | Phase: 1 | CE Loss: 6.8519 | Aux: 16.1337 | VRAM: 2.9GB

--- Validation at Step 500 | Val Loss: 6.6184 ---
Generating Eval Samples...
Prompt: The most important rule of debugging is
Output: The most important rule of debugging is a specifically.
The Drugo and Hriises.
- The need for the S-5.
Other studies, the tension of time at a USquspring of adequate-cultural custody, often a result of the IT-in thing, using one way.
Over the National part of the clusterians of the latter and allowing the other point.
- The loss of the singular letter is depicted at the home work of the United States.
|(D) on the Constitution); of the same south.
- Makinging, co- polish workers and the 12- volatility Academy of two weakness, was to take
------------------------------
Prompt: def calculate_pid(error, integral, derivative):
Output: def calculate_pid(error, integral, derivative): (which in the L.
In this long, Fano is a Institute about three life.
When the degree of characteristic under the people, they are often located by the blood community.
they the impact of the question of the front and the diagnosis of other container.
- They can always be one of the market's one of the user centers and how a going with other particular babies.
The city of the growing text to the field, through this child can also be noted.
The most important, or a 20,000 world in the cell's or other him. In this 2: 1,no
-
------------------------------
Prompt: As Diluc watched the rain drip down the window,
Output: As Diluc watched the rain drip down the window, e.e.g. by the same statement.
The laws of a religious authorities of lead to other territories in the research. For the point, the phenomenon of the large forms of Agriculture, B.D., R. J. www.D., 2003. D. Let, the concept has been been determined in the surface.
The scope of the people would be able to say that it is the first time to see a birds of the muscles.
- AnThe Federal of the field in the diagnosis in the United States and the development of up with the invention.
The Nationals
- "Position" and E
------------------------------
Prompt: As Neil walked down the hallway to his Gundam, 
Output: As Neil walked down the hallway to his Gundam,  the current
|Like of the Fr, and the Wildlife.
|The US everywhere of the solar Academy of all over risk of the nervous that reflect themselves that are worked for the building and the questions of the paper's B.D.
- W. 17 percent
- Indicators that can be recorded as an private data that was built in the same way that it seems to want the six story in the Medicine.
- etpi – the damage of a period.
The name of the law is applied to the movement of the transparent disorders.
What is possible to make sure its cross and, or from the North and
------------------------------
========================================
MODEL ARCHITECTURE STATS
========================================
Config: small_v2
Dim: 512 | Layers: 8 | Heads: 8 (GQA KV: 2)
MoE: 4 Experts | Top K: 2 | Hidden Dim: 1536
Max Seq Len: 2048
----------------------------------------
Total Parameters:  120.21 M
Active Parameters: 82.47 M (Per Token)
========================================


>>> NEW BEST val loss 6.6184 at step 500 -> saved to vesper_linear_checkpoints_tiny_agent_k/step_best
>>> Saved checkpoint to: vesper_linear_checkpoints_tiny_agent_k/step_500
    Total tokens trained: 2,310,144

[08:48:13] Step 00510 | 1.84 global steps/s | 1.8 local passes/s
          Tok/s: 16,032 (GPU) | 16,032 (Total) | Total Trained: 2,397,184
          LR: 1.25e-04 | B2: 0.9940 | Seq: 1088 | Phase: 1 | CE Loss: 6.6110 | Aux: 16.0911 | VRAM: 2.9GB
[08:48:19] Step 00520 | 1.78 global steps/s | 1.8 local passes/s
          Tok/s: 15,462 (GPU) | 15,462 (Total) | Total Trained: 2,484,224
          LR: 1.12e-04 | B2: 0.9940 | Seq: 1088 | Phase: 1 | CE Loss: 6.7048 | Aux: 16.0689 | VRAM: 2.9GB
[08:48:25] Step 00530 | 1.76 global steps/s | 1.8 local passes/s
          Tok/s: 15,339 (GPU) | 15,339 (Total) | Total Trained: 2,571,264
          LR: 9.98e-05 | B2: 0.9940 | Seq: 1088 | Phase: 1 | CE Loss: 6.7749 | Aux: 17.7103 | VRAM: 2.9GB
[08:48:31] Step 00540 | 1.53 global steps/s | 1.5 local passes/s
          Tok/s: 13,902 (GPU) | 13,902 (Total) | Total Trained: 2,661,888
          LR: 8.94e-05 | B2: 0.9936 | Seq: 1152 | Phase: 1 | CE Loss: 6.4560 | Aux: 16.0198 | VRAM: 3.0GB
[08:48:37] Step 00550 | 1.65 global steps/s | 1.6 local passes/s
          Tok/s: 15,190 (GPU) | 15,190 (Total) | Total Trained: 2,754,048
          LR: 8.06e-05 | B2: 0.9936 | Seq: 1152 | Phase: 1 | CE Loss: 6.3406 | Aux: 16.0802 | VRAM: 3.0GB
[08:48:43] Step 00560 | 1.78 global steps/s | 1.8 local passes/s
          Tok/s: 16,423 (GPU) | 16,423 (Total) | Total Trained: 2,846,208
          LR: 7.32e-05 | B2: 0.9936 | Seq: 1152 | Phase: 1 | CE Loss: 6.3855 | Aux: 16.1432 | VRAM: 3.0GB
[08:48:49] Step 00570 | 1.61 global steps/s | 1.6 local passes/s
          Tok/s: 15,162 (GPU) | 15,162 (Total) | Total Trained: 2,940,416
          LR: 6.75e-05 | B2: 0.9933 | Seq: 1216 | Phase: 1 | CE Loss: 6.7001 | Aux: 16.0762 | VRAM: 3.0GB
[08:48:55] Step 00580 | 1.80 global steps/s | 1.8 local passes/s
          Tok/s: 17,488 (GPU) | 17,488 (Total) | Total Trained: 3,037,696
          LR: 6.33e-05 | B2: 0.9933 | Seq: 1216 | Phase: 1 | CE Loss: 6.4173 | Aux: 15.9771 | VRAM: 3.0GB
[08:49:00] Step 00590 | 1.80 global steps/s | 1.8 local passes/s
          Tok/s: 17,504 (GPU) | 17,504 (Total) | Total Trained: 3,134,976
          LR: 6.08e-05 | B2: 0.9933 | Seq: 1216 | Phase: 1 | CE Loss: 6.2659 | Aux: 16.2042 | VRAM: 3.0GB
